Archive member included to satisfy reference by file (symbol)

d:/sili/developer/toolchains/gnu_arm/12.2.rel1_2023.7/bin/../lib/gcc/arm-none-eabi/12.2.1/thumb/v8-m.main+fp/hard\libgcc.a(_arm_addsubdf3.o)
                              ./app.o (__aeabi_f2d)
d:/sili/developer/toolchains/gnu_arm/12.2.rel1_2023.7/bin/../lib/gcc/arm-none-eabi/12.2.1/thumb/v8-m.main+fp/hard\libgcc.a(_aeabi_ldivmod.o)
                              ./simplicity_sdk_2024.6.2/platform/emlib/src/em_usart.o (__aeabi_ldivmod)
d:/sili/developer/toolchains/gnu_arm/12.2.rel1_2023.7/bin/../lib/gcc/arm-none-eabi/12.2.1/thumb/v8-m.main+fp/hard\libgcc.a(_aeabi_uldivmod.o)
                              ./simplicity_sdk_2024.6.2/platform/emlib/src/em_usart.o (__aeabi_uldivmod)
d:/sili/developer/toolchains/gnu_arm/12.2.rel1_2023.7/bin/../lib/gcc/arm-none-eabi/12.2.1/thumb/v8-m.main+fp/hard\libgcc.a(_udivmoddi4.o)
                              d:/sili/developer/toolchains/gnu_arm/12.2.rel1_2023.7/bin/../lib/gcc/arm-none-eabi/12.2.1/thumb/v8-m.main+fp/hard\libgcc.a(_aeabi_ldivmod.o) (__udivmoddi4)
d:/sili/developer/toolchains/gnu_arm/12.2.rel1_2023.7/bin/../lib/gcc/arm-none-eabi/12.2.1/thumb/v8-m.main+fp/hard\libgcc.a(_dvmd_tls.o)
                              d:/sili/developer/toolchains/gnu_arm/12.2.rel1_2023.7/bin/../lib/gcc/arm-none-eabi/12.2.1/thumb/v8-m.main+fp/hard\libgcc.a(_aeabi_ldivmod.o) (__aeabi_ldiv0)
d:/sili/developer/toolchains/gnu_arm/12.2.rel1_2023.7/bin/../lib/gcc/arm-none-eabi/12.2.1/thumb/v8-m.main+fp/hard\libc_nano.a(libc_a-exit.o)
                              d:/sili/developer/toolchains/gnu_arm/12.2.rel1_2023.7/bin/../lib/gcc/arm-none-eabi/12.2.1/thumb/v8-m.main+fp/hard/crt0.o (exit)
d:/sili/developer/toolchains/gnu_arm/12.2.rel1_2023.7/bin/../lib/gcc/arm-none-eabi/12.2.1/thumb/v8-m.main+fp/hard\libc_nano.a(libc_a-ctype_.o)
                              ./simplicity_sdk_2024.6.2/platform/common/src/sl_string.o (_ctype_)
d:/sili/developer/toolchains/gnu_arm/12.2.rel1_2023.7/bin/../lib/gcc/arm-none-eabi/12.2.1/thumb/v8-m.main+fp/hard\libc_nano.a(libc_a-findfp.o)
                              d:/sili/developer/toolchains/gnu_arm/12.2.rel1_2023.7/bin/../lib/gcc/arm-none-eabi/12.2.1/thumb/v8-m.main+fp/hard\libc_nano.a(libc_a-exit.o) (__stdio_exit_handler)
d:/sili/developer/toolchains/gnu_arm/12.2.rel1_2023.7/bin/../lib/gcc/arm-none-eabi/12.2.1/thumb/v8-m.main+fp/hard\libc_nano.a(libc_a-fwalk.o)
                              d:/sili/developer/toolchains/gnu_arm/12.2.rel1_2023.7/bin/../lib/gcc/arm-none-eabi/12.2.1/thumb/v8-m.main+fp/hard\libc_nano.a(libc_a-findfp.o) (_fwalk_sglue)
d:/sili/developer/toolchains/gnu_arm/12.2.rel1_2023.7/bin/../lib/gcc/arm-none-eabi/12.2.1/thumb/v8-m.main+fp/hard\libc_nano.a(libc_a-printf.o)
                              ./app.o (printf)
d:/sili/developer/toolchains/gnu_arm/12.2.rel1_2023.7/bin/../lib/gcc/arm-none-eabi/12.2.1/thumb/v8-m.main+fp/hard\libc_nano.a(libc_a-setvbuf.o)
                              ./simplicity_sdk_2024.6.2/platform/service/iostream/src/sl_iostream_stdlib_config.o (setvbuf)
d:/sili/developer/toolchains/gnu_arm/12.2.rel1_2023.7/bin/../lib/gcc/arm-none-eabi/12.2.1/thumb/v8-m.main+fp/hard\libc_nano.a(libc_a-sprintf.o)
                              ./app.o (sprintf)
d:/sili/developer/toolchains/gnu_arm/12.2.rel1_2023.7/bin/../lib/gcc/arm-none-eabi/12.2.1/thumb/v8-m.main+fp/hard\libc_nano.a(libc_a-stdio.o)
                              d:/sili/developer/toolchains/gnu_arm/12.2.rel1_2023.7/bin/../lib/gcc/arm-none-eabi/12.2.1/thumb/v8-m.main+fp/hard\libc_nano.a(libc_a-findfp.o) (__sread)
d:/sili/developer/toolchains/gnu_arm/12.2.rel1_2023.7/bin/../lib/gcc/arm-none-eabi/12.2.1/thumb/v8-m.main+fp/hard\libc_nano.a(libc_a-vprintf.o)
                              ./simplicity_sdk_2024.6.2/platform/service/iostream/src/sl_iostream.o (vprintf)
d:/sili/developer/toolchains/gnu_arm/12.2.rel1_2023.7/bin/../lib/gcc/arm-none-eabi/12.2.1/thumb/v8-m.main+fp/hard\libc_nano.a(libc_a-memset.o)
                              d:/sili/developer/toolchains/gnu_arm/12.2.rel1_2023.7/bin/../lib/gcc/arm-none-eabi/12.2.1/thumb/v8-m.main+fp/hard/crt0.o (memset)
d:/sili/developer/toolchains/gnu_arm/12.2.rel1_2023.7/bin/../lib/gcc/arm-none-eabi/12.2.1/thumb/v8-m.main+fp/hard\libc_nano.a(libc_a-closer.o)
                              d:/sili/developer/toolchains/gnu_arm/12.2.rel1_2023.7/bin/../lib/gcc/arm-none-eabi/12.2.1/thumb/v8-m.main+fp/hard\libc_nano.a(libc_a-stdio.o) (_close_r)
d:/sili/developer/toolchains/gnu_arm/12.2.rel1_2023.7/bin/../lib/gcc/arm-none-eabi/12.2.1/thumb/v8-m.main+fp/hard\libc_nano.a(libc_a-reent.o)
                              d:/sili/developer/toolchains/gnu_arm/12.2.rel1_2023.7/bin/../lib/gcc/arm-none-eabi/12.2.1/thumb/v8-m.main+fp/hard\libc_nano.a(libc_a-closer.o) (errno)
d:/sili/developer/toolchains/gnu_arm/12.2.rel1_2023.7/bin/../lib/gcc/arm-none-eabi/12.2.1/thumb/v8-m.main+fp/hard\libc_nano.a(libc_a-impure.o)
[...]
Memory Configuration

Name             Origin             Length             Attributes
FLASH            0x00000000         0x000fe000         xr
RAM              0x20000000         0x00018000         xrw
*default*        0x00000000         0xffffffff

Linker script and memory map

LOAD d:/sili/developer/toolchains/gnu_arm/12.2.rel1_2023.7/bin/../lib/gcc/arm-none-eabi/12.2.1/thumb/v8-m.main+fp/hard/crti.o
LOAD d:/sili/developer/toolchains/gnu_arm/12.2.rel1_2023.7/bin/../lib/gcc/arm-none-eabi/12.2.1/thumb/v8-m.main+fp/hard/crtbegin.o
LOAD d:/sili/developer/toolchains/gnu_arm/12.2.rel1_2023.7/bin/../lib/gcc/arm-none-eabi/12.2.1/thumb/v8-m.main+fp/hard/crt0.o
START GROUP
LOAD ./app.o
LOAD ./main.o
LOAD ./autogen/sl_board_default_init.o
LOAD ./autogen/sl_event_handler.o
LOAD ./autogen/sl_i2cspm_init.o
LOAD ./autogen/sl_iostream_handles.o
LOAD ./bsp/bsp_aht20.o
LOAD ./bsp/bsp_usart.o
LOAD ./driver/aht20.o
LOAD ./simplicity_sdk_2024.6.2/app/common/util/app_log/app_log.o
LOAD ./simplicity_sdk_2024.6.2/hardware/board/src/sl_board_control_gpio.o
LOAD ./simplicity_sdk_2024.6.2/hardware/board/src/sl_board_init.o
LOAD ./simplicity_sdk_2024.6.2/hardware/driver/configuration_over_swo/src/sl_cos.o
LOAD ./simplicity_sdk_2024.6.2/platform/Device/SiliconLabs/EFR32MG21/Source/startup_efr32mg21.o
LOAD ./simplicity_sdk_2024.6.2/platform/Device/SiliconLabs/EFR32MG21/Source/system_efr32mg21.o
LOAD ./simplicity_sdk_2024.6.2/platform/common/src/sl_assert.o
LOAD ./simplicity_sdk_2024.6.2/platform/common/src/sl_core_cortexm.o
LOAD ./simplicity_sdk_2024.6.2/platform/common/src/sl_string.o
LOAD ./simplicity_sdk_2024.6.2/platform/common/src/sl_syscalls.o
LOAD ./simplicity_sdk_2024.6.2/platform/driver/debug/src/sl_debug_swo.o
LOAD ./simplicity_sdk_2024.6.2/platform/driver/i2cspm/src/sl_i2cspm.o
LOAD ./simplicity_sdk_2024.6.2/platform/emdrv/dmadrv/src/dmadrv.o
LOAD ./simplicity_sdk_2024.6.2/platform/emlib/src/em_burtc.o
LOAD ./simplicity_sdk_2024.6.2/platform/emlib/src/em_cmu.o
LOAD ./simplicity_sdk_2024.6.2/platform/emlib/src/em_core.o
LOAD ./simplicity_sdk_2024.6.2/platform/emlib/src/em_emu.o
LOAD ./simplicity_sdk_2024.6.2/platform/emlib/src/em_gpio.o
LOAD ./simplicity_sdk_2024.6.2/platform/emlib/src/em_i2c.o
LOAD ./simplicity_sdk_2024.6.2/platform/emlib/src/em_ldma.o
LOAD ./simplicity_sdk_2024.6.2/platform/emlib/src/em_msc.o
LOAD ./simplicity_sdk_2024.6.2/platform/emlib/src/em_rtcc.o
LOAD ./simplicity_sdk_2024.6.2/platform/emlib/src/em_system.o
LOAD ./simplicity_sdk_2024.6.2/platform/emlib/src/em_timer.o
LOAD ./simplicity_sdk_2024.6.2/platform/emlib/src/em_usart.o
LOAD ./simplicity_sdk_2024.6.2/platform/service/clock_manager/src/sl_clock_manager.o
LOAD ./simplicity_sdk_2024.6.2/platform/service/clock_manager/src/sl_clock_manager_hal_s2.o
LOAD ./simplicity_sdk_2024.6.2/platform/service/clock_manager/src/sl_clock_manager_init.o
LOAD ./simplicity_sdk_2024.6.2/platform/service/clock_manager/src/sl_clock_manager_init_hal_s2.o
LOAD ./simplicity_sdk_2024.6.2/platform/service/device_init/src/sl_device_init_emu_s2.o
LOAD ./simplicity_sdk_2024.6.2/platform/service/device_manager/devices/sl_device_peripheral_hal_efr32xg21.o
LOAD ./simplicity_sdk_2024.6.2/platform/service/device_manager/src/sl_device_clock.o
LOAD ./simplicity_sdk_2024.6.2/platform/service/device_manager/src/sl_device_peripheral.o
LOAD ./simplicity_sdk_2024.6.2/platform/service/interrupt_manager/src/sl_interrupt_manager_cortexm.o
LOAD ./simplicity_sdk_2024.6.2/platform/service/iostream/src/sl_iostream.o
LOAD ./simplicity_sdk_2024.6.2/platform/service/iostream/src/sl_iostream_retarget_stdio.o
LOAD ./simplicity_sdk_2024.6.2/platform/service/iostream/src/sl_iostream_stdlib_config.o
LOAD ./simplicity_sdk_2024.6.2/platform/service/iostream/src/sl_iostream_uart.o
LOAD ./simplicity_sdk_2024.6.2/platform/service/iostream/src/sl_iostream_usart.o
LOAD ./simplicity_sdk_2024.6.2/platform/service/memory_manager/src/sl_memory_manager_region.o
LOAD ./simplicity_sdk_2024.6.2/platform/service/sleeptimer/src/sl_sleeptimer.o
LOAD ./simplicity_sdk_2024.6.2/platform/service/sleeptimer/src/sl_sleeptimer_hal_burtc.o
LOAD ./simplicity_sdk_2024.6.2/platform/service/sleeptimer/src/sl_sleeptimer_hal_prortc.o
LOAD ./simplicity_sdk_2024.6.2/platform/service/sleeptimer/src/sl_sleeptimer_hal_rtcc.o
LOAD ./simplicity_sdk_2024.6.2/platform/service/sleeptimer/src/sl_sleeptimer_hal_timer.o
LOAD ./simplicity_sdk_2024.6.2/platform/service/system/src/sl_system_init.o
LOAD ./simplicity_sdk_2024.6.2/platform/service/system/src/sl_system_process_action.o
LOAD ./simplicity_sdk_2024.6.2/platform/service/udelay/src/sl_udelay.o
LOAD ./simplicity_sdk_2024.6.2/platform/service/udelay/src/sl_udelay_armv6m_gcc.o
LOAD d:/sili/developer/toolchains/gnu_arm/12.2.rel1_2023.7/bin/../lib/gcc/arm-none-eabi/12.2.1/thumb/v8-m.main+fp/hard\libgcc.a
LOAD d:/sili/developer/toolchains/gnu_arm/12.2.rel1_2023.7/bin/../lib/gcc/arm-none-eabi/12.2.1/thumb/v8-m.main+fp/hard\libc_nano.a
LOAD d:/sili/developer/toolchains/gnu_arm/12.2.rel1_2023.7/bin/../lib/gcc/arm-none-eabi/12.2.1/thumb/v8-m.main+fp/hard\libm.a
LOAD d:/sili/developer/toolchains/gnu_arm/12.2.rel1_2023.7/bin/../lib/gcc/arm-none-eabi/12.2.1/thumb/v8-m.main+fp/hard\libnosys.a
END GROUP
START GROUP
LOAD d:/sili/developer/toolchains/gnu_arm/12.2.rel1_2023.7/bin/../lib/gcc/arm-none-eabi/12.2.1/thumb/v8-m.main+fp/hard\libgcc.a
LOAD d:/sili/developer/toolchains/gnu_arm/12.2.rel1_2023.7/bin/../lib/gcc/arm-none-eabi/12.2.1/thumb/v8-m.main+fp/hard\libc_nano.a
LOAD d:/sili/developer/toolchains/gnu_arm/12.2.rel1_2023.7/bin/../lib/gcc/arm-none-eabi/12.2.1/thumb/v8-m.main+fp/hard\libnosys.a
END GROUP
START GROUP
LOAD d:/sili/developer/toolchains/gnu_arm/12.2.rel1_2023.7/bin/../lib/gcc/arm-none-eabi/12.2.1/thumb/v8-m.main+fp/hard\libgcc.a
LOAD d:/sili/developer/toolchains/gnu_arm/12.2.rel1_2023.7/bin/../lib/gcc/arm-none-eabi/12.2.1/thumb/v8-m.main+fp/hard\libg_nano.a
LOAD d:/sili/developer/toolchains/gnu_arm/12.2.rel1_2023.7/bin/../lib/gcc/arm-none-eabi/12.2.1/thumb/v8-m.main+fp/hard\libc_nano.a
END GROUP
START GROUP
LOAD d:/sili/developer/toolchains/gnu_arm/12.2.rel1_2023.7/bin/../lib/gcc/arm-none-eabi/12.2.1/thumb/v8-m.main+fp/hard\libgcc.a
LOAD d:/sili/developer/toolchains/gnu_arm/12.2.rel1_2023.7/bin/../lib/gcc/arm-none-eabi/12.2.1/thumb/v8-m.main+fp/hard\libc_nano.a
END GROUP
LOAD d:/sili/developer/toolchains/gnu_arm/12.2.rel1_2023.7/bin/../lib/gcc/arm-none-eabi/12.2.1/thumb/v8-m.main+fp/hard/crtend.o
LOAD d:/sili/developer/toolchains/gnu_arm/12.2.rel1_2023.7/bin/../lib/gcc/arm-none-eabi/12.2.1/thumb/v8-m.main+fp/hard/crtn.o

.vectors        0x00000000      0x134
                0x00000000                linker_vectors_begin = .
 *(.vectors)
 .vectors       0x00000000      0x134 ./simplicity_sdk_2024.6.2/platform/Device/SiliconLabs/EFR32MG21/Source/startup_efr32mg21.o
                0x00000000                __Vectors
                0x00000134                linker_vectors_end = .
                0x00000134                __Vectors_End = .
                0x00000134                __Vectors_Size = (__Vectors_End - __Vectors)
                0x00000134                __lma_ramfuncs_start__ = .

.stack          0x20000000     0x1000
                0x20000000                . = ALIGN (0x8)
                0x20000000                __StackLimit = .
 *(.stack*)
 .stack         0x20000000     0x1000 ./simplicity_sdk_2024.6.2/platform/service/memory_manager/src/sl_memory_manager_region.o
                0x20001000                . = ALIGN (0x4)
                0x20001000                __StackTop = .
                0x20001000                PROVIDE (__stack = __StackTop)

.noinit
 *(.noinit*)

.bss            0x20001000      0x324
                0x20001000                . = ALIGN (0x4)
                0x20001000                __bss_start__ = .
 *(SORT_BY_ALIGNMENT(.bss*))
 .bss.object.0  0x20001000       0x18 d:/sili/developer/toolchains/gnu_arm/12.2.rel1_2023.7/bin/../lib/gcc/arm-none-eabi/12.2.1/thumb/v8-m.main+fp/hard/crtbegin.o
 .bss.aht20_handle
                0x20001018        0x8 ./bsp/bsp_aht20.o
 .bss.app_log_iostream
                0x20001020        0x4 ./simplicity_sdk_2024.6.2/app/common/util/app_log/app_log.o
                0x20001020                app_log_iostream
 .bss.dmaXfer   0x20001024      0x100 ./simplicity_sdk_2024.6.2/platform/emdrv/dmadrv/src/dmadrv.o
 .bss.chTable   0x20001124       0x80 ./simplicity_sdk_2024.6.2/platform/emdrv/dmadrv/src/dmadrv.o
 .bss.i2cTransfer
                0x200011a4       0x18 ./simplicity_sdk_2024.6.2/platform/emlib/src/em_i2c.o
 .bss.sli_iostream_default
                0x200011bc        0x4 ./simplicity_sdk_2024.6.2/platform/service/iostream/src/sl_iostream.o
 .bss.max_millisecond_conversion
                0x200011c0        0x4 ./simplicity_sdk_2024.6.2/platform/service/sleeptimer/src/sl_sleeptimer.o
 .bss.last_delta_update_count
                0x200011c4        0x4 ./simplicity_sdk_2024.6.2/platform/service/sleeptimer/src/sl_sleeptimer.o
 .bss.timer_head
                0x200011c8        0x4 ./simplicity_sdk_2024.6.2/platform/service/sleeptimer/src/sl_sleeptimer.o
 .bss.timer_frequency
                0x200011cc        0x4 ./simplicity_sdk_2024.6.2/platform/service/sleeptimer/src/sl_sleeptimer.o
 .bss.__sf      0x200011d0      0x138 d:/sili/developer/toolchains/gnu_arm/12.2.rel1_2023.7/bin/../lib/gcc/arm-none-eabi/12.2.1/thumb/v8-m.main+fp/hard\libc_nano.a(libc_a-findfp.o)
                0x200011d0                __sf
 .bss.__stdio_exit_handler
                0x20001308        0x4 d:/sili/developer/toolchains/gnu_arm/12.2.rel1_2023.7/bin/../lib/gcc/arm-none-eabi/12.2.1/thumb/v8-m.main+fp/hard\libc_nano.a(libc_a-findfp.o)
                0x20001308                __stdio_exit_handler
 .bss.errno     0x2000130c        0x4 d:/sili/developer/toolchains/gnu_arm/12.2.rel1_2023.7/bin/../lib/gcc/arm-none-eabi/12.2.1/thumb/v8-m.main+fp/hard\libc_nano.a(libc_a-reent.o)
                0x2000130c                errno
 .bss.__malloc_sbrk_start
                0x20001310        0x4 d:/sili/developer/toolchains/gnu_arm/12.2.rel1_2023.7/bin/../lib/gcc/arm-none-eabi/12.2.1/thumb/v8-m.main+fp/hard\libc_nano.a(libc_a-mallocr.o)
                0x20001310                __malloc_sbrk_start
 .bss.__malloc_free_list
                0x20001314        0x4 d:/sili/developer/toolchains/gnu_arm/12.2.rel1_2023.7/bin/../lib/gcc/arm-none-eabi/12.2.1/thumb/v8-m.main+fp/hard\libc_nano.a(libc_a-mallocr.o)
                0x20001314                __malloc_free_list
 .bss.overflow_counter
                0x20001318        0x2 ./simplicity_sdk_2024.6.2/platform/service/sleeptimer/src/sl_sleeptimer.o
 .bss.completed.1
                0x2000131a        0x1 d:/sili/developer/toolchains/gnu_arm/12.2.rel1_2023.7/bin/../lib/gcc/arm-none-eabi/12.2.1/thumb/v8-m.main+fp/hard/crtbegin.o
 .bss.level_mask_enabled
                0x2000131b        0x1 ./simplicity_sdk_2024.6.2/app/common/util/app_log/app_log.o
 .bss.ctuneDelta
                0x2000131c        0x1 ./simplicity_sdk_2024.6.2/platform/emlib/src/em_cmu.o
 .bss.sleep_on_isr_exit
                0x2000131d        0x1 ./simplicity_sdk_2024.6.2/platform/service/sleeptimer/src/sl_sleeptimer.o
 .bss.next_timer_to_expire_is_power_manager
                0x2000131e        0x1 ./simplicity_sdk_2024.6.2/platform/service/sleeptimer/src/sl_sleeptimer.o
 .bss.is_sleeptimer_initialized
                0x2000131f        0x1 ./simplicity_sdk_2024.6.2/platform/service/sleeptimer/src/sl_sleeptimer.o
 .bss.__lock___malloc_recursive_mutex
                0x20001320        0x1 d:/sili/developer/toolchains/gnu_arm/12.2.rel1_2023.7/bin/../lib/gcc/arm-none-eabi/12.2.1/thumb/v8-m.main+fp/hard\libc_nano.a(libc_a-lock.o)
                0x20001320                __lock___malloc_recursive_mutex
 .bss.__lock___sfp_recursive_mutex
                0x20001321        0x1 d:/sili/developer/toolchains/gnu_arm/12.2.rel1_2023.7/bin/../lib/gcc/arm-none-eabi/12.2.1/thumb/v8-m.main+fp/hard\libc_nano.a(libc_a-lock.o)
                0x20001321                __lock___sfp_recursive_mutex
 *(COMMON)
                0x20001324                . = ALIGN (0x4)
 *fill*         0x20001322        0x2 
                0x20001324                __bss_end__ = .

text_application_ram
                0x20001324        0x0 load address 0x00000134
                0x20001324                . = ALIGN (0x4)
                0x20001324                __vma_ramfuncs_start__ = .
                0x20001324                __text_application_ram_start__ = .
 *(text_application_ram)
                0x20001324                . = ALIGN (0x4)
                0x20001324                __vma_ramfuncs_end__ = .
                0x20001324                __text_application_ram_end__ = .

.rodata         0x00000134        0x0
                0x00000134                __lma_ramfuncs_end__ = .
                0x00000134                __rodata_start__ = .
                0x00000134                __rodata_end__ = .

.text           0x00000140     0x4a80
                0x00000140                linker_code_begin = .
 *(SORT_BY_ALIGNMENT(.text*))
 .text          0x00000140        0x8 ./simplicity_sdk_2024.6.2/platform/service/udelay/src/sl_udelay_armv6m_gcc.o
                0x00000140                sli_delay_loop
 .text.deregister_tm_clones
                0x00000148       0x1c d:/sili/developer/toolchains/gnu_arm/12.2.rel1_2023.7/bin/../lib/gcc/arm-none-eabi/12.2.1/thumb/v8-m.main+fp/hard/crtbegin.o
 .text.register_tm_clones
                0x00000164       0x28 d:/sili/developer/toolchains/gnu_arm/12.2.rel1_2023.7/bin/../lib/gcc/arm-none-eabi/12.2.1/thumb/v8-m.main+fp/hard/crtbegin.o
 .text.__do_global_dtors_aux
                0x0000018c       0x28 d:/sili/developer/toolchains/gnu_arm/12.2.rel1_2023.7/bin/../lib/gcc/arm-none-eabi/12.2.1/thumb/v8-m.main+fp/hard/crtbegin.o
 .text.frame_dummy
                0x000001b4       0x24 d:/sili/developer/toolchains/gnu_arm/12.2.rel1_2023.7/bin/../lib/gcc/arm-none-eabi/12.2.1/thumb/v8-m.main+fp/hard/crtbegin.o
 .text          0x000001d8       0x7c d:/sili/developer/toolchains/gnu_arm/12.2.rel1_2023.7/bin/../lib/gcc/arm-none-eabi/12.2.1/thumb/v8-m.main+fp/hard/crt0.o
                0x000001d8                _stack_init
                0x000001e0                _start
                0x000001e0                _mainCRTStartup
 .text.app_init
                0x00000254       0x6c ./app.o
                0x00000254                app_init
 .text.app_process_action
                0x000002c0       0x50 ./app.o
                0x000002c0                app_process_action
 .text.sl_platform_init
                0x00000310       0xa8 ./autogen/sl_event_handler.o
                0x00000310                sl_platform_init
 .text.sl_i2cspm_init_instances
                0x000003b8       0x1c ./autogen/sl_i2cspm_init.o
                0x000003b8                sl_i2cspm_init_instances
 .text.bsp_aht20_read
                0x000003d4       0x10 ./bsp/bsp_aht20.o
                0x000003d4                bsp_aht20_read
 .text.bsp_usart_init
                0x000003e4       0x68 ./bsp/bsp_usart.o
                0x000003e4                bsp_usart_init
 .text.bsp_usart_send_char
                0x0000044c        0xc ./bsp/bsp_usart.o
                0x0000044c                bsp_usart_send_char
 .text.aht20_init
                0x00000458       0x80 ./driver/aht20.o
                0x00000458                aht20_init
 .text.aht20_read_data
                0x000004d8       0xd8 ./driver/aht20.o
                0x000004d8                aht20_read_data
 .text.app_log_init
                0x000005b0       0x38 ./simplicity_sdk_2024.6.2/app/common/util/app_log/app_log.o
                0x000005b0                app_log_init
 .text.sl_board_init
                0x000005e8       0x14 ./simplicity_sdk_2024.6.2/hardware/board/src/sl_board_init.o
                0x000005e8                sl_board_init
 .text.sl_board_preinit
                0x000005fc        0xc ./simplicity_sdk_2024.6.2/hardware/board/src/sl_board_init.o
                0x000005fc                sl_board_preinit
 .text.CopyToRam
                0x00000608       0x1c ./simplicity_sdk_2024.6.2/platform/Device/SiliconLabs/EFR32MG21/Source/startup_efr32mg21.o
                0x00000608                CopyToRam
 .text.Reset_Handler
                0x00000624       0x64 ./simplicity_sdk_2024.6.2/platform/Device/SiliconLabs/EFR32MG21/Source/startup_efr32mg21.o
                0x00000624                Reset_Handler
 .text.SystemInit
                0x00000688       0x58 ./simplicity_sdk_2024.6.2/platform/Device/SiliconLabs/EFR32MG21/Source/system_efr32mg21.o
                0x00000688                SystemInit
 .text.SystemHFRCODPLLClockGet
                0x000006e0        0xc ./simplicity_sdk_2024.6.2/platform/Device/SiliconLabs/EFR32MG21/Source/system_efr32mg21.o
                0x000006e0                SystemHFRCODPLLClockGet
 .text.SystemHFRCODPLLClockSet
                0x000006ec        0xc ./simplicity_sdk_2024.6.2/platform/Device/SiliconLabs/EFR32MG21/Source/system_efr32mg21.o
                0x000006ec                SystemHFRCODPLLClockSet
 .text.SystemSYSCLKGet
                0x000006f8       0x34 ./simplicity_sdk_2024.6.2/platform/Device/SiliconLabs/EFR32MG21/Source/system_efr32mg21.o
                0x000006f8                SystemSYSCLKGet
 .text.SystemHCLKGet
                0x0000072c       0x24 ./simplicity_sdk_2024.6.2/platform/Device/SiliconLabs/EFR32MG21/Source/system_efr32mg21.o
                0x0000072c                SystemHCLKGet
 .text.SystemMaxCoreClockGet
                0x00000750        0x8 ./simplicity_sdk_2024.6.2/platform/Device/SiliconLabs/EFR32MG21/Source/system_efr32mg21.o
                0x00000750                SystemMaxCoreClockGet
 .text.SystemHFXOClockGet
                0x00000758        0xc ./simplicity_sdk_2024.6.2/platform/Device/SiliconLabs/EFR32MG21/Source/system_efr32mg21.o
                0x00000758                SystemHFXOClockGet
 .text.SystemHFXOClockSet
                0x00000764       0x20 ./simplicity_sdk_2024.6.2/platform/Device/SiliconLabs/EFR32MG21/Source/system_efr32mg21.o
                0x00000764                SystemHFXOClockSet
 .text.SystemFSRCOClockGet
                0x00000784        0x8 ./simplicity_sdk_2024.6.2/platform/Device/SiliconLabs/EFR32MG21/Source/system_efr32mg21.o
                0x00000784                SystemFSRCOClockGet
 .text.SystemHFRCOEM23ClockGet
                0x0000078c       0x88 ./simplicity_sdk_2024.6.2/platform/Device/SiliconLabs/EFR32MG21/Source/system_efr32mg21.o
                0x0000078c                SystemHFRCOEM23ClockGet
 .text.SystemLFXOClockGet
                0x00000814        0xc ./simplicity_sdk_2024.6.2/platform/Device/SiliconLabs/EFR32MG21/Source/system_efr32mg21.o
                0x00000814                SystemLFXOClockGet
 .text.sl_debug_swo_init
                0x00000820       0xcc ./simplicity_sdk_2024.6.2/platform/driver/debug/src/sl_debug_swo.o
                0x00000820                sl_debug_swo_init
 .text.I2CSPM_Init
                0x000008ec      0x148 ./simplicity_sdk_2024.6.2/platform/driver/i2cspm/src/sl_i2cspm.o
                0x000008ec                I2CSPM_Init
 .text.I2CSPM_Transfer
                0x00000a34       0x20 ./simplicity_sdk_2024.6.2/platform/driver/i2cspm/src/sl_i2cspm.o
                0x00000a34                I2CSPM_Transfer
 .text.LDMA_IRQHandler
                0x00000a54       0x74 ./simplicity_sdk_2024.6.2/platform/emdrv/dmadrv/src/dmadrv.o
                0x00000a54                LDMA_IRQHandler
 .text.flashWaitStateControl
                0x00000ac8       0x60 ./simplicity_sdk_2024.6.2/platform/emlib/src/em_cmu.o
 .text.HFRCODPLLDevinfoGet
                0x00000b28      0x108 ./simplicity_sdk_2024.6.2/platform/emlib/src/em_cmu.o
 .text.traceClkGet
                0x00000c30       0x48 ./simplicity_sdk_2024.6.2/platform/emlib/src/em_cmu.o
 .text.em01GrpaClkGet
                0x00000c78       0x64 ./simplicity_sdk_2024.6.2/platform/emlib/src/em_cmu.o
 .text.iadcClkGet
                0x00000cdc       0x60 ./simplicity_sdk_2024.6.2/platform/emlib/src/em_cmu.o
 .text.em23GrpaClkGet
                0x00000d3c       0x48 ./simplicity_sdk_2024.6.2/platform/emlib/src/em_cmu.o
 .text.em4GrpaClkGet
                0x00000d84       0x48 ./simplicity_sdk_2024.6.2/platform/emlib/src/em_cmu.o
 .text.wdog0ClkGet
                0x00000dcc       0x64 ./simplicity_sdk_2024.6.2/platform/emlib/src/em_cmu.o
 .text.wdog1ClkGet
                0x00000e30       0x64 ./simplicity_sdk_2024.6.2/platform/emlib/src/em_cmu.o
 .text.rtccClkGet
                0x00000e94       0x54 ./simplicity_sdk_2024.6.2/platform/emlib/src/em_cmu.o
 .text.dpllRefClkGet
                0x00000ee8       0x48 ./simplicity_sdk_2024.6.2/platform/emlib/src/em_cmu.o
 .text.CMU_ClockDivGet
                0x00000f30       0x50 ./simplicity_sdk_2024.6.2/platform/emlib/src/em_cmu.o
                0x00000f30                CMU_ClockDivGet
 .text.CMU_ClockFreqGet
                0x00000f80      0x104 ./simplicity_sdk_2024.6.2/platform/emlib/src/em_cmu.o
                0x00000f80                CMU_ClockFreqGet
 .text.pclkDivOptimize
                0x00001084       0x20 ./simplicity_sdk_2024.6.2/platform/emlib/src/em_cmu.o
 .text.CMU_ClockDivSet
                0x000010a4       0xac ./simplicity_sdk_2024.6.2/platform/emlib/src/em_cmu.o
                0x000010a4                CMU_ClockDivSet
 .text.CMU_ClockSelectGet
                0x00001150       0xf8 ./simplicity_sdk_2024.6.2/platform/emlib/src/em_cmu.o
                0x00001150                CMU_ClockSelectGet
 .text.sli_em_cmu_SYSTICEXTCLKENClear
                0x00001248       0x10 ./simplicity_sdk_2024.6.2/platform/emlib/src/em_cmu.o
                0x00001248                sli_em_cmu_SYSTICEXTCLKENClear
 .text.CMU_HFRCODPLLBandSet
                0x00001258       0xd0 ./simplicity_sdk_2024.6.2/platform/emlib/src/em_cmu.o
                0x00001258                CMU_HFRCODPLLBandSet
 .text.CMU_HFXOInit
                0x00001328      0x1cc ./simplicity_sdk_2024.6.2/platform/emlib/src/em_cmu.o
                0x00001328                CMU_HFXOInit
 .text.CMU_HFXOCTuneDeltaGet
                0x000014f4        0xc ./simplicity_sdk_2024.6.2/platform/emlib/src/em_cmu.o
                0x000014f4                CMU_HFXOCTuneDeltaGet
 .text.CMU_LFXOInit
                0x00001500       0xb8 ./simplicity_sdk_2024.6.2/platform/emlib/src/em_cmu.o
                0x00001500                CMU_LFXOInit
 .text.CMU_LFXOPrecisionSet
                0x000015b8        0xc ./simplicity_sdk_2024.6.2/platform/emlib/src/em_cmu.o
                0x000015b8                CMU_LFXOPrecisionSet
 .text.CMU_HFXOPrecisionSet
                0x000015c4        0xc ./simplicity_sdk_2024.6.2/platform/emlib/src/em_cmu.o
                0x000015c4                CMU_HFXOPrecisionSet
 .text.CMU_HFRCOEM23BandSet
                0x000015d0      0x144 ./simplicity_sdk_2024.6.2/platform/emlib/src/em_cmu.o
                0x000015d0                CMU_HFRCOEM23BandSet
 .text.EMU_EM4Init
                0x00001714       0x14 ./simplicity_sdk_2024.6.2/platform/emlib/src/em_emu.o
                0x00001714                EMU_EM4Init
 .text.GPIO_PinOutSet
                0x00001728       0x40 ./simplicity_sdk_2024.6.2/platform/emlib/src/em_gpio.o
 .text.GPIO_PinOutClear
                0x00001768       0x40 ./simplicity_sdk_2024.6.2/platform/emlib/src/em_gpio.o
 .text.GPIO_PinModeSet
                0x000017a8       0x90 ./simplicity_sdk_2024.6.2/platform/emlib/src/em_gpio.o
                0x000017a8                GPIO_PinModeSet
 .text.I2C_BusFreqSet
                0x00001838      0x10c ./simplicity_sdk_2024.6.2/platform/emlib/src/em_i2c.o
                0x00001838                I2C_BusFreqSet
 .text.I2C_Enable
                0x00001944       0x3c ./simplicity_sdk_2024.6.2/platform/emlib/src/em_i2c.o
                0x00001944                I2C_Enable
 .text.I2C_Init
                0x00001980       0x68 ./simplicity_sdk_2024.6.2/platform/emlib/src/em_i2c.o
                0x00001980                I2C_Init
 .text.I2C_Transfer
                0x000019e8      0x240 ./simplicity_sdk_2024.6.2/platform/emlib/src/em_i2c.o
                0x000019e8                I2C_Transfer
 .text.I2C_TransferInit
                0x00001c28       0xc0 ./simplicity_sdk_2024.6.2/platform/emlib/src/em_i2c.o
                0x00001c28                I2C_TransferInit
 .text.RTCC_ChannelInit
                0x00001ce8       0x48 ./simplicity_sdk_2024.6.2/platform/emlib/src/em_rtcc.o
                0x00001ce8                RTCC_ChannelInit
 .text.RTCC_Enable
                0x00001d30       0x54 ./simplicity_sdk_2024.6.2/platform/emlib/src/em_rtcc.o
                0x00001d30                RTCC_Enable
 .text.RTCC_Init
                0x00001d84       0x48 ./simplicity_sdk_2024.6.2/platform/emlib/src/em_rtcc.o
                0x00001d84                RTCC_Init
 .text.SYSTEM_ChipRevisionGet
                0x00001dcc       0x1c ./simplicity_sdk_2024.6.2/platform/emlib/src/em_system.o
                0x00001dcc                SYSTEM_ChipRevisionGet
 .text.prsRxInput
                0x00001de8       0x44 ./simplicity_sdk_2024.6.2/platform/emlib/src/em_usart.o
 .text.USART_BaudrateAsyncSet
                0x00001e2c       0xe0 ./simplicity_sdk_2024.6.2/platform/emlib/src/em_usart.o
                0x00001e2c                USART_BaudrateAsyncSet
 .text.USART_Reset
                0x00001f0c       0x80 ./simplicity_sdk_2024.6.2/platform/emlib/src/em_usart.o
                0x00001f0c                USART_Reset
 .text.USART_InitAsync
                0x00001f8c      0x124 ./simplicity_sdk_2024.6.2/platform/emlib/src/em_usart.o
                0x00001f8c                USART_InitAsync
 .text.sli_clock_manager_hal_init
                0x000020b0      0x1a4 ./simplicity_sdk_2024.6.2/platform/service/clock_manager/src/sl_clock_manager_init_hal_s2.o
                0x000020b0                sli_clock_manager_hal_init
 .text.sl_device_init_emu
                0x00002254       0x24 ./simplicity_sdk_2024.6.2/platform/service/device_init/src/sl_device_init_emu_s2.o
                0x00002254                sl_device_init_emu
 .text.sl_interrupt_manager_enable_irq
                0x00002278       0x34 ./simplicity_sdk_2024.6.2/platform/service/interrupt_manager/src/sl_interrupt_manager_cortexm.o
                0x00002278                sl_interrupt_manager_enable_irq
 .text.sl_interrupt_manager_clear_irq_pending
                0x000022ac       0x1c ./simplicity_sdk_2024.6.2/platform/service/interrupt_manager/src/sl_interrupt_manager_cortexm.o
                0x000022ac                sl_interrupt_manager_clear_irq_pending
 .text.sl_interrupt_manager_set_irq_priority
                0x000022c8       0x50 ./simplicity_sdk_2024.6.2/platform/service/interrupt_manager/src/sl_interrupt_manager_cortexm.o
                0x000022c8                sl_interrupt_manager_set_irq_priority
 .text.sl_iostream_get_default
                0x00002318       0x18 ./simplicity_sdk_2024.6.2/platform/service/iostream/src/sl_iostream.o
                0x00002318                sl_iostream_get_default
 .text._write   0x00002330       0x20 ./simplicity_sdk_2024.6.2/platform/service/iostream/src/sl_iostream_retarget_stdio.o
                0x00002330                _write
 .text.sl_iostream_stdlib_disable_buffering
                0x00002350       0x14 ./simplicity_sdk_2024.6.2/platform/service/iostream/src/sl_iostream_stdlib_config.o
                0x00002350                sl_iostream_stdlib_disable_buffering
 .text._sbrk    0x00002364       0x20 ./simplicity_sdk_2024.6.2/platform/service/memory_manager/src/sl_memory_manager_region.o
                0x00002364                _sbrk
 .text.delta_list_insert_timer
                0x00002384       0x40 ./simplicity_sdk_2024.6.2/platform/service/sleeptimer/src/sl_sleeptimer.o
 .text.update_delta_list
                0x000023c4       0x34 ./simplicity_sdk_2024.6.2/platform/service/sleeptimer/src/sl_sleeptimer.o
 .text.set_comparator_for_next_timer
                0x000023f8       0x5c ./simplicity_sdk_2024.6.2/platform/service/sleeptimer/src/sl_sleeptimer.o
 .text.create_timer
                0x00002454       0x88 ./simplicity_sdk_2024.6.2/platform/service/sleeptimer/src/sl_sleeptimer.o
 .text.delta_list_remove_timer
                0x000024dc       0x38 ./simplicity_sdk_2024.6.2/platform/service/sleeptimer/src/sl_sleeptimer.o
 .text.sl_sleeptimer_init
                0x00002514       0x74 ./simplicity_sdk_2024.6.2/platform/service/sleeptimer/src/sl_sleeptimer.o
                0x00002514                sl_sleeptimer_init
 .text.sl_sleeptimer_is_timer_running
                0x00002588       0x3c ./simplicity_sdk_2024.6.2/platform/service/sleeptimer/src/sl_sleeptimer.o
                0x00002588                sl_sleeptimer_is_timer_running
 .text.sl_sleeptimer_ms_to_tick
                0x000025c4       0x24 ./simplicity_sdk_2024.6.2/platform/service/sleeptimer/src/sl_sleeptimer.o
                0x000025c4                sl_sleeptimer_ms_to_tick
 .text.sl_sleeptimer_delay_millisecond
                0x000025e8       0x38 ./simplicity_sdk_2024.6.2/platform/service/sleeptimer/src/sl_sleeptimer.o
                0x000025e8                sl_sleeptimer_delay_millisecond
 .text.process_timer_irq
                0x00002620      0x150 ./simplicity_sdk_2024.6.2/platform/service/sleeptimer/src/sl_sleeptimer.o
                0x00002620                process_timer_irq
 .text.sleeptimer_hal_init_timer
                0x00002770       0x80 ./simplicity_sdk_2024.6.2/platform/service/sleeptimer/src/sl_sleeptimer_hal_rtcc.o
                0x00002770                sleeptimer_hal_init_timer
 .text.sleeptimer_hal_set_compare
                0x000027f0       0x64 ./simplicity_sdk_2024.6.2/platform/service/sleeptimer/src/sl_sleeptimer_hal_rtcc.o
                0x000027f0                sleeptimer_hal_set_compare
 .text.sleeptimer_hal_disable_int
                0x00002854       0x30 ./simplicity_sdk_2024.6.2/platform/service/sleeptimer/src/sl_sleeptimer_hal_rtcc.o
                0x00002854                sleeptimer_hal_disable_int
 .text.sleeptimer_hal_set_int
                0x00002884       0x10 ./simplicity_sdk_2024.6.2/platform/service/sleeptimer/src/sl_sleeptimer_hal_rtcc.o
                0x00002884                sleeptimer_hal_set_int
 .text.RTCC_IRQHandler
                0x00002894       0x34 ./simplicity_sdk_2024.6.2/platform/service/sleeptimer/src/sl_sleeptimer_hal_rtcc.o
                0x00002894                RTCC_IRQHandler
 .text.sleeptimer_hal_get_timer_frequency
                0x000028c8       0x20 ./simplicity_sdk_2024.6.2/platform/service/sleeptimer/src/sl_sleeptimer_hal_rtcc.o
                0x000028c8                sleeptimer_hal_get_timer_frequency
 .text.sl_udelay_wait
                0x000028e8       0x58 ./simplicity_sdk_2024.6.2/platform/service/udelay/src/sl_udelay.o
                0x000028e8                sl_udelay_wait
 .text          0x00002940      0x378 d:/sili/developer/toolchains/gnu_arm/12.2.rel1_2023.7/bin/../lib/gcc/arm-none-eabi/12.2.1/thumb/v8-m.main+fp/hard\libgcc.a(_arm_addsubdf3.o)
                0x00002940                __aeabi_drsub
                0x00002948                __aeabi_dsub
                0x00002948                __subdf3
                0x0000294c                __aeabi_dadd
                0x0000294c                __adddf3
                0x00002bc4                __floatunsidf
                0x00002bc4                __aeabi_ui2d
                0x00002be4                __floatsidf
                0x00002be4                __aeabi_i2d
                0x00002c08                __aeabi_f2d
                0x00002c08                __extendsfdf2
                0x00002c4c                __floatundidf
                0x00002c4c                __aeabi_ul2d
                0x00002c5c                __floatdidf
                0x00002c5c                __aeabi_l2d
 .text          0x00002cb8       0x30 d:/sili/developer/toolchains/gnu_arm/12.2.rel1_2023.7/bin/../lib/gcc/arm-none-eabi/12.2.1/thumb/v8-m.main+fp/hard\libgcc.a(_aeabi_uldivmod.o)
                0x00002cb8                __aeabi_uldivmod
 .text.__udivmoddi4
                0x00002ce8      0x2ec d:/sili/developer/toolchains/gnu_arm/12.2.rel1_2023.7/bin/../lib/gcc/arm-none-eabi/12.2.1/thumb/v8-m.main+fp/hard\libgcc.a(_udivmoddi4.o)
                0x00002ce8                __udivmoddi4
 .text          0x00002fd4        0x4 d:/sili/developer/toolchains/gnu_arm/12.2.rel1_2023.7/bin/../lib/gcc/arm-none-eabi/12.2.1/thumb/v8-m.main+fp/hard\libgcc.a(_dvmd_tls.o)
                0x00002fd4                __aeabi_idiv0
                0x00002fd4                __aeabi_ldiv0
 .text.exit     0x00002fd8       0x24 d:/sili/developer/toolchains/gnu_arm/12.2.rel1_2023.7/bin/../lib/gcc/arm-none-eabi/12.2.1/thumb/v8-m.main+fp/hard\libc_nano.a(libc_a-exit.o)
                0x00002fd8                exit
 .text.std      0x00002ffc       0x6c d:/sili/developer/toolchains/gnu_arm/12.2.rel1_2023.7/bin/../lib/gcc/arm-none-eabi/12.2.1/thumb/v8-m.main+fp/hard\libc_nano.a(libc_a-findfp.o)
 .text.stdio_exit_handler
                0x00003068       0x18 d:/sili/developer/toolchains/gnu_arm/12.2.rel1_2023.7/bin/../lib/gcc/arm-none-eabi/12.2.1/thumb/v8-m.main+fp/hard\libc_nano.a(libc_a-findfp.o)
 .text.cleanup_stdio
                0x00003080       0x40 d:/sili/developer/toolchains/gnu_arm/12.2.rel1_2023.7/bin/../lib/gcc/arm-none-eabi/12.2.1/thumb/v8-m.main+fp/hard\libc_nano.a(libc_a-findfp.o)
 .text.global_stdio_init.part.0
                0x000030c0       0x3c d:/sili/developer/toolchains/gnu_arm/12.2.rel1_2023.7/bin/../lib/gcc/arm-none-eabi/12.2.1/thumb/v8-m.main+fp/hard\libc_nano.a(libc_a-findfp.o)
 .text.__sfp_lock_acquire
                0x000030fc        0xc d:/sili/developer/toolchains/gnu_arm/12.2.rel1_2023.7/bin/../lib/gcc/arm-none-eabi/12.2.1/thumb/v8-m.main+fp/hard\libc_nano.a(libc_a-findfp.o)
                0x000030fc                __sfp_lock_acquire
 .text.__sfp_lock_release
                0x00003108        0xc d:/sili/developer/toolchains/gnu_arm/12.2.rel1_2023.7/bin/../lib/gcc/arm-none-eabi/12.2.1/thumb/v8-m.main+fp/hard\libc_nano.a(libc_a-findfp.o)
                0x00003108                __sfp_lock_release
 .text.__sinit  0x00003114       0x30 d:/sili/developer/toolchains/gnu_arm/12.2.rel1_2023.7/bin/../lib/gcc/arm-none-eabi/12.2.1/thumb/v8-m.main+fp/hard\libc_nano.a(libc_a-findfp.o)
                0x00003114                __sinit
 .text.printf   0x00003144       0x24 d:/sili/developer/toolchains/gnu_arm/12.2.rel1_2023.7/bin/../lib/gcc/arm-none-eabi/12.2.1/thumb/v8-m.main+fp/hard\libc_nano.a(libc_a-printf.o)
                0x00003144                iprintf
                0x00003144                printf
 .text.setvbuf  0x00003168      0x168 d:/sili/developer/toolchains/gnu_arm/12.2.rel1_2023.7/bin/../lib/gcc/arm-none-eabi/12.2.1/thumb/v8-m.main+fp/hard\libc_nano.a(libc_a-setvbuf.o)
                0x00003168                setvbuf
 .text.sprintf  0x000032d0       0x40 d:/sili/developer/toolchains/gnu_arm/12.2.rel1_2023.7/bin/../lib/gcc/arm-none-eabi/12.2.1/thumb/v8-m.main+fp/hard\libc_nano.a(libc_a-sprintf.o)
                0x000032d0                siprintf
                0x000032d0                sprintf
 .text._close_r
                0x00003310       0x20 d:/sili/developer/toolchains/gnu_arm/12.2.rel1_2023.7/bin/../lib/gcc/arm-none-eabi/12.2.1/thumb/v8-m.main+fp/hard\libc_nano.a(libc_a-closer.o)
                0x00003310                _close_r
 .text._lseek_r
                0x00003330       0x24 d:/sili/developer/toolchains/gnu_arm/12.2.rel1_2023.7/bin/../lib/gcc/arm-none-eabi/12.2.1/thumb/v8-m.main+fp/hard\libc_nano.a(libc_a-lseekr.o)
                0x00003330                _lseek_r
 .text._read_r  0x00003354       0x24 d:/sili/developer/toolchains/gnu_arm/12.2.rel1_2023.7/bin/../lib/gcc/arm-none-eabi/12.2.1/thumb/v8-m.main+fp/hard\libc_nano.a(libc_a-readr.o)
                0x00003354                _read_r
 .text._write_r
                0x00003378       0x24 d:/sili/developer/toolchains/gnu_arm/12.2.rel1_2023.7/bin/../lib/gcc/arm-none-eabi/12.2.1/thumb/v8-m.main+fp/hard\libc_nano.a(libc_a-writer.o)
                0x00003378                _write_r
 .text.__libc_init_array
                0x0000339c       0x48 d:/sili/developer/toolchains/gnu_arm/12.2.rel1_2023.7/bin/../lib/gcc/arm-none-eabi/12.2.1/thumb/v8-m.main+fp/hard\libc_nano.a(libc_a-init.o)
                0x0000339c                __libc_init_array
 .text._free_r  0x000033e4       0x94 d:/sili/developer/toolchains/gnu_arm/12.2.rel1_2023.7/bin/../lib/gcc/arm-none-eabi/12.2.1/thumb/v8-m.main+fp/hard\libc_nano.a(libc_a-freer.o)
                0x000033e4                _free_r
 .text.malloc   0x00003478       0x10 d:/sili/developer/toolchains/gnu_arm/12.2.rel1_2023.7/bin/../lib/gcc/arm-none-eabi/12.2.1/thumb/v8-m.main+fp/hard\libc_nano.a(libc_a-malloc.o)
                0x00003478                malloc
 .text.sbrk_aligned
                0x00003488       0x44 d:/sili/developer/toolchains/gnu_arm/12.2.rel1_2023.7/bin/../lib/gcc/arm-none-eabi/12.2.1/thumb/v8-m.main+fp/hard\libc_nano.a(libc_a-mallocr.o)
 .text._malloc_r
                0x000034cc       0xf0 d:/sili/developer/toolchains/gnu_arm/12.2.rel1_2023.7/bin/../lib/gcc/arm-none-eabi/12.2.1/thumb/v8-m.main+fp/hard\libc_nano.a(libc_a-mallocr.o)
                0x000034cc                _malloc_r
 .text.__malloc_lock
                0x000035bc        0xc d:/sili/developer/toolchains/gnu_arm/12.2.rel1_2023.7/bin/../lib/gcc/arm-none-eabi/12.2.1/thumb/v8-m.main+fp/hard\libc_nano.a(libc_a-mlock.o)
                0x000035bc                __malloc_lock
 .text.__malloc_unlock
                0x000035c8        0xc d:/sili/developer/toolchains/gnu_arm/12.2.rel1_2023.7/bin/../lib/gcc/arm-none-eabi/12.2.1/thumb/v8-m.main+fp/hard\libc_nano.a(libc_a-mlock.o)
                0x000035c8                __malloc_unlock
 .text._svfprintf_r
                0x000035d4      0x1f8 d:/sili/developer/toolchains/gnu_arm/12.2.rel1_2023.7/bin/../lib/gcc/arm-none-eabi/12.2.1/thumb/v8-m.main+fp/hard\libc_nano.a(libc_a-nano-svfprintf.o)
                0x000035d4                _svfiprintf_r
                0x000035d4                _svfprintf_r
 .text._vfprintf_r
                0x000037cc      0x230 d:/sili/developer/toolchains/gnu_arm/12.2.rel1_2023.7/bin/../lib/gcc/arm-none-eabi/12.2.1/thumb/v8-m.main+fp/hard\libc_nano.a(libc_a-nano-vfprintf.o)
                0x000037cc                _vfprintf_r
                0x000037cc                _vfiprintf_r
 .text._printf_i
                0x000039fc      0x258 d:/sili/developer/toolchains/gnu_arm/12.2.rel1_2023.7/bin/../lib/gcc/arm-none-eabi/12.2.1/thumb/v8-m.main+fp/hard\libc_nano.a(libc_a-nano-vfprintf_i.o)
                0x000039fc                _printf_i
 .text.__swsetup_r
                0x00003c54       0xac d:/sili/developer/toolchains/gnu_arm/12.2.rel1_2023.7/bin/../lib/gcc/arm-none-eabi/12.2.1/thumb/v8-m.main+fp/hard\libc_nano.a(libc_a-wsetup.o)
                0x00003c54                __swsetup_r
 .text._fstat_r
                0x00003d00       0x24 d:/sili/developer/toolchains/gnu_arm/12.2.rel1_2023.7/bin/../lib/gcc/arm-none-eabi/12.2.1/thumb/v8-m.main+fp/hard\libc_nano.a(libc_a-fstatr.o)
                0x00003d00                _fstat_r
 .text._isatty_r
                0x00003d24       0x20 d:/sili/developer/toolchains/gnu_arm/12.2.rel1_2023.7/bin/../lib/gcc/arm-none-eabi/12.2.1/thumb/v8-m.main+fp/hard\libc_nano.a(libc_a-isattyr.o)
                0x00003d24                _isatty_r
 .text._sbrk_r  0x00003d44       0x20 d:/sili/developer/toolchains/gnu_arm/12.2.rel1_2023.7/bin/../lib/gcc/arm-none-eabi/12.2.1/thumb/v8-m.main+fp/hard\libc_nano.a(libc_a-sbrkr.o)
                0x00003d44                _sbrk_r
 .text.startup.main
                0x00003d64       0x14 ./main.o
                0x00003d64                main
 .text.sl_board_default_init
                0x00003d78        0x4 ./autogen/sl_board_default_init.o
                0x00003d78                sl_board_default_init
 .text.sl_driver_init
                0x00003d7c       0x12 ./autogen/sl_event_handler.o
                0x00003d7c                sl_driver_init
 .text.sl_service_init
                0x00003d8e       0x12 ./autogen/sl_event_handler.o
                0x00003d8e                sl_service_init
 .text.sl_stack_init
                0x00003da0        0x2 ./autogen/sl_event_handler.o
                0x00003da0                sl_stack_init
 .text.sl_internal_app_init
                0x00003da2        0x4 ./autogen/sl_event_handler.o
                0x00003da2                sl_internal_app_init
 .text.sl_platform_process_action
                0x00003da6        0x2 ./autogen/sl_event_handler.o
                0x00003da6                sl_platform_process_action
 .text.sl_service_process_action
                0x00003da8        0x2 ./autogen/sl_event_handler.o
                0x00003da8                sl_service_process_action
 .text.sl_stack_process_action
                0x00003daa        0x2 ./autogen/sl_event_handler.o
                0x00003daa                sl_stack_process_action
 .text.sl_internal_app_process_action
                0x00003dac        0x2 ./autogen/sl_event_handler.o
                0x00003dac                sl_internal_app_process_action
 .text.bsp_usart_print
                0x00003dae       0x12 ./bsp/bsp_usart.o
                0x00003dae                bsp_usart_print
 .text.aht20_write
                0x00003dc0       0x2a ./driver/aht20.o
 .text.aht20_read
                0x00003dea       0x2a ./driver/aht20.o
 .text.aht20_is_ready
                0x00003e14       0x36 ./driver/aht20.o
                0x00003e14                aht20_is_ready
 .text.sl_board_enable_vcom
                0x00003e4a       0x12 ./simplicity_sdk_2024.6.2/hardware/board/src/sl_board_control_gpio.o
                0x00003e4a                sl_board_enable_vcom
 .text.sl_board_configure_vcom
                0x00003e5c        0x4 ./simplicity_sdk_2024.6.2/hardware/board/src/sl_board_control_gpio.o
                0x00003e5c                sl_board_configure_vcom
 .text.sl_board_disable_vcom
                0x00003e60       0x12 ./simplicity_sdk_2024.6.2/hardware/board/src/sl_board_control_gpio.o
                0x00003e60                sl_board_disable_vcom
 .text.sl_cos_send_config
                0x00003e72       0x12 ./simplicity_sdk_2024.6.2/hardware/driver/configuration_over_swo/src/sl_cos.o
                0x00003e72                sl_cos_send_config
 .text.Default_Handler
                0x00003e84        0x2 ./simplicity_sdk_2024.6.2/platform/Device/SiliconLabs/EFR32MG21/Source/startup_efr32mg21.o
                0x00003e84                ULFRCO_IRQHandler
                0x00003e84                SW2_IRQHandler
                0x00003e84                TIMER2_IRQHandler
                0x00003e84                DebugMon_Handler
                0x00003e84                USART0_TX_IRQHandler
                0x00003e84                PRORTC_IRQHandler
                0x00003e84                IADC_IRQHandler
                0x00003e84                I2C0_IRQHandler
                0x00003e84                LFXO_IRQHandler
                0x00003e84                HardFault_Handler
                0x00003e84                SMU_SECURE_IRQHandler
                0x00003e84                SysTick_Handler
                0x00003e84                USART1_RX_IRQHandler
                0x00003e84                PendSV_Handler
                0x00003e84                NMI_Handler
                0x00003e84                SYNTH_IRQHandler
                0x00003e84                I2C1_IRQHandler
                0x00003e84                WDOG0_IRQHandler
                0x00003e84                TIMER3_IRQHandler
                0x00003e84                SYSCFG_IRQHandler
                0x00003e84                EMUSE_IRQHandler
                0x00003e84                EMUDG_IRQHandler
                0x00003e84                USART1_TX_IRQHandler
                0x00003e84                SMU_PRIVILEGED_IRQHandler
                0x00003e84                MSC_IRQHandler
                0x00003e84                DPLL0_IRQHandler
                0x00003e84                UsageFault_Handler
                0x00003e84                WDOG1_IRQHandler
                0x00003e84                M33CTI1_IRQHandler
                0x00003e84                GPIO_EVEN_IRQHandler
                0x00003e84                SEMBTX_IRQHandler
                0x00003e84                SW0_IRQHandler
                0x00003e84                TIMER0_IRQHandler
                0x00003e84                LETIMER0_IRQHandler
                0x00003e84                TIMER1_IRQHandler
                0x00003e84                HFRCO0_IRQHandler
                0x00003e84                SecureFault_Handler
                0x00003e84                BUFC_IRQHandler
                0x00003e84                MODEM_IRQHandler
                0x00003e84                USART2_RX_IRQHandler
                0x00003e84                Default_Handler
                0x00003e84                RAC_SEQ_IRQHandler
                0x00003e84                FRC_PRI_IRQHandler
                0x00003e84                EMU_IRQHandler
                0x00003e84                SW3_IRQHandler
                0x00003e84                KERNEL0_IRQHandler
                0x00003e84                FRC_IRQHandler
                0x00003e84                KERNEL1_IRQHandler
                0x00003e84                AGC_IRQHandler
                0x00003e84                sl_app_properties
                0x00003e84                HFRCOEM23_IRQHandler
                0x00003e84                BURTC_IRQHandler
                0x00003e84                SEMBRX_IRQHandler
                0x00003e84                LFRCO_IRQHandler
                0x00003e84                ACMP0_IRQHandler
                0x00003e84                USART0_RX_IRQHandler
                0x00003e84                MemManage_Handler
                0x00003e84                SVC_Handler
                0x00003e84                HFXO00_IRQHandler
                0x00003e84                SW1_IRQHandler
                0x00003e84                CMU_IRQHandler
                0x00003e84                RAC_RSM_IRQHandler
                0x00003e84                SETAMPERHOST_IRQHandler
                0x00003e84                GPIO_ODD_IRQHandler
                0x00003e84                AES_IRQHandler
                0x00003e84                M33CTI0_IRQHandler
                0x00003e84                ICACHE0_IRQHandler
                0x00003e84                PROTIMER_IRQHandler
                0x00003e84                ACMP1_IRQHandler
                0x00003e84                BusFault_Handler
                0x00003e84                USART2_TX_IRQHandler
 .text.CopyBlock
                0x00003e86       0x18 ./simplicity_sdk_2024.6.2/platform/Device/SiliconLabs/EFR32MG21/Source/startup_efr32mg21.o
                0x00003e86                CopyBlock
 .text.SystemCLKIN0Get
                0x00003e9e        0x4 ./simplicity_sdk_2024.6.2/platform/Device/SiliconLabs/EFR32MG21/Source/system_efr32mg21.o
                0x00003e9e                SystemCLKIN0Get
 .text.SystemLFRCOClockGet
                0x00003ea2        0x6 ./simplicity_sdk_2024.6.2/platform/Device/SiliconLabs/EFR32MG21/Source/system_efr32mg21.o
                0x00003ea2                SystemLFRCOClockGet
 .text.SystemULFRCOClockGet
                0x00003ea8        0x6 ./simplicity_sdk_2024.6.2/platform/Device/SiliconLabs/EFR32MG21/Source/system_efr32mg21.o
                0x00003ea8                SystemULFRCOClockGet
 .text.assertEFM
                0x00003eae        0x2 ./simplicity_sdk_2024.6.2/platform/common/src/sl_assert.o
                0x00003eae                assertEFM
 .text.CORE_EnterCritical
                0x00003eb0        0x8 ./simplicity_sdk_2024.6.2/platform/common/src/sl_core_cortexm.o
                0x00003eb0                CORE_EnterCritical
 .text.CORE_ExitCritical
                0x00003eb8        0x6 ./simplicity_sdk_2024.6.2/platform/common/src/sl_core_cortexm.o
                0x00003eb8                CORE_ExitCritical
 .text.CORE_EnterAtomic
                0x00003ebe        0xc ./simplicity_sdk_2024.6.2/platform/common/src/sl_core_cortexm.o
                0x00003ebe                CORE_EnterAtomic
 .text.CORE_ExitAtomic
                0x00003eca        0x6 ./simplicity_sdk_2024.6.2/platform/common/src/sl_core_cortexm.o
                0x00003eca                CORE_ExitAtomic
 .text.sl_debug_swo_enable_itm
                0x00003ed0       0x16 ./simplicity_sdk_2024.6.2/platform/driver/debug/src/sl_debug_swo.o
                0x00003ed0                sl_debug_swo_enable_itm
 .text.sl_debug_swo_disable_itm
                0x00003ee6       0x18 ./simplicity_sdk_2024.6.2/platform/driver/debug/src/sl_debug_swo.o
                0x00003ee6                sl_debug_swo_disable_itm
 .text.waitStateMax
                0x00003efe       0x10 ./simplicity_sdk_2024.6.2/platform/emlib/src/em_cmu.o
 .text.pclkDivMax
                0x00003f0e        0x8 ./simplicity_sdk_2024.6.2/platform/emlib/src/em_cmu.o
 .text.sli_em_cmu_SYSCLKInitPreClockSelect
                0x00003f16        0xe ./simplicity_sdk_2024.6.2/platform/emlib/src/em_cmu.o
                0x00003f16                sli_em_cmu_SYSCLKInitPreClockSelect
 .text.sli_em_cmu_SYSCLKInitPostClockSelect
                0x00003f24       0x1a ./simplicity_sdk_2024.6.2/platform/emlib/src/em_cmu.o
                0x00003f24                sli_em_cmu_SYSCLKInitPostClockSelect
 .text.BUS_RegMaskedWrite
                0x00003f3e       0x1e ./simplicity_sdk_2024.6.2/platform/emlib/src/em_gpio.o
 .text.GPIO_DbgLocationSet
                0x00003f5c        0x2 ./simplicity_sdk_2024.6.2/platform/emlib/src/em_gpio.o
                0x00003f5c                GPIO_DbgLocationSet
 .text.RTCC_SyncWait
                0x00003f5e       0x10 ./simplicity_sdk_2024.6.2/platform/emlib/src/em_rtcc.o
 .text.USART_Tx
                0x00003f6e        0xa ./simplicity_sdk_2024.6.2/platform/emlib/src/em_usart.o
                0x00003f6e                USART_Tx
 .text.sl_clock_manager_runtime_init
                0x00003f78        0x4 ./simplicity_sdk_2024.6.2/platform/service/clock_manager/src/sl_clock_manager.o
                0x00003f78                sl_clock_manager_runtime_init
 .text.sl_clock_manager_get_clock_branch_frequency
                0x00003f7c        0xa ./simplicity_sdk_2024.6.2/platform/service/clock_manager/src/sl_clock_manager.o
                0x00003f7c                sl_clock_manager_get_clock_branch_frequency
 .text.sl_clock_manager_enable_bus_clock
                0x00003f86        0x6 ./simplicity_sdk_2024.6.2/platform/service/clock_manager/src/sl_clock_manager.o
                0x00003f86                sl_clock_manager_enable_bus_clock
 .text.sli_clock_manager_hal_runtime_init
                0x00003f8c        0x4 ./simplicity_sdk_2024.6.2/platform/service/clock_manager/src/sl_clock_manager_hal_s2.o
                0x00003f8c                sli_clock_manager_hal_runtime_init
 .text.sli_clock_manager_hal_get_clock_branch_frequency
                0x00003f90       0x82 ./simplicity_sdk_2024.6.2/platform/service/clock_manager/src/sl_clock_manager_hal_s2.o
                0x00003f90                sli_clock_manager_hal_get_clock_branch_frequency
 .text.sli_clock_manager_hal_enable_bus_clock
                0x00004012        0x4 ./simplicity_sdk_2024.6.2/platform/service/clock_manager/src/sl_clock_manager_hal_s2.o
                0x00004012                sli_clock_manager_hal_enable_bus_clock
 .text.sl_clock_manager_init
                0x00004016        0x4 ./simplicity_sdk_2024.6.2/platform/service/clock_manager/src/sl_clock_manager_init.o
                0x00004016                sl_clock_manager_init
 .text.sl_interrupt_manager_init
                0x0000401a       0x16 ./simplicity_sdk_2024.6.2/platform/service/interrupt_manager/src/sl_interrupt_manager_cortexm.o
                0x0000401a                sl_interrupt_manager_init
 .text.sl_iostream_write
                0x00004030       0x22 ./simplicity_sdk_2024.6.2/platform/service/iostream/src/sl_iostream.o
                0x00004030                sl_iostream_write
 .text.sl_iostream_read
                0x00004052       0x30 ./simplicity_sdk_2024.6.2/platform/service/iostream/src/sl_iostream.o
                0x00004052                sl_iostream_read
 .text._close   0x00004082        0x4 ./simplicity_sdk_2024.6.2/platform/service/iostream/src/sl_iostream_retarget_stdio.o
                0x00004082                _close
 .text._exit    0x00004086        0x2 ./simplicity_sdk_2024.6.2/platform/service/iostream/src/sl_iostream_retarget_stdio.o
                0x00004086                _exit
 .text._fstat   0x00004088        0xa ./simplicity_sdk_2024.6.2/platform/service/iostream/src/sl_iostream_retarget_stdio.o
                0x00004088                _fstat
 .text._isatty  0x00004092        0x4 ./simplicity_sdk_2024.6.2/platform/service/iostream/src/sl_iostream_retarget_stdio.o
                0x00004092                _isatty
 .text._lseek   0x00004096        0x4 ./simplicity_sdk_2024.6.2/platform/service/iostream/src/sl_iostream_retarget_stdio.o
                0x00004096                _lseek
 .text._read    0x0000409a       0x1c ./simplicity_sdk_2024.6.2/platform/service/iostream/src/sl_iostream_retarget_stdio.o
                0x0000409a                _read
 .text.delay_callback
                0x000040b6        0x6 ./simplicity_sdk_2024.6.2/platform/service/sleeptimer/src/sl_sleeptimer.o
 .text.sl_sleeptimer_start_timer
                0x000040bc       0x48 ./simplicity_sdk_2024.6.2/platform/service/sleeptimer/src/sl_sleeptimer.o
                0x000040bc                sl_sleeptimer_start_timer
 .text.sleeptimer_hal_presc_to_log2.constprop.0
                0x00004104        0x4 ./simplicity_sdk_2024.6.2/platform/service/sleeptimer/src/sl_sleeptimer_hal_rtcc.o
 .text.sleeptimer_hal_get_counter
                0x00004108        0xe ./simplicity_sdk_2024.6.2/platform/service/sleeptimer/src/sl_sleeptimer_hal_rtcc.o
                0x00004108                sleeptimer_hal_get_counter
 .text.sleeptimer_hal_enable_int
                0x00004116       0x18 ./simplicity_sdk_2024.6.2/platform/service/sleeptimer/src/sl_sleeptimer_hal_rtcc.o
                0x00004116                sleeptimer_hal_enable_int
 .text.sl_system_init
                0x0000412e       0x1a ./simplicity_sdk_2024.6.2/platform/service/system/src/sl_system_init.o
                0x0000412e                sl_system_init
 .text.sl_system_process_action
                0x00004148       0x16 ./simplicity_sdk_2024.6.2/platform/service/system/src/sl_system_process_action.o
                0x00004148                sl_system_process_action
 .text._fwalk_sglue
                0x0000415e       0x3c d:/sili/developer/toolchains/gnu_arm/12.2.rel1_2023.7/bin/../lib/gcc/arm-none-eabi/12.2.1/thumb/v8-m.main+fp/hard\libc_nano.a(libc_a-fwalk.o)
                0x0000415e                _fwalk_sglue
 .text.__sread  0x0000419a       0x22 d:/sili/developer/toolchains/gnu_arm/12.2.rel1_2023.7/bin/../lib/gcc/arm-none-eabi/12.2.1/thumb/v8-m.main+fp/hard\libc_nano.a(libc_a-stdio.o)
                0x0000419a                __sread
 .text.__swrite
                0x000041bc       0x38 d:/sili/developer/toolchains/gnu_arm/12.2.rel1_2023.7/bin/../lib/gcc/arm-none-eabi/12.2.1/thumb/v8-m.main+fp/hard\libc_nano.a(libc_a-stdio.o)
                0x000041bc                __swrite
 .text.__sseek  0x000041f4       0x24 d:/sili/developer/toolchains/gnu_arm/12.2.rel1_2023.7/bin/../lib/gcc/arm-none-eabi/12.2.1/thumb/v8-m.main+fp/hard\libc_nano.a(libc_a-stdio.o)
                0x000041f4                __sseek
 .text.__sclose
                0x00004218        0x8 d:/sili/developer/toolchains/gnu_arm/12.2.rel1_2023.7/bin/../lib/gcc/arm-none-eabi/12.2.1/thumb/v8-m.main+fp/hard\libc_nano.a(libc_a-stdio.o)
                0x00004218                __sclose
 .text.memset   0x00004220       0x10 d:/sili/developer/toolchains/gnu_arm/12.2.rel1_2023.7/bin/../lib/gcc/arm-none-eabi/12.2.1/thumb/v8-m.main+fp/hard\libc_nano.a(libc_a-memset.o)
                0x00004220                memset
 .text.__retarget_lock_init_recursive
                0x00004230        0x2 d:/sili/developer/toolchains/gnu_arm/12.2.rel1_2023.7/bin/../lib/gcc/arm-none-eabi/12.2.1/thumb/v8-m.main+fp/hard\libc_nano.a(libc_a-lock.o)
                0x00004230                __retarget_lock_init_recursive
 .text.__retarget_lock_acquire_recursive
                0x00004232        0x2 d:/sili/developer/toolchains/gnu_arm/12.2.rel1_2023.7/bin/../lib/gcc/arm-none-eabi/12.2.1/thumb/v8-m.main+fp/hard\libc_nano.a(libc_a-lock.o)
                0x00004232                __retarget_lock_acquire_recursive
 .text.__retarget_lock_release_recursive
                0x00004234        0x2 d:/sili/developer/toolchains/gnu_arm/12.2.rel1_2023.7/bin/../lib/gcc/arm-none-eabi/12.2.1/thumb/v8-m.main+fp/hard\libc_nano.a(libc_a-lock.o)
                0x00004234                __retarget_lock_release_recursive
 .text.memcpy   0x00004236       0x1a d:/sili/developer/toolchains/gnu_arm/12.2.rel1_2023.7/bin/../lib/gcc/arm-none-eabi/12.2.1/thumb/v8-m.main+fp/hard\libc_nano.a(libc_a-memcpy-stub.o)
                0x00004236                memcpy
 .text.__ssputs_r
                0x00004250       0xb6 d:/sili/developer/toolchains/gnu_arm/12.2.rel1_2023.7/bin/../lib/gcc/arm-none-eabi/12.2.1/thumb/v8-m.main+fp/hard\libc_nano.a(libc_a-nano-svfprintf.o)
                0x00004250                __ssputs_r
 .text.__sfputc_r
                0x00004306       0x2e d:/sili/developer/toolchains/gnu_arm/12.2.rel1_2023.7/bin/../lib/gcc/arm-none-eabi/12.2.1/thumb/v8-m.main+fp/hard\libc_nano.a(libc_a-nano-vfprintf.o)
 .text.__sfputs_r
                0x00004334       0x24 d:/sili/developer/toolchains/gnu_arm/12.2.rel1_2023.7/bin/../lib/gcc/arm-none-eabi/12.2.1/thumb/v8-m.main+fp/hard\libc_nano.a(libc_a-nano-vfprintf.o)
                0x00004334                __sfputs_r
 .text._printf_common
                0x00004358       0xe4 d:/sili/developer/toolchains/gnu_arm/12.2.rel1_2023.7/bin/../lib/gcc/arm-none-eabi/12.2.1/thumb/v8-m.main+fp/hard\libc_nano.a(libc_a-nano-vfprintf_i.o)
                0x00004358                _printf_common
 .text.__sflush_r
                0x0000443c      0x106 d:/sili/developer/toolchains/gnu_arm/12.2.rel1_2023.7/bin/../lib/gcc/arm-none-eabi/12.2.1/thumb/v8-m.main+fp/hard\libc_nano.a(libc_a-fflush.o)
                0x0000443c                __sflush_r
 .text._fflush_r
                0x00004542       0x50 d:/sili/developer/toolchains/gnu_arm/12.2.rel1_2023.7/bin/../lib/gcc/arm-none-eabi/12.2.1/thumb/v8-m.main+fp/hard\libc_nano.a(libc_a-fflush.o)
                0x00004542                _fflush_r
 .text.__swhatbuf_r
                0x00004592       0x4a d:/sili/developer/toolchains/gnu_arm/12.2.rel1_2023.7/bin/../lib/gcc/arm-none-eabi/12.2.1/thumb/v8-m.main+fp/hard\libc_nano.a(libc_a-makebuf.o)
                0x00004592                __swhatbuf_r
 .text.__smakebuf_r
                0x000045dc       0x78 d:/sili/developer/toolchains/gnu_arm/12.2.rel1_2023.7/bin/../lib/gcc/arm-none-eabi/12.2.1/thumb/v8-m.main+fp/hard\libc_nano.a(libc_a-makebuf.o)
                0x000045dc                __smakebuf_r
 .text.__swbuf_r
                0x00004654       0x7c d:/sili/developer/toolchains/gnu_arm/12.2.rel1_2023.7/bin/../lib/gcc/arm-none-eabi/12.2.1/thumb/v8-m.main+fp/hard\libc_nano.a(libc_a-wbuf.o)
                0x00004654                __swbuf_r
 .text.memmove  0x000046d0       0x34 d:/sili/developer/toolchains/gnu_arm/12.2.rel1_2023.7/bin/../lib/gcc/arm-none-eabi/12.2.1/thumb/v8-m.main+fp/hard\libc_nano.a(libc_a-memmove.o)
                0x000046d0                memmove
 .text.memchr   0x00004704       0x1c d:/sili/developer/toolchains/gnu_arm/12.2.rel1_2023.7/bin/../lib/gcc/arm-none-eabi/12.2.1/thumb/v8-m.main+fp/hard\libc_nano.a(libc_a-memchr-stub.o)
                0x00004704                memchr
 .text._realloc_r
                0x00004720       0x5c d:/sili/developer/toolchains/gnu_arm/12.2.rel1_2023.7/bin/../lib/gcc/arm-none-eabi/12.2.1/thumb/v8-m.main+fp/hard\libc_nano.a(libc_a-reallocr.o)
                0x00004720                _realloc_r
 .text._malloc_usable_size_r
                0x0000477c       0x10 d:/sili/developer/toolchains/gnu_arm/12.2.rel1_2023.7/bin/../lib/gcc/arm-none-eabi/12.2.1/thumb/v8-m.main+fp/hard\libc_nano.a(libc_a-msizer.o)
                0x0000477c                _malloc_usable_size_r
 *(SORT_BY_ALIGNMENT(text_*))
                0x000047a0                . = ALIGN (0x20)
 *fill*         0x0000478c       0x14 
                0x000047a0                linker_code_end = .
 *(.init)
 .init          0x000047a0        0x4 d:/sili/developer/toolchains/gnu_arm/12.2.rel1_2023.7/bin/../lib/gcc/arm-none-eabi/12.2.1/thumb/v8-m.main+fp/hard/crti.o
                0x000047a0                _init
 .init          0x000047a4        0x8 d:/sili/developer/toolchains/gnu_arm/12.2.rel1_2023.7/bin/../lib/gcc/arm-none-eabi/12.2.1/thumb/v8-m.main+fp/hard/crtn.o
 *(.fini)
 .fini          0x000047ac        0x4 d:/sili/developer/toolchains/gnu_arm/12.2.rel1_2023.7/bin/../lib/gcc/arm-none-eabi/12.2.1/thumb/v8-m.main+fp/hard/crti.o
                0x000047ac                _fini
 .fini          0x000047b0        0x8 d:/sili/developer/toolchains/gnu_arm/12.2.rel1_2023.7/bin/../lib/gcc/arm-none-eabi/12.2.1/thumb/v8-m.main+fp/hard/crtn.o
 *crtbegin.o(.ctors)
 *crtbegin?.o(.ctors)
 *(EXCLUDE_FILE(*crtend.o *crtend?.o) .ctors)
 *(SORT_BY_NAME(.ctors.*))
 *(.ctors)
 *crtbegin.o(.dtors)
 *crtbegin?.o(.dtors)
 *(EXCLUDE_FILE(*crtend.o *crtend?.o) .dtors)
 *(SORT_BY_NAME(.dtors.*))
 *(.dtors)
 *(.rodata*)
 .rodata.app_init.str1.1
                0x000047b8       0x28 ./app.o
 .rodata.app_process_action.str1.1
                0x000047e0       0x23 ./app.o
 *fill*         0x00004803        0x1 
 .rodata        0x00004804       0x1c ./bsp/bsp_usart.o
 .rodata.aht20_init.str1.1
                0x00004820        0x3 ./driver/aht20.o
 .rodata.aht20_read_data.str1.1
                0x00004823        0x3 ./driver/aht20.o
 .rodata.I2CSPM_Init.str1.1
                0x00004826       0x80 ./simplicity_sdk_2024.6.2/platform/driver/i2cspm/src/sl_i2cspm.o
 .rodata.CSWTCH.13
                0x000048a6        0x4 ./simplicity_sdk_2024.6.2/platform/driver/i2cspm/src/sl_i2cspm.o
 .rodata.HFRCODPLLDevinfoGet.str1.1
                0x000048aa       0x3a ./simplicity_sdk_2024.6.2/platform/emlib/src/em_cmu.o
 .rodata.GPIO_PinOutSet.str1.1
                0x000048e4       0x3b ./simplicity_sdk_2024.6.2/platform/emlib/src/em_gpio.o
 .rodata.GPIO_ExtIntConfig.str1.1
                0x000048e4       0x3b ./simplicity_sdk_2024.6.2/platform/emlib/src/em_gpio.o
 .rodata.CSWTCH.31
                0x0000491f        0x4 ./simplicity_sdk_2024.6.2/platform/emlib/src/em_gpio.o
 .rodata.I2C_BusFreqGet.str1.1
                0x00004923       0x3a ./simplicity_sdk_2024.6.2/platform/emlib/src/em_i2c.o
 .rodata.i2cNSum
                0x0000495d        0x4 ./simplicity_sdk_2024.6.2/platform/emlib/src/em_i2c.o
 .rodata.RTCC_ChannelInit.str1.1
                0x00004961       0x3b ./simplicity_sdk_2024.6.2/platform/emlib/src/em_rtcc.o
 .rodata.USART_BaudrateAsyncSet.str1.1
                0x0000499c       0x3c ./simplicity_sdk_2024.6.2/platform/emlib/src/em_usart.o
 .rodata        0x000049d8       0x3c ./simplicity_sdk_2024.6.2/platform/service/clock_manager/src/sl_clock_manager_init_hal_s2.o
 .rodata.sl_peripheral_val_rtcc
                0x00004a14        0xc ./simplicity_sdk_2024.6.2/platform/service/device_manager/devices/sl_device_peripheral_hal_efr32xg21.o
                0x00004a14                sl_peripheral_val_rtcc
 .rodata.SL_BUS_CLOCK_RTCC_VALUE
                0x00004a20        0x4 ./simplicity_sdk_2024.6.2/platform/service/device_manager/src/sl_device_clock.o
                0x00004a20                SL_BUS_CLOCK_RTCC_VALUE
 .rodata.SL_BUS_CLOCK_I2C1_VALUE
                0x00004a24        0x4 ./simplicity_sdk_2024.6.2/platform/service/device_manager/src/sl_device_clock.o
                0x00004a24                SL_BUS_CLOCK_I2C1_VALUE
 .rodata.SL_BUS_CLOCK_I2C0_VALUE
                0x00004a28        0x4 ./simplicity_sdk_2024.6.2/platform/service/device_manager/src/sl_device_clock.o
                0x00004a28                SL_BUS_CLOCK_I2C0_VALUE
 .rodata.SL_BUS_CLOCK_GPIO_VALUE
                0x00004a2c        0x4 ./simplicity_sdk_2024.6.2/platform/service/device_manager/src/sl_device_clock.o
                0x00004a2c                SL_BUS_CLOCK_GPIO_VALUE
 .rodata.sl_interrupt_manager_disable_irq.str1.1
                0x00004a30       0x64 ./simplicity_sdk_2024.6.2/platform/service/interrupt_manager/src/sl_interrupt_manager_cortexm.o
 .rodata._write.str1.1
                0x00004a94       0x59 ./simplicity_sdk_2024.6.2/platform/service/iostream/src/sl_iostream_retarget_stdio.o
 .rodata.process_timer_irq.str1.1
                0x00004aed       0x4e ./simplicity_sdk_2024.6.2/platform/service/sleeptimer/src/sl_sleeptimer.o
 .rodata        0x00004b3b        0xb ./simplicity_sdk_2024.6.2/platform/service/sleeptimer/src/sl_sleeptimer_hal_rtcc.o
 .rodata.sl_udelay_wait.str1.1
                0x00004b46       0x46 ./simplicity_sdk_2024.6.2/platform/service/udelay/src/sl_udelay.o
 .rodata._svfprintf_r.str1.1
                0x00004b8c       0x11 d:/sili/developer/toolchains/gnu_arm/12.2.rel1_2023.7/bin/../lib/gcc/arm-none-eabi/12.2.1/thumb/v8-m.main+fp/hard\libc_nano.a(libc_a-nano-svfprintf.o)
 .rodata._vfprintf_r.str1.1
                0x00004b9d       0x11 d:/sili/developer/toolchains/gnu_arm/12.2.rel1_2023.7/bin/../lib/gcc/arm-none-eabi/12.2.1/thumb/v8-m.main+fp/hard\libc_nano.a(libc_a-nano-vfprintf.o)
 .rodata._printf_i.str1.1
                0x00004b9d       0x22 d:/sili/developer/toolchains/gnu_arm/12.2.rel1_2023.7/bin/../lib/gcc/arm-none-eabi/12.2.1/thumb/v8-m.main+fp/hard\libc_nano.a(libc_a-nano-vfprintf_i.o)
 *(.eh_frame*)
 *fill*         0x00004bbf        0x1 
 .eh_frame      0x00004bc0        0x0 d:/sili/developer/toolchains/gnu_arm/12.2.rel1_2023.7/bin/../lib/gcc/arm-none-eabi/12.2.1/thumb/v8-m.main+fp/hard/crtbegin.o

.glue_7         0x00004bc0        0x0
 .glue_7        0x00004bc0        0x0 linker stubs

.glue_7t        0x00004bc0        0x0
 .glue_7t       0x00004bc0        0x0 linker stubs

.vfp11_veneer   0x00004bc0        0x0
 .vfp11_veneer  0x00004bc0        0x0 linker stubs

.v4_bx          0x00004bc0        0x0
 .v4_bx         0x00004bc0        0x0 linker stubs

.iplt           0x00004bc0        0x0
 .iplt          0x00004bc0        0x0 d:/sili/developer/toolchains/gnu_arm/12.2.rel1_2023.7/bin/../lib/gcc/arm-none-eabi/12.2.1/thumb/v8-m.main+fp/hard/crtbegin.o

.ARM.extab
 *(.ARM.extab* .gnu.linkonce.armextab.*)
                0x00004bc0                __exidx_start = .

.ARM.exidx      0x00004bc0        0x8
 *(.ARM.exidx* .gnu.linkonce.armexidx.*)
 .ARM.exidx     0x00004bc0        0x8 d:/sili/developer/toolchains/gnu_arm/12.2.rel1_2023.7/bin/../lib/gcc/arm-none-eabi/12.2.1/thumb/v8-m.main+fp/hard/crt0.o
                                 0x10 (size before relaxing)
 .ARM.exidx.text.__udivmoddi4
                0x00004bc8        0x0 d:/sili/developer/toolchains/gnu_arm/12.2.rel1_2023.7/bin/../lib/gcc/arm-none-eabi/12.2.1/thumb/v8-m.main+fp/hard\libgcc.a(_udivmoddi4.o)
                                  0x8 (size before relaxing)
                0x00004bc8                __exidx_end = .

.rel.dyn        0x00004bc8        0x0
 .rel.iplt      0x00004bc8        0x0 d:/sili/developer/toolchains/gnu_arm/12.2.rel1_2023.7/bin/../lib/gcc/arm-none-eabi/12.2.1/thumb/v8-m.main+fp/hard/crtbegin.o

.copy.table     0x00004bc8        0xc
                0x00004bc8                . = ALIGN (0x4)
                0x00004bc8                __copy_table_start__ = .
                0x00004bc8        0x4 LONG 0x4bd4 __etext
                0x00004bcc        0x4 LONG 0x20001324 __data_start__
                0x00004bd0        0x4 LONG 0x28 ((__data_end__ - __data_start__) / 0x4)
                0x00004bd4                __copy_table_end__ = .

.zero.table     0x00004bd4        0x0
                0x00004bd4                . = ALIGN (0x4)
                0x00004bd4                __zero_table_start__ = .
                0x00004bd4                __zero_table_end__ = .
                0x00004bd4                __etext = .

.data           0x20001324       0xa0 load address 0x00004bd4
                0x20001324                . = ALIGN (0x4)
                0x20001324                __data_start__ = .
 *(vtable)
 *(SORT_BY_ALIGNMENT(.data*))
 .data.h_aht20  0x20001324        0x8 ./app.o
                0x20001324                h_aht20
 .data.init_sensor
                0x2000132c       0x14 ./autogen/sl_i2cspm_init.o
                0x2000132c                init_sensor
 .data.sl_i2cspm_sensor
                0x20001340        0x4 ./autogen/sl_i2cspm_init.o
                0x20001340                sl_i2cspm_sensor
 .data.SystemCoreClock
                0x20001344        0x4 ./simplicity_sdk_2024.6.2/platform/Device/SiliconLabs/EFR32MG21/Source/system_efr32mg21.o
                0x20001344                SystemCoreClock
 .data.SystemHFRCODPLLClock
                0x20001348        0x4 ./simplicity_sdk_2024.6.2/platform/Device/SiliconLabs/EFR32MG21/Source/system_efr32mg21.o
 .data.SystemLFXOClock
                0x2000134c        0x4 ./simplicity_sdk_2024.6.2/platform/Device/SiliconLabs/EFR32MG21/Source/system_efr32mg21.o
 .data.SystemHFXOClock
                0x20001350        0x4 ./simplicity_sdk_2024.6.2/platform/Device/SiliconLabs/EFR32MG21/Source/system_efr32mg21.o
 .data.heap_end.0
                0x20001354        0x4 ./simplicity_sdk_2024.6.2/platform/service/memory_manager/src/sl_memory_manager_region.o
 .data.__sglue  0x20001358        0xc d:/sili/developer/toolchains/gnu_arm/12.2.rel1_2023.7/bin/../lib/gcc/arm-none-eabi/12.2.1/thumb/v8-m.main+fp/hard\libc_nano.a(libc_a-findfp.o)
                0x20001358                __sglue
 .data._impure_ptr
                0x20001364        0x4 d:/sili/developer/toolchains/gnu_arm/12.2.rel1_2023.7/bin/../lib/gcc/arm-none-eabi/12.2.1/thumb/v8-m.main+fp/hard\libc_nano.a(libc_a-impure.o)
                0x20001364                _impure_ptr
 .data._impure_data
                0x20001368       0x4c d:/sili/developer/toolchains/gnu_arm/12.2.rel1_2023.7/bin/../lib/gcc/arm-none-eabi/12.2.1/thumb/v8-m.main+fp/hard\libc_nano.a(libc_a-impure.o)
                0x20001368                _impure_data
 .data.hfxo_precision
                0x200013b4        0x2 ./simplicity_sdk_2024.6.2/platform/emlib/src/em_cmu.o
 .data.lfxo_precision
                0x200013b6        0x2 ./simplicity_sdk_2024.6.2/platform/emlib/src/em_cmu.o
 .data.level_mask
                0x200013b8        0x1 ./simplicity_sdk_2024.6.2/app/common/util/app_log/app_log.o
 .data.level_filter_threshold
                0x200013b9        0x1 ./simplicity_sdk_2024.6.2/app/common/util/app_log/app_log.o
 .data.level_filter_enabled
                0x200013ba        0x1 ./simplicity_sdk_2024.6.2/app/common/util/app_log/app_log.o
 .data.cc_disabled
                0x200013bb        0x1 ./simplicity_sdk_2024.6.2/platform/service/sleeptimer/src/sl_sleeptimer_hal_rtcc.o
                0x200013bc                . = ALIGN (0x4)
                0x200013bc                . = ALIGN (0x4)
                0x200013bc                PROVIDE (__preinit_array_start = .)
 *(.preinit_array)
                0x200013bc                PROVIDE (__preinit_array_end = .)
                0x200013bc                . = ALIGN (0x4)
                0x200013bc                PROVIDE (__init_array_start = .)
 *(SORT_BY_NAME(.init_array.*))
 *(.init_array)
 .init_array    0x200013bc        0x4 d:/sili/developer/toolchains/gnu_arm/12.2.rel1_2023.7/bin/../lib/gcc/arm-none-eabi/12.2.1/thumb/v8-m.main+fp/hard/crtbegin.o
                0x200013c0                PROVIDE (__init_array_end = .)
                0x200013c0                . = ALIGN (0x4)
                [!provide]                PROVIDE (__fini_array_start = .)
 *(SORT_BY_NAME(.fini_array.*))
 *(.fini_array)
 .fini_array    0x200013c0        0x4 d:/sili/developer/toolchains/gnu_arm/12.2.rel1_2023.7/bin/../lib/gcc/arm-none-eabi/12.2.1/thumb/v8-m.main+fp/hard/crtbegin.o
                [!provide]                PROVIDE (__fini_array_end = .)
                0x200013c4                . = ALIGN (0x4)
                0x200013c4                __data_end__ = .

.tm_clone_table
                0x200013c4        0x0 load address 0x00004c74
 .tm_clone_table
                0x200013c4        0x0 d:/sili/developer/toolchains/gnu_arm/12.2.rel1_2023.7/bin/../lib/gcc/arm-none-eabi/12.2.1/thumb/v8-m.main+fp/hard/crtbegin.o
 .tm_clone_table
                0x200013c4        0x0 d:/sili/developer/toolchains/gnu_arm/12.2.rel1_2023.7/bin/../lib/gcc/arm-none-eabi/12.2.1/thumb/v8-m.main+fp/hard/crtend.o

.igot.plt       0x200013c4        0x0 load address 0x00004c74
 .igot.plt      0x200013c4        0x0 d:/sili/developer/toolchains/gnu_arm/12.2.rel1_2023.7/bin/../lib/gcc/arm-none-eabi/12.2.1/thumb/v8-m.main+fp/hard/crtbegin.o

.heap           0x200013c4        0x4 load address 0x00004c74
                0x200013c8                . = ALIGN (0x8)
 *fill*         0x200013c4        0x4 
                0x200013c8                __HeapBase = .
                0x200013c8                __end__ = .
                0x200013c8                end = __end__
                0x200013c8                _end = __end__
 *(.heap*)
                0x20018000                __HeapLimit = (ORIGIN (RAM) + LENGTH (RAM))
                0x00016c38                __heap_size = (__HeapLimit - __HeapBase)
                0x20018000                __ram_end__ = 0x20018000
                0x000fe000                __main_flash_end__ = 0xfe000

.internal_storage
 *(.internal_storage*)

.nvm
 *(.simee*)
                0x20001324                __ramfuncs_start__ = __vma_ramfuncs_start__
                0x20001324                __ramfuncs_end__ = __vma_ramfuncs_end__
                0x000fe000                linker_nvm_end = __main_flash_end__
                0x000fe000                linker_nvm_begin = (linker_nvm_end - SIZEOF (.nvm))
                0x000fe000                linker_storage_end = linker_nvm_begin
                0x000fe000                __nvm3Base = linker_nvm_begin
                0x000fe000                linker_storage_begin = (linker_storage_end - SIZEOF (.internal_storage))
                0x00000001                ASSERT ((linker_storage_begin >= (__etext + SIZEOF (.data))), FLASH memory overflowed !)
OUTPUT(FInal_project.axf elf32-littlearm)
LOAD linker stubs

.ARM.attributes
                0x00000000       0x36
 .ARM.attributes
                0x00000000       0x26 d:/sili/developer/toolchains/gnu_arm/12.2.rel1_2023.7/bin/../lib/gcc/arm-none-eabi/12.2.1/thumb/v8-m.main+fp/hard/crti.o
 .ARM.attributes
                0x00000026       0x38 d:/sili/developer/toolchains/gnu_arm/12.2.rel1_2023.7/bin/../lib/gcc/arm-none-eabi/12.2.1/thumb/v8-m.main+fp/hard/crtbegin.o
 .ARM.attributes
                0x0000005e       0x24 d:/sili/developer/toolchains/gnu_arm/12.2.rel1_2023.7/bin/../lib/gcc/arm-none-eabi/12.2.1/thumb/v8-m.main+fp/hard/crt0.o
 .ARM.attributes
                0x00000082       0x3a ./app.o
 .ARM.attributes
                0x000000bc       0x3a ./main.o
 .ARM.attributes
                0x000000f6       0x3a ./autogen/sl_board_default_init.o
 .ARM.attributes
                0x00000130       0x3a ./autogen/sl_event_handler.o
 .ARM.attributes
                0x0000016a       0x3a ./autogen/sl_i2cspm_init.o
 .ARM.attributes
                0x000001a4       0x3a ./bsp/bsp_aht20.o
 .ARM.attributes
                0x000001de       0x3a ./bsp/bsp_usart.o
 .ARM.attributes
                0x00000218       0x3a ./driver/aht20.o
 .ARM.attributes
                0x00000252       0x3a ./simplicity_sdk_2024.6.2/app/common/util/app_log/app_log.o
 .ARM.attributes
                0x0000028c       0x3a ./simplicity_sdk_2024.6.2/hardware/board/src/sl_board_control_gpio.o
 .ARM.attributes
                0x000002c6       0x3a ./simplicity_sdk_2024.6.2/hardware/board/src/sl_board_init.o
 .ARM.attributes
                0x00000300       0x3a ./simplicity_sdk_2024.6.2/hardware/driver/configuration_over_swo/src/sl_cos.o
 .ARM.attributes
                0x0000033a       0x3a ./simplicity_sdk_2024.6.2/platform/Device/SiliconLabs/EFR32MG21/Source/startup_efr32mg21.o
 .ARM.attributes
                0x00000374       0x3a ./simplicity_sdk_2024.6.2/platform/Device/SiliconLabs/EFR32MG21/Source/system_efr32mg21.o
 .ARM.attributes
                0x000003ae       0x3a ./simplicity_sdk_2024.6.2/platform/common/src/sl_assert.o
 .ARM.attributes
                0x000003e8       0x3a ./simplicity_sdk_2024.6.2/platform/common/src/sl_core_cortexm.o
 .ARM.attributes
                0x00000422       0x3a ./simplicity_sdk_2024.6.2/platform/driver/debug/src/sl_debug_swo.o
 .ARM.attributes
                0x0000045c       0x3a ./simplicity_sdk_2024.6.2/platform/driver/i2cspm/src/sl_i2cspm.o
 .ARM.attributes
                0x00000496       0x3a ./simplicity_sdk_2024.6.2/platform/emdrv/dmadrv/src/dmadrv.o
 .ARM.attributes
                0x000004d0       0x3a ./simplicity_sdk_2024.6.2/platform/emlib/src/em_cmu.o
 .ARM.attributes
                0x0000050a       0x3a ./simplicity_sdk_2024.6.2/platform/emlib/src/em_emu.o
 .ARM.attributes
                0x00000544       0x3a ./simplicity_sdk_2024.6.2/platform/emlib/src/em_gpio.o
 .ARM.attributes
                0x0000057e       0x3a ./simplicity_sdk_2024.6.2/platform/emlib/src/em_i2c.o
 .ARM.attributes
                0x000005b8       0x3a ./simplicity_sdk_2024.6.2/platform/emlib/src/em_rtcc.o
 .ARM.attributes
                0x000005f2       0x3a ./simplicity_sdk_2024.6.2/platform/emlib/src/em_system.o
 .ARM.attributes
                0x0000062c       0x3a ./simplicity_sdk_2024.6.2/platform/emlib/src/em_usart.o
 .ARM.attributes
                0x00000666       0x3a ./simplicity_sdk_2024.6.2/platform/service/clock_manager/src/sl_clock_manager.o
 .ARM.attributes
                0x000006a0       0x3a ./simplicity_sdk_2024.6.2/platform/service/clock_manager/src/sl_clock_manager_hal_s2.o
 .ARM.attributes
                0x000006da       0x3a ./simplicity_sdk_2024.6.2/platform/service/clock_manager/src/sl_clock_manager_init.o
 .ARM.attributes
                0x00000714       0x3a ./simplicity_sdk_2024.6.2/platform/service/clock_manager/src/sl_clock_manager_init_hal_s2.o
 .ARM.attributes
                0x0000074e       0x3a ./simplicity_sdk_2024.6.2/platform/service/device_init/src/sl_device_init_emu_s2.o
 .ARM.attributes
                0x00000788       0x3a ./simplicity_sdk_2024.6.2/platform/service/device_manager/devices/sl_device_peripheral_hal_efr32xg21.o
 .ARM.attributes
                0x000007c2       0x3a ./simplicity_sdk_2024.6.2/platform/service/device_manager/src/sl_device_clock.o
 .ARM.attributes
                0x000007fc       0x3a ./simplicity_sdk_2024.6.2/platform/service/interrupt_manager/src/sl_interrupt_manager_cortexm.o
 .ARM.attributes
                0x00000836       0x3a ./simplicity_sdk_2024.6.2/platform/service/iostream/src/sl_iostream.o
 .ARM.attributes
                0x00000870       0x3a ./simplicity_sdk_2024.6.2/platform/service/iostream/src/sl_iostream_retarget_stdio.o
 .ARM.attributes
                0x000008aa       0x3a ./simplicity_sdk_2024.6.2/platform/service/iostream/src/sl_iostream_stdlib_config.o
 .ARM.attributes
                0x000008e4       0x3a ./simplicity_sdk_2024.6.2/platform/service/memory_manager/src/sl_memory_manager_region.o
 .ARM.attributes
                0x0000091e       0x3a ./simplicity_sdk_2024.6.2/platform/service/sleeptimer/src/sl_sleeptimer.o
 .ARM.attributes
                0x00000958       0x3a ./simplicity_sdk_2024.6.2/platform/service/sleeptimer/src/sl_sleeptimer_hal_rtcc.o
 .ARM.attributes
                0x00000992       0x3a ./simplicity_sdk_2024.6.2/platform/service/system/src/sl_system_init.o
 .ARM.attributes
                0x000009cc       0x3a ./simplicity_sdk_2024.6.2/platform/service/system/src/sl_system_process_action.o
 .ARM.attributes
                0x00000a06       0x3a ./simplicity_sdk_2024.6.2/platform/service/udelay/src/sl_udelay.o
 .ARM.attributes
                0x00000a40       0x26 ./simplicity_sdk_2024.6.2/platform/service/udelay/src/sl_udelay_armv6m_gcc.o
 .ARM.attributes
                0x00000a66       0x26 d:/sili/developer/toolchains/gnu_arm/12.2.rel1_2023.7/bin/../lib/gcc/arm-none-eabi/12.2.1/thumb/v8-m.main+fp/hard\libgcc.a(_arm_addsubdf3.o)
 .ARM.attributes
                0x00000a8c       0x26 d:/sili/developer/toolchains/gnu_arm/12.2.rel1_2023.7/bin/../lib/gcc/arm-none-eabi/12.2.1/thumb/v8-m.main+fp/hard\libgcc.a(_aeabi_uldivmod.o)
 .ARM.attributes
                0x00000ab2       0x38 d:/sili/developer/toolchains/gnu_arm/12.2.rel1_2023.7/bin/../lib/gcc/arm-none-eabi/12.2.1/thumb/v8-m.main+fp/hard\libgcc.a(_udivmoddi4.o)
 .ARM.attributes
                0x00000aea       0x26 d:/sili/developer/toolchains/gnu_arm/12.2.rel1_2023.7/bin/../lib/gcc/arm-none-eabi/12.2.1/thumb/v8-m.main+fp/hard\libgcc.a(_dvmd_tls.o)
 .ARM.attributes
                0x00000b10       0x38 d:/sili/developer/toolchains/gnu_arm/12.2.rel1_2023.7/bin/../lib/gcc/arm-none-eabi/12.2.1/thumb/v8-m.main+fp/hard\libc_nano.a(libc_a-exit.o)
 .ARM.attributes
                0x00000b48       0x38 d:/sili/developer/toolchains/gnu_arm/12.2.rel1_2023.7/bin/../lib/gcc/arm-none-eabi/12.2.1/thumb/v8-m.main+fp/hard\libc_nano.a(libc_a-findfp.o)
 .ARM.attributes
                0x00000b80       0x38 d:/sili/developer/toolchains/gnu_arm/12.2.rel1_2023.7/bin/../lib/gcc/arm-none-eabi/12.2.1/thumb/v8-m.main+fp/hard\libc_nano.a(libc_a-fwalk.o)
 .ARM.attributes
                0x00000bb8       0x38 d:/sili/developer/toolchains/gnu_arm/12.2.rel1_2023.7/bin/../lib/gcc/arm-none-eabi/12.2.1/thumb/v8-m.main+fp/hard\libc_nano.a(libc_a-printf.o)
 .ARM.attributes
                0x00000bf0       0x38 d:/sili/developer/toolchains/gnu_arm/12.2.rel1_2023.7/bin/../lib/gcc/arm-none-eabi/12.2.1/thumb/v8-m.main+fp/hard\libc_nano.a(libc_a-setvbuf.o)
 .ARM.attributes
                0x00000c28       0x38 d:/sili/developer/toolchains/gnu_arm/12.2.rel1_2023.7/bin/../lib/gcc/arm-none-eabi/12.2.1/thumb/v8-m.main+fp/hard\libc_nano.a(libc_a-sprintf.o)
 .ARM.attributes
                0x00000c60       0x38 d:/sili/developer/toolchains/gnu_arm/12.2.rel1_2023.7/bin/../lib/gcc/arm-none-eabi/12.2.1/thumb/v8-m.main+fp/hard\libc_nano.a(libc_a-stdio.o)
 .ARM.attributes
                0x00000c98       0x38 d:/sili/developer/toolchains/gnu_arm/12.2.rel1_2023.7/bin/../lib/gcc/arm-none-eabi/12.2.1/thumb/v8-m.main+fp/hard\libc_nano.a(libc_a-memset.o)
 .ARM.attributes
                0x00000cd0       0x38 d:/sili/developer/toolchains/gnu_arm/12.2.rel1_2023.7/bin/../lib/gcc/arm-none-eabi/12.2.1/thumb/v8-m.main+fp/hard\libc_nano.a(libc_a-closer.o)
 .ARM.attributes
                0x00000d08       0x38 d:/sili/developer/toolchains/gnu_arm/12.2.rel1_2023.7/bin/../lib/gcc/arm-none-eabi/12.2.1/thumb/v8-m.main+fp/hard\libc_nano.a(libc_a-reent.o)
 .ARM.attributes
                0x00000d40       0x38 d:/sili/developer/toolchains/gnu_arm/12.2.rel1_2023.7/bin/../lib/gcc/arm-none-eabi/12.2.1/thumb/v8-m.main+fp/hard\libc_nano.a(libc_a-impure.o)
 .ARM.attributes
                0x00000d78       0x38 d:/sili/developer/toolchains/gnu_arm/12.2.rel1_2023.7/bin/../lib/gcc/arm-none-eabi/12.2.1/thumb/v8-m.main+fp/hard\libc_nano.a(libc_a-lseekr.o)
 .ARM.attributes
                0x00000db0       0x38 d:/sili/developer/toolchains/gnu_arm/12.2.rel1_2023.7/bin/../lib/gcc/arm-none-eabi/12.2.1/thumb/v8-m.main+fp/hard\libc_nano.a(libc_a-readr.o)
 .ARM.attributes
                0x00000de8       0x38 d:/sili/developer/toolchains/gnu_arm/12.2.rel1_2023.7/bin/../lib/gcc/arm-none-eabi/12.2.1/thumb/v8-m.main+fp/hard\libc_nano.a(libc_a-writer.o)
 .ARM.attributes
                0x00000e20       0x38 d:/sili/developer/toolchains/gnu_arm/12.2.rel1_2023.7/bin/../lib/gcc/arm-none-eabi/12.2.1/thumb/v8-m.main+fp/hard\libc_nano.a(libc_a-init.o)
 .ARM.attributes
                0x00000e58       0x38 d:/sili/developer/toolchains/gnu_arm/12.2.rel1_2023.7/bin/../lib/gcc/arm-none-eabi/12.2.1/thumb/v8-m.main+fp/hard\libc_nano.a(libc_a-lock.o)
 .ARM.attributes
                0x00000e90       0x38 d:/sili/developer/toolchains/gnu_arm/12.2.rel1_2023.7/bin/../lib/gcc/arm-none-eabi/12.2.1/thumb/v8-m.main+fp/hard\libc_nano.a(libc_a-memcpy-stub.o)
 .ARM.attributes
                0x00000ec8       0x38 d:/sili/developer/toolchains/gnu_arm/12.2.rel1_2023.7/bin/../lib/gcc/arm-none-eabi/12.2.1/thumb/v8-m.main+fp/hard\libc_nano.a(libc_a-freer.o)
 .ARM.attributes
                0x00000f00       0x38 d:/sili/developer/toolchains/gnu_arm/12.2.rel1_2023.7/bin/../lib/gcc/arm-none-eabi/12.2.1/thumb/v8-m.main+fp/hard\libc_nano.a(libc_a-malloc.o)
 .ARM.attributes
                0x00000f38       0x38 d:/sili/developer/toolchains/gnu_arm/12.2.rel1_2023.7/bin/../lib/gcc/arm-none-eabi/12.2.1/thumb/v8-m.main+fp/hard\libc_nano.a(libc_a-mallocr.o)
 .ARM.attributes
                0x00000f70       0x38 d:/sili/developer/toolchains/gnu_arm/12.2.rel1_2023.7/bin/../lib/gcc/arm-none-eabi/12.2.1/thumb/v8-m.main+fp/hard\libc_nano.a(libc_a-mlock.o)
 .ARM.attributes
                0x00000fa8       0x38 d:/sili/developer/toolchains/gnu_arm/12.2.rel1_2023.7/bin/../lib/gcc/arm-none-eabi/12.2.1/thumb/v8-m.main+fp/hard\libc_nano.a(libc_a-nano-svfprintf.o)
 .ARM.attributes
                0x00000fe0       0x38 d:/sili/developer/toolchains/gnu_arm/12.2.rel1_2023.7/bin/../lib/gcc/arm-none-eabi/12.2.1/thumb/v8-m.main+fp/hard\libc_nano.a(libc_a-nano-vfprintf.o)
 .ARM.attributes
                0x00001018       0x38 d:/sili/developer/toolchains/gnu_arm/12.2.rel1_2023.7/bin/../lib/gcc/arm-none-eabi/12.2.1/thumb/v8-m.main+fp/hard\libc_nano.a(libc_a-nano-vfprintf_i.o)
 .ARM.attributes
                0x00001050       0x38 d:/sili/developer/toolchains/gnu_arm/12.2.rel1_2023.7/bin/../lib/gcc/arm-none-eabi/12.2.1/thumb/v8-m.main+fp/hard\libc_nano.a(libc_a-fflush.o)
 .ARM.attributes
                0x00001088       0x38 d:/sili/developer/toolchains/gnu_arm/12.2.rel1_2023.7/bin/../lib/gcc/arm-none-eabi/12.2.1/thumb/v8-m.main+fp/hard\libc_nano.a(libc_a-makebuf.o)
 .ARM.attributes
                0x000010c0       0x38 d:/sili/developer/toolchains/gnu_arm/12.2.rel1_2023.7/bin/../lib/gcc/arm-none-eabi/12.2.1/thumb/v8-m.main+fp/hard\libc_nano.a(libc_a-wbuf.o)
 .ARM.attributes
                0x000010f8       0x38 d:/sili/developer/toolchains/gnu_arm/12.2.rel1_2023.7/bin/../lib/gcc/arm-none-eabi/12.2.1/thumb/v8-m.main+fp/hard\libc_nano.a(libc_a-wsetup.o)
 .ARM.attributes
                0x00001130       0x38 d:/sili/developer/toolchains/gnu_arm/12.2.rel1_2023.7/bin/../lib/gcc/arm-none-eabi/12.2.1/thumb/v8-m.main+fp/hard\libc_nano.a(libc_a-memmove.o)
 .ARM.attributes
                0x00001168       0x38 d:/sili/developer/toolchains/gnu_arm/12.2.rel1_2023.7/bin/../lib/gcc/arm-none-eabi/12.2.1/thumb/v8-m.main+fp/hard\libc_nano.a(libc_a-fstatr.o)
 .ARM.attributes
                0x000011a0       0x38 d:/sili/developer/toolchains/gnu_arm/12.2.rel1_2023.7/bin/../lib/gcc/arm-none-eabi/12.2.1/thumb/v8-m.main+fp/hard\libc_nano.a(libc_a-isattyr.o)
 .ARM.attributes
                0x000011d8       0x38 d:/sili/developer/toolchains/gnu_arm/12.2.rel1_2023.7/bin/../lib/gcc/arm-none-eabi/12.2.1/thumb/v8-m.main+fp/hard\libc_nano.a(libc_a-sbrkr.o)
 .ARM.attributes
                0x00001210       0x38 d:/sili/developer/toolchains/gnu_arm/12.2.rel1_2023.7/bin/../lib/gcc/arm-none-eabi/12.2.1/thumb/v8-m.main+fp/hard\libc_nano.a(libc_a-memchr-stub.o)
 .ARM.attributes
                0x00001248       0x38 d:/sili/developer/toolchains/gnu_arm/12.2.rel1_2023.7/bin/../lib/gcc/arm-none-eabi/12.2.1/thumb/v8-m.main+fp/hard\libc_nano.a(libc_a-reallocr.o)
 .ARM.attributes
                0x00001280       0x38 d:/sili/developer/toolchains/gnu_arm/12.2.rel1_2023.7/bin/../lib/gcc/arm-none-eabi/12.2.1/thumb/v8-m.main+fp/hard\libc_nano.a(libc_a-msizer.o)
 .ARM.attributes
                0x000012b8       0x38 d:/sili/developer/toolchains/gnu_arm/12.2.rel1_2023.7/bin/../lib/gcc/arm-none-eabi/12.2.1/thumb/v8-m.main+fp/hard/crtend.o
 .ARM.attributes
                0x000012f0       0x26 d:/sili/developer/toolchains/gnu_arm/12.2.rel1_2023.7/bin/../lib/gcc/arm-none-eabi/12.2.1/thumb/v8-m.main+fp/hard/crtn.o

.comment        0x00000000       0x45
 .comment       0x00000000       0x45 ./app.o
                                 0x46 (size before relaxing)
 .comment       0x00000045       0x46 ./main.o
 .comment       0x00000045       0x46 ./autogen/sl_board_default_init.o
 .comment       0x00000045       0x46 ./autogen/sl_event_handler.o
 .comment       0x00000045       0x46 ./autogen/sl_i2cspm_init.o
 .comment       0x00000045       0x46 ./bsp/bsp_aht20.o
 .comment       0x00000045       0x46 ./bsp/bsp_usart.o
 .comment       0x00000045       0x46 ./driver/aht20.o
 .comment       0x00000045       0x46 ./simplicity_sdk_2024.6.2/app/common/util/app_log/app_log.o
 .comment       0x00000045       0x46 ./simplicity_sdk_2024.6.2/hardware/board/src/sl_board_control_gpio.o
 .comment       0x00000045       0x46 ./simplicity_sdk_2024.6.2/hardware/board/src/sl_board_init.o
 .comment       0x00000045       0x46 ./simplicity_sdk_2024.6.2/hardware/driver/configuration_over_swo/src/sl_cos.o
 .comment       0x00000045       0x46 ./simplicity_sdk_2024.6.2/platform/Device/SiliconLabs/EFR32MG21/Source/startup_efr32mg21.o
 .comment       0x00000045       0x46 ./simplicity_sdk_2024.6.2/platform/Device/SiliconLabs/EFR32MG21/Source/system_efr32mg21.o
 .comment       0x00000045       0x46 ./simplicity_sdk_2024.6.2/platform/common/src/sl_assert.o
 .comment       0x00000045       0x46 ./simplicity_sdk_2024.6.2/platform/common/src/sl_core_cortexm.o
 .comment       0x00000045       0x46 ./simplicity_sdk_2024.6.2/platform/driver/debug/src/sl_debug_swo.o
 .comment       0x00000045       0x46 ./simplicity_sdk_2024.6.2/platform/driver/i2cspm/src/sl_i2cspm.o
 .comment       0x00000045       0x46 ./simplicity_sdk_2024.6.2/platform/emdrv/dmadrv/src/dmadrv.o
 .comment       0x00000045       0x46 ./simplicity_sdk_2024.6.2/platform/emlib/src/em_cmu.o
 .comment       0x00000045       0x46 ./simplicity_sdk_2024.6.2/platform/emlib/src/em_emu.o
 .comment       0x00000045       0x46 ./simplicity_sdk_2024.6.2/platform/emlib/src/em_gpio.o
 .comment       0x00000045       0x46 ./simplicity_sdk_2024.6.2/platform/emlib/src/em_i2c.o
 .comment       0x00000045       0x46 ./simplicity_sdk_2024.6.2/platform/emlib/src/em_rtcc.o
 .comment       0x00000045       0x46 ./simplicity_sdk_2024.6.2/platform/emlib/src/em_system.o
 .comment       0x00000045       0x46 ./simplicity_sdk_2024.6.2/platform/emlib/src/em_usart.o
 .comment       0x00000045       0x46 ./simplicity_sdk_2024.6.2/platform/service/clock_manager/src/sl_clock_manager.o
 .comment       0x00000045       0x46 ./simplicity_sdk_2024.6.2/platform/service/clock_manager/src/sl_clock_manager_hal_s2.o
 .comment       0x00000045       0x46 ./simplicity_sdk_2024.6.2/platform/service/clock_manager/src/sl_clock_manager_init.o
 .comment       0x00000045       0x46 ./simplicity_sdk_2024.6.2/platform/service/clock_manager/src/sl_clock_manager_init_hal_s2.o
 .comment       0x00000045       0x46 ./simplicity_sdk_2024.6.2/platform/service/device_init/src/sl_device_init_emu_s2.o
 .comment       0x00000045       0x46 ./simplicity_sdk_2024.6.2/platform/service/device_manager/devices/sl_device_peripheral_hal_efr32xg21.o
 .comment       0x00000045       0x46 ./simplicity_sdk_2024.6.2/platform/service/device_manager/src/sl_device_clock.o
 .comment       0x00000045       0x46 ./simplicity_sdk_2024.6.2/platform/service/interrupt_manager/src/sl_interrupt_manager_cortexm.o
 .comment       0x00000045       0x46 ./simplicity_sdk_2024.6.2/platform/service/iostream/src/sl_iostream.o
 .comment       0x00000045       0x46 ./simplicity_sdk_2024.6.2/platform/service/iostream/src/sl_iostream_retarget_stdio.o
 .comment       0x00000045       0x46 ./simplicity_sdk_2024.6.2/platform/service/iostream/src/sl_iostream_stdlib_config.o
 .comment       0x00000045       0x46 ./simplicity_sdk_2024.6.2/platform/service/memory_manager/src/sl_memory_manager_region.o
 .comment       0x00000045       0x46 ./simplicity_sdk_2024.6.2/platform/service/sleeptimer/src/sl_sleeptimer.o
 .comment       0x00000045       0x46 ./simplicity_sdk_2024.6.2/platform/service/sleeptimer/src/sl_sleeptimer_hal_rtcc.o
 .comment       0x00000045       0x46 ./simplicity_sdk_2024.6.2/platform/service/system/src/sl_system_init.o
 .comment       0x00000045       0x46 ./simplicity_sdk_2024.6.2/platform/service/system/src/sl_system_process_action.o
 .comment       0x00000045       0x46 ./simplicity_sdk_2024.6.2/platform/service/udelay/src/sl_udelay.o

.debug_line_str
                0x00000000      0x1cd
 .debug_line_str
                0x00000000       0xe7 d:/sili/developer/toolchains/gnu_arm/12.2.rel1_2023.7/bin/../lib/gcc/arm-none-eabi/12.2.1/thumb/v8-m.main+fp/hard/crt0.o
 .debug_line_str
                0x000000e7       0xd2 d:/sili/developer/toolchains/gnu_arm/12.2.rel1_2023.7/bin/../lib/gcc/arm-none-eabi/12.2.1/thumb/v8-m.main+fp/hard\libgcc.a(_arm_addsubdf3.o)
 .debug_line_str
                0x000001b9        0x8 d:/sili/developer/toolchains/gnu_arm/12.2.rel1_2023.7/bin/../lib/gcc/arm-none-eabi/12.2.1/thumb/v8-m.main+fp/hard\libgcc.a(_aeabi_uldivmod.o)
                                 0xcd (size before relaxing)
 .debug_line_str
                0x000001c1        0xc d:/sili/developer/toolchains/gnu_arm/12.2.rel1_2023.7/bin/../lib/gcc/arm-none-eabi/12.2.1/thumb/v8-m.main+fp/hard\libgcc.a(_dvmd_tls.o)
                                 0xd1 (size before relaxing)

.debug_info     0x00000000    0x2d6d4
 .debug_info    0x00000000      0x954 ./app.o
 .debug_info    0x00000954       0xe3 ./main.o
 .debug_info    0x00000a37       0xcc ./autogen/sl_board_default_init.o
 .debug_info    0x00000b03     0x1333 ./autogen/sl_event_handler.o