Archive member included to satisfy reference by file (symbol)

d:/sili/developer/toolchains/gnu_arm/12.2.rel1_2023.7/bin/../lib/gcc/arm-none-eabi/12.2.1/thumb/v8-m.main+fp/hard\libgcc.a(_aeabi_ldivmod.o)
                              ./simplicity_sdk_2024.6.2/platform/emlib/src/em_usart.o (__aeabi_ldivmod)
d:/sili/developer/toolchains/gnu_arm/12.2.rel1_2023.7/bin/../lib/gcc/arm-none-eabi/12.2.1/thumb/v8-m.main+fp/hard\libgcc.a(_aeabi_uldivmod.o)
                              ./simplicity_sdk_2024.6.2/platform/emlib/src/em_usart.o (__aeabi_uldivmod)
d:/sili/developer/toolchains/gnu_arm/12.2.rel1_2023.7/bin/../lib/gcc/arm-none-eabi/12.2.1/thumb/v8-m.main+fp/hard\libgcc.a(_udivmoddi4.o)
                              d:/sili/developer/toolchains/gnu_arm/12.2.rel1_2023.7/bin/../lib/gcc/arm-none-eabi/12.2.1/thumb/v8-m.main+fp/hard\libgcc.a(_aeabi_ldivmod.o) (__udivmoddi4)
d:/sili/developer/toolchains/gnu_arm/12.2.rel1_2023.7/bin/../lib/gcc/arm-none-eabi/12.2.1/thumb/v8-m.main+fp/hard\libgcc.a(_dvmd_tls.o)
                              d:/sili/developer/toolchains/gnu_arm/12.2.rel1_2023.7/bin/../lib/gcc/arm-none-eabi/12.2.1/thumb/v8-m.main+fp/hard\libgcc.a(_aeabi_ldivmod.o) (__aeabi_ldiv0)
d:/sili/developer/toolchains/gnu_arm/12.2.rel1_2023.7/bin/../lib/gcc/arm-none-eabi/12.2.1/thumb/v8-m.main+fp/hard\libc_nano.a(libc_a-exit.o)
                              d:/sili/developer/toolchains/gnu_arm/12.2.rel1_2023.7/bin/../lib/gcc/arm-none-eabi/12.2.1/thumb/v8-m.main+fp/hard/crt0.o (exit)
d:/sili/developer/toolchains/gnu_arm/12.2.rel1_2023.7/bin/../lib/gcc/arm-none-eabi/12.2.1/thumb/v8-m.main+fp/hard\libc_nano.a(libc_a-ctype_.o)
                              ./simplicity_sdk_2024.6.2/platform/common/src/sl_string.o (_ctype_)
d:/sili/developer/toolchains/gnu_arm/12.2.rel1_2023.7/bin/../lib/gcc/arm-none-eabi/12.2.1/thumb/v8-m.main+fp/hard\libc_nano.a(libc_a-findfp.o)
                              d:/sili/developer/toolchains/gnu_arm/12.2.rel1_2023.7/bin/../lib/gcc/arm-none-eabi/12.2.1/thumb/v8-m.main+fp/hard\libc_nano.a(libc_a-exit.o) (__stdio_exit_handler)
d:/sili/developer/toolchains/gnu_arm/12.2.rel1_2023.7/bin/../lib/gcc/arm-none-eabi/12.2.1/thumb/v8-m.main+fp/hard\libc_nano.a(libc_a-fwalk.o)
                              d:/sili/developer/toolchains/gnu_arm/12.2.rel1_2023.7/bin/../lib/gcc/arm-none-eabi/12.2.1/thumb/v8-m.main+fp/hard\libc_nano.a(libc_a-findfp.o) (_fwalk_sglue)
d:/sili/developer/toolchains/gnu_arm/12.2.rel1_2023.7/bin/../lib/gcc/arm-none-eabi/12.2.1/thumb/v8-m.main+fp/hard\libc_nano.a(libc_a-setvbuf.o)
                              ./simplicity_sdk_2024.6.2/platform/service/iostream/src/sl_iostream_stdlib_config.o (setvbuf)
d:/sili/developer/toolchains/gnu_arm/12.2.rel1_2023.7/bin/../lib/gcc/arm-none-eabi/12.2.1/thumb/v8-m.main+fp/hard\libc_nano.a(libc_a-stdio.o)
                              d:/sili/developer/toolchains/gnu_arm/12.2.rel1_2023.7/bin/../lib/gcc/arm-none-eabi/12.2.1/thumb/v8-m.main+fp/hard\libc_nano.a(libc_a-findfp.o) (__sread)
d:/sili/developer/toolchains/gnu_arm/12.2.rel1_2023.7/bin/../lib/gcc/arm-none-eabi/12.2.1/thumb/v8-m.main+fp/hard\libc_nano.a(libc_a-vprintf.o)
                              ./simplicity_sdk_2024.6.2/platform/service/iostream/src/sl_iostream.o (vprintf)
d:/sili/developer/toolchains/gnu_arm/12.2.rel1_2023.7/bin/../lib/gcc/arm-none-eabi/12.2.1/thumb/v8-m.main+fp/hard\libc_nano.a(libc_a-memset.o)
                              d:/sili/developer/toolchains/gnu_arm/12.2.rel1_2023.7/bin/../lib/gcc/arm-none-eabi/12.2.1/thumb/v8-m.main+fp/hard/crt0.o (memset)
d:/sili/developer/toolchains/gnu_arm/12.2.rel1_2023.7/bin/../lib/gcc/arm-none-eabi/12.2.1/thumb/v8-m.main+fp/hard\libc_nano.a(libc_a-closer.o)
                              d:/sili/developer/toolchains/gnu_arm/12.2.rel1_2023.7/bin/../lib/gcc/arm-none-eabi/12.2.1/thumb/v8-m.main+fp/hard\libc_nano.a(libc_a-stdio.o) (_close_r)
d:/sili/developer/toolchains/gnu_arm/12.2.rel1_2023.7/bin/../lib/gcc/arm-none-eabi/12.2.1/thumb/v8-m.main+fp/hard\libc_nano.a(libc_a-reent.o)
                              d:/sili/developer/toolchains/gnu_arm/12.2.rel1_2023.7/bin/../lib/gcc/arm-none-eabi/12.2.1/thumb/v8-m.main+fp/hard\libc_nano.a(libc_a-closer.o) (errno)
d:/sili/developer/toolchains/gnu_arm/12.2.rel1_2023.7/bin/../lib/gcc/arm-none-eabi/12.2.1/thumb/v8-m.main+fp/hard\libc_nano.a(libc_a-impure.o)
                              ./simplicity_sdk_2024.6.2/platform/service/iostream/src/sl_iostream_stdlib_config.o (_impure_ptr)
d:/sili/developer/toolchains/gnu_arm/12.2.rel1_2023.7/bin/../lib/gcc/arm-none-eabi/12.2.1/thumb/v8-m.main+fp/hard\libc_nano.a(libc_a-lseekr.o)
                              d:/sili/developer/toolchains/gnu_arm/12.2.rel1_2023.7/bin/../lib/gcc/arm-none-eabi/12.2.1/thumb/v8-m.main+fp/hard\libc_nano.a(libc_a-stdio.o) (_lseek_r)
d:/sili/developer/toolchains/gnu_arm/12.2.rel1_2023.7/bin/../lib/gcc/arm-none-eabi/12.2.1/thumb/v8-m.main+fp/hard\libc_nano.a(libc_a-readr.o)
[...]
Memory Configuration

Name             Origin             Length             Attributes
FLASH            0x00000000         0x000fe000         xr
RAM              0x20000000         0x00018000         xrw
*default*        0x00000000         0xffffffff

Linker script and memory map

LOAD d:/sili/developer/toolchains/gnu_arm/12.2.rel1_2023.7/bin/../lib/gcc/arm-none-eabi/12.2.1/thumb/v8-m.main+fp/hard/crti.o
LOAD d:/sili/developer/toolchains/gnu_arm/12.2.rel1_2023.7/bin/../lib/gcc/arm-none-eabi/12.2.1/thumb/v8-m.main+fp/hard/crtbegin.o
LOAD d:/sili/developer/toolchains/gnu_arm/12.2.rel1_2023.7/bin/../lib/gcc/arm-none-eabi/12.2.1/thumb/v8-m.main+fp/hard/crt0.o
START GROUP
LOAD ./app.o
LOAD ./main.o
LOAD ./autogen/sl_board_default_init.o
LOAD ./autogen/sl_event_handler.o
LOAD ./autogen/sl_i2cspm_init.o
LOAD ./autogen/sl_iostream_handles.o
LOAD ./driver/aht20.o
LOAD ./simplicity_sdk_2024.6.2/app/common/util/app_log/app_log.o
LOAD ./simplicity_sdk_2024.6.2/hardware/board/src/sl_board_control_gpio.o
LOAD ./simplicity_sdk_2024.6.2/hardware/board/src/sl_board_init.o
LOAD ./simplicity_sdk_2024.6.2/hardware/driver/configuration_over_swo/src/sl_cos.o
LOAD ./simplicity_sdk_2024.6.2/platform/Device/SiliconLabs/EFR32MG21/Source/startup_efr32mg21.o
LOAD ./simplicity_sdk_2024.6.2/platform/Device/SiliconLabs/EFR32MG21/Source/system_efr32mg21.o
LOAD ./simplicity_sdk_2024.6.2/platform/common/src/sl_assert.o
LOAD ./simplicity_sdk_2024.6.2/platform/common/src/sl_core_cortexm.o
LOAD ./simplicity_sdk_2024.6.2/platform/common/src/sl_string.o
LOAD ./simplicity_sdk_2024.6.2/platform/common/src/sl_syscalls.o
LOAD ./simplicity_sdk_2024.6.2/platform/driver/debug/src/sl_debug_swo.o
LOAD ./simplicity_sdk_2024.6.2/platform/driver/i2cspm/src/sl_i2cspm.o
LOAD ./simplicity_sdk_2024.6.2/platform/emdrv/dmadrv/src/dmadrv.o
LOAD ./simplicity_sdk_2024.6.2/platform/emlib/src/em_burtc.o
LOAD ./simplicity_sdk_2024.6.2/platform/emlib/src/em_cmu.o
LOAD ./simplicity_sdk_2024.6.2/platform/emlib/src/em_core.o
LOAD ./simplicity_sdk_2024.6.2/platform/emlib/src/em_emu.o
LOAD ./simplicity_sdk_2024.6.2/platform/emlib/src/em_gpio.o
LOAD ./simplicity_sdk_2024.6.2/platform/emlib/src/em_i2c.o
LOAD ./simplicity_sdk_2024.6.2/platform/emlib/src/em_ldma.o
LOAD ./simplicity_sdk_2024.6.2/platform/emlib/src/em_msc.o
LOAD ./simplicity_sdk_2024.6.2/platform/emlib/src/em_rtcc.o
LOAD ./simplicity_sdk_2024.6.2/platform/emlib/src/em_system.o
LOAD ./simplicity_sdk_2024.6.2/platform/emlib/src/em_timer.o
LOAD ./simplicity_sdk_2024.6.2/platform/emlib/src/em_usart.o
LOAD ./simplicity_sdk_2024.6.2/platform/service/clock_manager/src/sl_clock_manager.o
LOAD ./simplicity_sdk_2024.6.2/platform/service/clock_manager/src/sl_clock_manager_hal_s2.o
LOAD ./simplicity_sdk_2024.6.2/platform/service/clock_manager/src/sl_clock_manager_init.o
LOAD ./simplicity_sdk_2024.6.2/platform/service/clock_manager/src/sl_clock_manager_init_hal_s2.o
LOAD ./simplicity_sdk_2024.6.2/platform/service/device_init/src/sl_device_init_emu_s2.o
LOAD ./simplicity_sdk_2024.6.2/platform/service/device_manager/devices/sl_device_peripheral_hal_efr32xg21.o
LOAD ./simplicity_sdk_2024.6.2/platform/service/device_manager/src/sl_device_clock.o
LOAD ./simplicity_sdk_2024.6.2/platform/service/device_manager/src/sl_device_peripheral.o
LOAD ./simplicity_sdk_2024.6.2/platform/service/interrupt_manager/src/sl_interrupt_manager_cortexm.o
LOAD ./simplicity_sdk_2024.6.2/platform/service/iostream/src/sl_iostream.o
LOAD ./simplicity_sdk_2024.6.2/platform/service/iostream/src/sl_iostream_retarget_stdio.o
LOAD ./simplicity_sdk_2024.6.2/platform/service/iostream/src/sl_iostream_stdlib_config.o
LOAD ./simplicity_sdk_2024.6.2/platform/service/iostream/src/sl_iostream_uart.o
LOAD ./simplicity_sdk_2024.6.2/platform/service/iostream/src/sl_iostream_usart.o
LOAD ./simplicity_sdk_2024.6.2/platform/service/memory_manager/src/sl_memory_manager_region.o
LOAD ./simplicity_sdk_2024.6.2/platform/service/sleeptimer/src/sl_sleeptimer.o
LOAD ./simplicity_sdk_2024.6.2/platform/service/sleeptimer/src/sl_sleeptimer_hal_burtc.o
LOAD ./simplicity_sdk_2024.6.2/platform/service/sleeptimer/src/sl_sleeptimer_hal_prortc.o
LOAD ./simplicity_sdk_2024.6.2/platform/service/sleeptimer/src/sl_sleeptimer_hal_rtcc.o
LOAD ./simplicity_sdk_2024.6.2/platform/service/sleeptimer/src/sl_sleeptimer_hal_timer.o
LOAD ./simplicity_sdk_2024.6.2/platform/service/system/src/sl_system_init.o
LOAD ./simplicity_sdk_2024.6.2/platform/service/system/src/sl_system_process_action.o
LOAD ./simplicity_sdk_2024.6.2/platform/service/udelay/src/sl_udelay.o
LOAD ./simplicity_sdk_2024.6.2/platform/service/udelay/src/sl_udelay_armv6m_gcc.o
LOAD d:/sili/developer/toolchains/gnu_arm/12.2.rel1_2023.7/bin/../lib/gcc/arm-none-eabi/12.2.1/thumb/v8-m.main+fp/hard\libgcc.a
LOAD d:/sili/developer/toolchains/gnu_arm/12.2.rel1_2023.7/bin/../lib/gcc/arm-none-eabi/12.2.1/thumb/v8-m.main+fp/hard\libc_nano.a
LOAD d:/sili/developer/toolchains/gnu_arm/12.2.rel1_2023.7/bin/../lib/gcc/arm-none-eabi/12.2.1/thumb/v8-m.main+fp/hard\libm.a
LOAD d:/sili/developer/toolchains/gnu_arm/12.2.rel1_2023.7/bin/../lib/gcc/arm-none-eabi/12.2.1/thumb/v8-m.main+fp/hard\libnosys.a
END GROUP
START GROUP
LOAD d:/sili/developer/toolchains/gnu_arm/12.2.rel1_2023.7/bin/../lib/gcc/arm-none-eabi/12.2.1/thumb/v8-m.main+fp/hard\libgcc.a
LOAD d:/sili/developer/toolchains/gnu_arm/12.2.rel1_2023.7/bin/../lib/gcc/arm-none-eabi/12.2.1/thumb/v8-m.main+fp/hard\libc_nano.a
LOAD d:/sili/developer/toolchains/gnu_arm/12.2.rel1_2023.7/bin/../lib/gcc/arm-none-eabi/12.2.1/thumb/v8-m.main+fp/hard\libnosys.a
END GROUP
START GROUP
LOAD d:/sili/developer/toolchains/gnu_arm/12.2.rel1_2023.7/bin/../lib/gcc/arm-none-eabi/12.2.1/thumb/v8-m.main+fp/hard\libgcc.a
LOAD d:/sili/developer/toolchains/gnu_arm/12.2.rel1_2023.7/bin/../lib/gcc/arm-none-eabi/12.2.1/thumb/v8-m.main+fp/hard\libg_nano.a
LOAD d:/sili/developer/toolchains/gnu_arm/12.2.rel1_2023.7/bin/../lib/gcc/arm-none-eabi/12.2.1/thumb/v8-m.main+fp/hard\libc_nano.a
END GROUP
START GROUP
LOAD d:/sili/developer/toolchains/gnu_arm/12.2.rel1_2023.7/bin/../lib/gcc/arm-none-eabi/12.2.1/thumb/v8-m.main+fp/hard\libgcc.a
LOAD d:/sili/developer/toolchains/gnu_arm/12.2.rel1_2023.7/bin/../lib/gcc/arm-none-eabi/12.2.1/thumb/v8-m.main+fp/hard\libc_nano.a
END GROUP
LOAD d:/sili/developer/toolchains/gnu_arm/12.2.rel1_2023.7/bin/../lib/gcc/arm-none-eabi/12.2.1/thumb/v8-m.main+fp/hard/crtend.o
LOAD d:/sili/developer/toolchains/gnu_arm/12.2.rel1_2023.7/bin/../lib/gcc/arm-none-eabi/12.2.1/thumb/v8-m.main+fp/hard/crtn.o

.vectors        0x00000000      0x134
                0x00000000                linker_vectors_begin = .
 *(.vectors)
 .vectors       0x00000000      0x134 ./simplicity_sdk_2024.6.2/platform/Device/SiliconLabs/EFR32MG21/Source/startup_efr32mg21.o
                0x00000000                __Vectors
                0x00000134                linker_vectors_end = .
                0x00000134                __Vectors_End = .
                0x00000134                __Vectors_Size = (__Vectors_End - __Vectors)
                0x00000134                __lma_ramfuncs_start__ = .

.stack          0x20000000     0x1000
                0x20000000                . = ALIGN (0x8)
                0x20000000                __StackLimit = .
 *(.stack*)
 .stack         0x20000000     0x1000 ./simplicity_sdk_2024.6.2/platform/service/memory_manager/src/sl_memory_manager_region.o
                0x20001000                . = ALIGN (0x4)
                0x20001000                __StackTop = .
                0x20001000                PROVIDE (__stack = __StackTop)

.noinit
 *(.noinit*)

.bss            0x20001000      0x304
                0x20001000                . = ALIGN (0x4)
                0x20001000                __bss_start__ = .
 *(SORT_BY_ALIGNMENT(.bss*))
 .bss.object.0  0x20001000       0x18 d:/sili/developer/toolchains/gnu_arm/12.2.rel1_2023.7/bin/../lib/gcc/arm-none-eabi/12.2.1/thumb/v8-m.main+fp/hard/crtbegin.o
 .bss.app_log_iostream
                0x20001018        0x4 ./simplicity_sdk_2024.6.2/app/common/util/app_log/app_log.o
                0x20001018                app_log_iostream
 .bss.dmaXfer   0x2000101c      0x100 ./simplicity_sdk_2024.6.2/platform/emdrv/dmadrv/src/dmadrv.o
 .bss.chTable   0x2000111c       0x80 ./simplicity_sdk_2024.6.2/platform/emdrv/dmadrv/src/dmadrv.o
 .bss.sli_iostream_default
                0x2000119c        0x4 ./simplicity_sdk_2024.6.2/platform/service/iostream/src/sl_iostream.o
 .bss.max_millisecond_conversion
                0x200011a0        0x4 ./simplicity_sdk_2024.6.2/platform/service/sleeptimer/src/sl_sleeptimer.o
 .bss.last_delta_update_count
                0x200011a4        0x4 ./simplicity_sdk_2024.6.2/platform/service/sleeptimer/src/sl_sleeptimer.o
 .bss.timer_head
                0x200011a8        0x4 ./simplicity_sdk_2024.6.2/platform/service/sleeptimer/src/sl_sleeptimer.o
 .bss.timer_frequency
                0x200011ac        0x4 ./simplicity_sdk_2024.6.2/platform/service/sleeptimer/src/sl_sleeptimer.o
 .bss.__sf      0x200011b0      0x138 d:/sili/developer/toolchains/gnu_arm/12.2.rel1_2023.7/bin/../lib/gcc/arm-none-eabi/12.2.1/thumb/v8-m.main+fp/hard\libc_nano.a(libc_a-findfp.o)
                0x200011b0                __sf
 .bss.__stdio_exit_handler
                0x200012e8        0x4 d:/sili/developer/toolchains/gnu_arm/12.2.rel1_2023.7/bin/../lib/gcc/arm-none-eabi/12.2.1/thumb/v8-m.main+fp/hard\libc_nano.a(libc_a-findfp.o)
                0x200012e8                __stdio_exit_handler
 .bss.errno     0x200012ec        0x4 d:/sili/developer/toolchains/gnu_arm/12.2.rel1_2023.7/bin/../lib/gcc/arm-none-eabi/12.2.1/thumb/v8-m.main+fp/hard\libc_nano.a(libc_a-reent.o)
                0x200012ec                errno
 .bss.__malloc_sbrk_start
                0x200012f0        0x4 d:/sili/developer/toolchains/gnu_arm/12.2.rel1_2023.7/bin/../lib/gcc/arm-none-eabi/12.2.1/thumb/v8-m.main+fp/hard\libc_nano.a(libc_a-mallocr.o)
                0x200012f0                __malloc_sbrk_start
 .bss.__malloc_free_list
                0x200012f4        0x4 d:/sili/developer/toolchains/gnu_arm/12.2.rel1_2023.7/bin/../lib/gcc/arm-none-eabi/12.2.1/thumb/v8-m.main+fp/hard\libc_nano.a(libc_a-mallocr.o)
                0x200012f4                __malloc_free_list
 .bss.overflow_counter
                0x200012f8        0x2 ./simplicity_sdk_2024.6.2/platform/service/sleeptimer/src/sl_sleeptimer.o
 .bss.completed.1
                0x200012fa        0x1 d:/sili/developer/toolchains/gnu_arm/12.2.rel1_2023.7/bin/../lib/gcc/arm-none-eabi/12.2.1/thumb/v8-m.main+fp/hard/crtbegin.o
 .bss.level_mask_enabled
                0x200012fb        0x1 ./simplicity_sdk_2024.6.2/app/common/util/app_log/app_log.o
 .bss.ctuneDelta
                0x200012fc        0x1 ./simplicity_sdk_2024.6.2/platform/emlib/src/em_cmu.o
 .bss.sleep_on_isr_exit
                0x200012fd        0x1 ./simplicity_sdk_2024.6.2/platform/service/sleeptimer/src/sl_sleeptimer.o
 .bss.next_timer_to_expire_is_power_manager
                0x200012fe        0x1 ./simplicity_sdk_2024.6.2/platform/service/sleeptimer/src/sl_sleeptimer.o
 .bss.is_sleeptimer_initialized
                0x200012ff        0x1 ./simplicity_sdk_2024.6.2/platform/service/sleeptimer/src/sl_sleeptimer.o
 .bss.__lock___malloc_recursive_mutex
                0x20001300        0x1 d:/sili/developer/toolchains/gnu_arm/12.2.rel1_2023.7/bin/../lib/gcc/arm-none-eabi/12.2.1/thumb/v8-m.main+fp/hard\libc_nano.a(libc_a-lock.o)
                0x20001300                __lock___malloc_recursive_mutex
 .bss.__lock___sfp_recursive_mutex
                0x20001301        0x1 d:/sili/developer/toolchains/gnu_arm/12.2.rel1_2023.7/bin/../lib/gcc/arm-none-eabi/12.2.1/thumb/v8-m.main+fp/hard\libc_nano.a(libc_a-lock.o)
                0x20001301                __lock___sfp_recursive_mutex
 *(COMMON)
                0x20001304                . = ALIGN (0x4)
 *fill*         0x20001302        0x2 
                0x20001304                __bss_end__ = .

text_application_ram
                0x20001304        0x0 load address 0x00000134
                0x20001304                . = ALIGN (0x4)
                0x20001304                __vma_ramfuncs_start__ = .
                0x20001304                __text_application_ram_start__ = .
 *(text_application_ram)
                0x20001304                . = ALIGN (0x4)
                0x20001304                __vma_ramfuncs_end__ = .
                0x20001304                __text_application_ram_end__ = .

.rodata         0x00000134        0x0
                0x00000134                __lma_ramfuncs_end__ = .
                0x00000134                __rodata_start__ = .
                0x00000134                __rodata_end__ = .

.text           0x00000140     0x3024
                0x00000140                linker_code_begin = .
 *(SORT_BY_ALIGNMENT(.text*))
 .text          0x00000140        0x8 ./simplicity_sdk_2024.6.2/platform/service/udelay/src/sl_udelay_armv6m_gcc.o
                0x00000140                sli_delay_loop
 .text.deregister_tm_clones
                0x00000148       0x1c d:/sili/developer/toolchains/gnu_arm/12.2.rel1_2023.7/bin/../lib/gcc/arm-none-eabi/12.2.1/thumb/v8-m.main+fp/hard/crtbegin.o
 .text.register_tm_clones
                0x00000164       0x28 d:/sili/developer/toolchains/gnu_arm/12.2.rel1_2023.7/bin/../lib/gcc/arm-none-eabi/12.2.1/thumb/v8-m.main+fp/hard/crtbegin.o
 .text.__do_global_dtors_aux
                0x0000018c       0x28 d:/sili/developer/toolchains/gnu_arm/12.2.rel1_2023.7/bin/../lib/gcc/arm-none-eabi/12.2.1/thumb/v8-m.main+fp/hard/crtbegin.o
 .text.frame_dummy
                0x000001b4       0x24 d:/sili/developer/toolchains/gnu_arm/12.2.rel1_2023.7/bin/../lib/gcc/arm-none-eabi/12.2.1/thumb/v8-m.main+fp/hard/crtbegin.o
 .text          0x000001d8       0x7c d:/sili/developer/toolchains/gnu_arm/12.2.rel1_2023.7/bin/../lib/gcc/arm-none-eabi/12.2.1/thumb/v8-m.main+fp/hard/crt0.o
                0x000001d8                _stack_init
                0x000001e0                _start
                0x000001e0                _mainCRTStartup
 .text.sl_platform_init
                0x00000254       0xa8 ./autogen/sl_event_handler.o
                0x00000254                sl_platform_init
 .text.sl_i2cspm_init_instances
                0x000002fc       0x1c ./autogen/sl_i2cspm_init.o
                0x000002fc                sl_i2cspm_init_instances
 .text.app_log_init
                0x00000318       0x38 ./simplicity_sdk_2024.6.2/app/common/util/app_log/app_log.o
                0x00000318                app_log_init
 .text.sl_board_init
                0x00000350       0x14 ./simplicity_sdk_2024.6.2/hardware/board/src/sl_board_init.o
                0x00000350                sl_board_init
 .text.sl_board_preinit
                0x00000364        0xc ./simplicity_sdk_2024.6.2/hardware/board/src/sl_board_init.o
                0x00000364                sl_board_preinit
 .text.CopyToRam
                0x00000370       0x1c ./simplicity_sdk_2024.6.2/platform/Device/SiliconLabs/EFR32MG21/Source/startup_efr32mg21.o
                0x00000370                CopyToRam
 .text.Reset_Handler
                0x0000038c       0x64 ./simplicity_sdk_2024.6.2/platform/Device/SiliconLabs/EFR32MG21/Source/startup_efr32mg21.o
                0x0000038c                Reset_Handler
 .text.SystemInit
                0x000003f0       0x58 ./simplicity_sdk_2024.6.2/platform/Device/SiliconLabs/EFR32MG21/Source/system_efr32mg21.o
                0x000003f0                SystemInit
 .text.SystemHFRCODPLLClockGet
                0x00000448        0xc ./simplicity_sdk_2024.6.2/platform/Device/SiliconLabs/EFR32MG21/Source/system_efr32mg21.o
                0x00000448                SystemHFRCODPLLClockGet
 .text.SystemHFRCODPLLClockSet
                0x00000454        0xc ./simplicity_sdk_2024.6.2/platform/Device/SiliconLabs/EFR32MG21/Source/system_efr32mg21.o
                0x00000454                SystemHFRCODPLLClockSet
 .text.SystemSYSCLKGet
                0x00000460       0x34 ./simplicity_sdk_2024.6.2/platform/Device/SiliconLabs/EFR32MG21/Source/system_efr32mg21.o
                0x00000460                SystemSYSCLKGet
 .text.SystemHCLKGet
                0x00000494       0x24 ./simplicity_sdk_2024.6.2/platform/Device/SiliconLabs/EFR32MG21/Source/system_efr32mg21.o
                0x00000494                SystemHCLKGet
 .text.SystemMaxCoreClockGet
                0x000004b8        0x8 ./simplicity_sdk_2024.6.2/platform/Device/SiliconLabs/EFR32MG21/Source/system_efr32mg21.o
                0x000004b8                SystemMaxCoreClockGet
 .text.SystemHFXOClockGet
                0x000004c0        0xc ./simplicity_sdk_2024.6.2/platform/Device/SiliconLabs/EFR32MG21/Source/system_efr32mg21.o
                0x000004c0                SystemHFXOClockGet
 .text.SystemHFXOClockSet
                0x000004cc       0x20 ./simplicity_sdk_2024.6.2/platform/Device/SiliconLabs/EFR32MG21/Source/system_efr32mg21.o
                0x000004cc                SystemHFXOClockSet
 .text.SystemFSRCOClockGet
                0x000004ec        0x8 ./simplicity_sdk_2024.6.2/platform/Device/SiliconLabs/EFR32MG21/Source/system_efr32mg21.o
                0x000004ec                SystemFSRCOClockGet
 .text.SystemHFRCOEM23ClockGet
                0x000004f4       0x88 ./simplicity_sdk_2024.6.2/platform/Device/SiliconLabs/EFR32MG21/Source/system_efr32mg21.o
                0x000004f4                SystemHFRCOEM23ClockGet
 .text.SystemLFXOClockGet
                0x0000057c        0xc ./simplicity_sdk_2024.6.2/platform/Device/SiliconLabs/EFR32MG21/Source/system_efr32mg21.o
                0x0000057c                SystemLFXOClockGet
 .text.sl_debug_swo_init
                0x00000588       0xcc ./simplicity_sdk_2024.6.2/platform/driver/debug/src/sl_debug_swo.o
                0x00000588                sl_debug_swo_init
 .text.I2CSPM_Init
                0x00000654      0x148 ./simplicity_sdk_2024.6.2/platform/driver/i2cspm/src/sl_i2cspm.o
                0x00000654                I2CSPM_Init
 .text.LDMA_IRQHandler
                0x0000079c       0x74 ./simplicity_sdk_2024.6.2/platform/emdrv/dmadrv/src/dmadrv.o
                0x0000079c                LDMA_IRQHandler
 .text.flashWaitStateControl
                0x00000810       0x60 ./simplicity_sdk_2024.6.2/platform/emlib/src/em_cmu.o
 .text.HFRCODPLLDevinfoGet
                0x00000870      0x108 ./simplicity_sdk_2024.6.2/platform/emlib/src/em_cmu.o
 .text.traceClkGet
                0x00000978       0x48 ./simplicity_sdk_2024.6.2/platform/emlib/src/em_cmu.o
 .text.em01GrpaClkGet
                0x000009c0       0x64 ./simplicity_sdk_2024.6.2/platform/emlib/src/em_cmu.o
 .text.iadcClkGet
                0x00000a24       0x60 ./simplicity_sdk_2024.6.2/platform/emlib/src/em_cmu.o
 .text.em23GrpaClkGet
                0x00000a84       0x48 ./simplicity_sdk_2024.6.2/platform/emlib/src/em_cmu.o
 .text.em4GrpaClkGet
                0x00000acc       0x48 ./simplicity_sdk_2024.6.2/platform/emlib/src/em_cmu.o
 .text.wdog0ClkGet
                0x00000b14       0x64 ./simplicity_sdk_2024.6.2/platform/emlib/src/em_cmu.o
 .text.wdog1ClkGet
                0x00000b78       0x64 ./simplicity_sdk_2024.6.2/platform/emlib/src/em_cmu.o
 .text.rtccClkGet
                0x00000bdc       0x54 ./simplicity_sdk_2024.6.2/platform/emlib/src/em_cmu.o
 .text.dpllRefClkGet
                0x00000c30       0x48 ./simplicity_sdk_2024.6.2/platform/emlib/src/em_cmu.o
 .text.CMU_ClockDivGet
                0x00000c78       0x50 ./simplicity_sdk_2024.6.2/platform/emlib/src/em_cmu.o
                0x00000c78                CMU_ClockDivGet
 .text.CMU_ClockFreqGet
                0x00000cc8      0x104 ./simplicity_sdk_2024.6.2/platform/emlib/src/em_cmu.o
                0x00000cc8                CMU_ClockFreqGet
 .text.pclkDivOptimize
                0x00000dcc       0x20 ./simplicity_sdk_2024.6.2/platform/emlib/src/em_cmu.o
 .text.CMU_ClockDivSet
                0x00000dec       0xac ./simplicity_sdk_2024.6.2/platform/emlib/src/em_cmu.o
                0x00000dec                CMU_ClockDivSet
 .text.CMU_ClockSelectGet
                0x00000e98       0xf8 ./simplicity_sdk_2024.6.2/platform/emlib/src/em_cmu.o
                0x00000e98                CMU_ClockSelectGet
 .text.sli_em_cmu_SYSTICEXTCLKENClear
                0x00000f90       0x10 ./simplicity_sdk_2024.6.2/platform/emlib/src/em_cmu.o
                0x00000f90                sli_em_cmu_SYSTICEXTCLKENClear
 .text.CMU_HFRCODPLLBandSet
                0x00000fa0       0xd0 ./simplicity_sdk_2024.6.2/platform/emlib/src/em_cmu.o
                0x00000fa0                CMU_HFRCODPLLBandSet
 .text.CMU_HFXOInit
                0x00001070      0x1cc ./simplicity_sdk_2024.6.2/platform/emlib/src/em_cmu.o
                0x00001070                CMU_HFXOInit
 .text.CMU_HFXOCTuneDeltaGet
                0x0000123c        0xc ./simplicity_sdk_2024.6.2/platform/emlib/src/em_cmu.o
                0x0000123c                CMU_HFXOCTuneDeltaGet
 .text.CMU_LFXOInit
                0x00001248       0xb8 ./simplicity_sdk_2024.6.2/platform/emlib/src/em_cmu.o
                0x00001248                CMU_LFXOInit
 .text.CMU_LFXOPrecisionSet
                0x00001300        0xc ./simplicity_sdk_2024.6.2/platform/emlib/src/em_cmu.o
                0x00001300                CMU_LFXOPrecisionSet
 .text.CMU_HFXOPrecisionSet
                0x0000130c        0xc ./simplicity_sdk_2024.6.2/platform/emlib/src/em_cmu.o
                0x0000130c                CMU_HFXOPrecisionSet
 .text.CMU_HFRCOEM23BandSet
                0x00001318      0x144 ./simplicity_sdk_2024.6.2/platform/emlib/src/em_cmu.o
                0x00001318                CMU_HFRCOEM23BandSet
 .text.EMU_EM4Init
                0x0000145c       0x14 ./simplicity_sdk_2024.6.2/platform/emlib/src/em_emu.o
                0x0000145c                EMU_EM4Init
 .text.GPIO_PinOutSet
                0x00001470       0x40 ./simplicity_sdk_2024.6.2/platform/emlib/src/em_gpio.o
 .text.GPIO_PinOutClear
                0x000014b0       0x40 ./simplicity_sdk_2024.6.2/platform/emlib/src/em_gpio.o
 .text.GPIO_PinModeSet
                0x000014f0       0x90 ./simplicity_sdk_2024.6.2/platform/emlib/src/em_gpio.o
                0x000014f0                GPIO_PinModeSet
 .text.I2C_BusFreqSet
                0x00001580      0x10c ./simplicity_sdk_2024.6.2/platform/emlib/src/em_i2c.o
                0x00001580                I2C_BusFreqSet
 .text.I2C_Enable
                0x0000168c       0x3c ./simplicity_sdk_2024.6.2/platform/emlib/src/em_i2c.o
                0x0000168c                I2C_Enable
 .text.I2C_Init
                0x000016c8       0x68 ./simplicity_sdk_2024.6.2/platform/emlib/src/em_i2c.o
                0x000016c8                I2C_Init
 .text.RTCC_ChannelInit
                0x00001730       0x48 ./simplicity_sdk_2024.6.2/platform/emlib/src/em_rtcc.o
                0x00001730                RTCC_ChannelInit
 .text.RTCC_Enable
                0x00001778       0x54 ./simplicity_sdk_2024.6.2/platform/emlib/src/em_rtcc.o
                0x00001778                RTCC_Enable
 .text.RTCC_Init
                0x000017cc       0x48 ./simplicity_sdk_2024.6.2/platform/emlib/src/em_rtcc.o
                0x000017cc                RTCC_Init
 .text.SYSTEM_ChipRevisionGet
                0x00001814       0x1c ./simplicity_sdk_2024.6.2/platform/emlib/src/em_system.o
                0x00001814                SYSTEM_ChipRevisionGet
 .text.sli_clock_manager_hal_init
                0x00001830      0x1a4 ./simplicity_sdk_2024.6.2/platform/service/clock_manager/src/sl_clock_manager_init_hal_s2.o
                0x00001830                sli_clock_manager_hal_init
 .text.sl_device_init_emu
                0x000019d4       0x24 ./simplicity_sdk_2024.6.2/platform/service/device_init/src/sl_device_init_emu_s2.o
                0x000019d4                sl_device_init_emu
 .text.sl_interrupt_manager_enable_irq
                0x000019f8       0x34 ./simplicity_sdk_2024.6.2/platform/service/interrupt_manager/src/sl_interrupt_manager_cortexm.o
                0x000019f8                sl_interrupt_manager_enable_irq
 .text.sl_interrupt_manager_clear_irq_pending
                0x00001a2c       0x1c ./simplicity_sdk_2024.6.2/platform/service/interrupt_manager/src/sl_interrupt_manager_cortexm.o
                0x00001a2c                sl_interrupt_manager_clear_irq_pending
 .text.sl_interrupt_manager_set_irq_priority
                0x00001a48       0x50 ./simplicity_sdk_2024.6.2/platform/service/interrupt_manager/src/sl_interrupt_manager_cortexm.o
                0x00001a48                sl_interrupt_manager_set_irq_priority
 .text.sl_iostream_get_default
                0x00001a98       0x18 ./simplicity_sdk_2024.6.2/platform/service/iostream/src/sl_iostream.o
                0x00001a98                sl_iostream_get_default
 .text._write   0x00001ab0       0x20 ./simplicity_sdk_2024.6.2/platform/service/iostream/src/sl_iostream_retarget_stdio.o
                0x00001ab0                _write
 .text.sl_iostream_stdlib_disable_buffering
                0x00001ad0       0x14 ./simplicity_sdk_2024.6.2/platform/service/iostream/src/sl_iostream_stdlib_config.o
                0x00001ad0                sl_iostream_stdlib_disable_buffering
 .text._sbrk    0x00001ae4       0x20 ./simplicity_sdk_2024.6.2/platform/service/memory_manager/src/sl_memory_manager_region.o
                0x00001ae4                _sbrk
 .text.delta_list_insert_timer
                0x00001b04       0x40 ./simplicity_sdk_2024.6.2/platform/service/sleeptimer/src/sl_sleeptimer.o
 .text.update_delta_list
                0x00001b44       0x34 ./simplicity_sdk_2024.6.2/platform/service/sleeptimer/src/sl_sleeptimer.o
 .text.set_comparator_for_next_timer
                0x00001b78       0x5c ./simplicity_sdk_2024.6.2/platform/service/sleeptimer/src/sl_sleeptimer.o
 .text.delta_list_remove_timer
                0x00001bd4       0x38 ./simplicity_sdk_2024.6.2/platform/service/sleeptimer/src/sl_sleeptimer.o
 .text.sl_sleeptimer_init
                0x00001c0c       0x74 ./simplicity_sdk_2024.6.2/platform/service/sleeptimer/src/sl_sleeptimer.o
                0x00001c0c                sl_sleeptimer_init
 .text.process_timer_irq
                0x00001c80      0x150 ./simplicity_sdk_2024.6.2/platform/service/sleeptimer/src/sl_sleeptimer.o
                0x00001c80                process_timer_irq
 .text.sleeptimer_hal_init_timer
                0x00001dd0       0x80 ./simplicity_sdk_2024.6.2/platform/service/sleeptimer/src/sl_sleeptimer_hal_rtcc.o
                0x00001dd0                sleeptimer_hal_init_timer
 .text.sleeptimer_hal_set_compare
                0x00001e50       0x64 ./simplicity_sdk_2024.6.2/platform/service/sleeptimer/src/sl_sleeptimer_hal_rtcc.o
                0x00001e50                sleeptimer_hal_set_compare
 .text.sleeptimer_hal_disable_int
                0x00001eb4       0x30 ./simplicity_sdk_2024.6.2/platform/service/sleeptimer/src/sl_sleeptimer_hal_rtcc.o
                0x00001eb4                sleeptimer_hal_disable_int
 .text.sleeptimer_hal_set_int
                0x00001ee4       0x10 ./simplicity_sdk_2024.6.2/platform/service/sleeptimer/src/sl_sleeptimer_hal_rtcc.o
                0x00001ee4                sleeptimer_hal_set_int
 .text.RTCC_IRQHandler
                0x00001ef4       0x34 ./simplicity_sdk_2024.6.2/platform/service/sleeptimer/src/sl_sleeptimer_hal_rtcc.o
                0x00001ef4                RTCC_IRQHandler
 .text.sleeptimer_hal_get_timer_frequency
                0x00001f28       0x20 ./simplicity_sdk_2024.6.2/platform/service/sleeptimer/src/sl_sleeptimer_hal_rtcc.o
                0x00001f28                sleeptimer_hal_get_timer_frequency
 .text.sl_udelay_wait
                0x00001f48       0x58 ./simplicity_sdk_2024.6.2/platform/service/udelay/src/sl_udelay.o
                0x00001f48                sl_udelay_wait
 .text          0x00001fa0       0x30 d:/sili/developer/toolchains/gnu_arm/12.2.rel1_2023.7/bin/../lib/gcc/arm-none-eabi/12.2.1/thumb/v8-m.main+fp/hard\libgcc.a(_aeabi_uldivmod.o)
                0x00001fa0                __aeabi_uldivmod
 .text.__udivmoddi4
                0x00001fd0      0x2ec d:/sili/developer/toolchains/gnu_arm/12.2.rel1_2023.7/bin/../lib/gcc/arm-none-eabi/12.2.1/thumb/v8-m.main+fp/hard\libgcc.a(_udivmoddi4.o)
                0x00001fd0                __udivmoddi4
 .text          0x000022bc        0x4 d:/sili/developer/toolchains/gnu_arm/12.2.rel1_2023.7/bin/../lib/gcc/arm-none-eabi/12.2.1/thumb/v8-m.main+fp/hard\libgcc.a(_dvmd_tls.o)
                0x000022bc                __aeabi_idiv0
                0x000022bc                __aeabi_ldiv0
 .text.exit     0x000022c0       0x24 d:/sili/developer/toolchains/gnu_arm/12.2.rel1_2023.7/bin/../lib/gcc/arm-none-eabi/12.2.1/thumb/v8-m.main+fp/hard\libc_nano.a(libc_a-exit.o)
                0x000022c0                exit
 .text.std      0x000022e4       0x6c d:/sili/developer/toolchains/gnu_arm/12.2.rel1_2023.7/bin/../lib/gcc/arm-none-eabi/12.2.1/thumb/v8-m.main+fp/hard\libc_nano.a(libc_a-findfp.o)
 .text.stdio_exit_handler
                0x00002350       0x18 d:/sili/developer/toolchains/gnu_arm/12.2.rel1_2023.7/bin/../lib/gcc/arm-none-eabi/12.2.1/thumb/v8-m.main+fp/hard\libc_nano.a(libc_a-findfp.o)
 .text.cleanup_stdio
                0x00002368       0x40 d:/sili/developer/toolchains/gnu_arm/12.2.rel1_2023.7/bin/../lib/gcc/arm-none-eabi/12.2.1/thumb/v8-m.main+fp/hard\libc_nano.a(libc_a-findfp.o)
 .text.global_stdio_init.part.0
                0x000023a8       0x3c d:/sili/developer/toolchains/gnu_arm/12.2.rel1_2023.7/bin/../lib/gcc/arm-none-eabi/12.2.1/thumb/v8-m.main+fp/hard\libc_nano.a(libc_a-findfp.o)
 .text.__sfp_lock_acquire
                0x000023e4        0xc d:/sili/developer/toolchains/gnu_arm/12.2.rel1_2023.7/bin/../lib/gcc/arm-none-eabi/12.2.1/thumb/v8-m.main+fp/hard\libc_nano.a(libc_a-findfp.o)
                0x000023e4                __sfp_lock_acquire
 .text.__sfp_lock_release
                0x000023f0        0xc d:/sili/developer/toolchains/gnu_arm/12.2.rel1_2023.7/bin/../lib/gcc/arm-none-eabi/12.2.1/thumb/v8-m.main+fp/hard\libc_nano.a(libc_a-findfp.o)
                0x000023f0                __sfp_lock_release
 .text.__sinit  0x000023fc       0x30 d:/sili/developer/toolchains/gnu_arm/12.2.rel1_2023.7/bin/../lib/gcc/arm-none-eabi/12.2.1/thumb/v8-m.main+fp/hard\libc_nano.a(libc_a-findfp.o)
                0x000023fc                __sinit
 .text.setvbuf  0x0000242c      0x168 d:/sili/developer/toolchains/gnu_arm/12.2.rel1_2023.7/bin/../lib/gcc/arm-none-eabi/12.2.1/thumb/v8-m.main+fp/hard\libc_nano.a(libc_a-setvbuf.o)
                0x0000242c                setvbuf
 .text._close_r
                0x00002594       0x20 d:/sili/developer/toolchains/gnu_arm/12.2.rel1_2023.7/bin/../lib/gcc/arm-none-eabi/12.2.1/thumb/v8-m.main+fp/hard\libc_nano.a(libc_a-closer.o)
                0x00002594                _close_r
 .text._lseek_r
                0x000025b4       0x24 d:/sili/developer/toolchains/gnu_arm/12.2.rel1_2023.7/bin/../lib/gcc/arm-none-eabi/12.2.1/thumb/v8-m.main+fp/hard\libc_nano.a(libc_a-lseekr.o)
                0x000025b4                _lseek_r
 .text._read_r  0x000025d8       0x24 d:/sili/developer/toolchains/gnu_arm/12.2.rel1_2023.7/bin/../lib/gcc/arm-none-eabi/12.2.1/thumb/v8-m.main+fp/hard\libc_nano.a(libc_a-readr.o)
                0x000025d8                _read_r
 .text._write_r
                0x000025fc       0x24 d:/sili/developer/toolchains/gnu_arm/12.2.rel1_2023.7/bin/../lib/gcc/arm-none-eabi/12.2.1/thumb/v8-m.main+fp/hard\libc_nano.a(libc_a-writer.o)
                0x000025fc                _write_r
 .text.__libc_init_array
                0x00002620       0x48 d:/sili/developer/toolchains/gnu_arm/12.2.rel1_2023.7/bin/../lib/gcc/arm-none-eabi/12.2.1/thumb/v8-m.main+fp/hard\libc_nano.a(libc_a-init.o)
                0x00002620                __libc_init_array
 .text._free_r  0x00002668       0x94 d:/sili/developer/toolchains/gnu_arm/12.2.rel1_2023.7/bin/../lib/gcc/arm-none-eabi/12.2.1/thumb/v8-m.main+fp/hard\libc_nano.a(libc_a-freer.o)
                0x00002668                _free_r
 .text.malloc   0x000026fc       0x10 d:/sili/developer/toolchains/gnu_arm/12.2.rel1_2023.7/bin/../lib/gcc/arm-none-eabi/12.2.1/thumb/v8-m.main+fp/hard\libc_nano.a(libc_a-malloc.o)
                0x000026fc                malloc
 .text.sbrk_aligned
                0x0000270c       0x44 d:/sili/developer/toolchains/gnu_arm/12.2.rel1_2023.7/bin/../lib/gcc/arm-none-eabi/12.2.1/thumb/v8-m.main+fp/hard\libc_nano.a(libc_a-mallocr.o)
 .text._malloc_r
                0x00002750       0xf0 d:/sili/developer/toolchains/gnu_arm/12.2.rel1_2023.7/bin/../lib/gcc/arm-none-eabi/12.2.1/thumb/v8-m.main+fp/hard\libc_nano.a(libc_a-mallocr.o)
                0x00002750                _malloc_r
 .text.__malloc_lock
                0x00002840        0xc d:/sili/developer/toolchains/gnu_arm/12.2.rel1_2023.7/bin/../lib/gcc/arm-none-eabi/12.2.1/thumb/v8-m.main+fp/hard\libc_nano.a(libc_a-mlock.o)
                0x00002840                __malloc_lock
 .text.__malloc_unlock
                0x0000284c        0xc d:/sili/developer/toolchains/gnu_arm/12.2.rel1_2023.7/bin/../lib/gcc/arm-none-eabi/12.2.1/thumb/v8-m.main+fp/hard\libc_nano.a(libc_a-mlock.o)
                0x0000284c                __malloc_unlock
 .text._fstat_r
                0x00002858       0x24 d:/sili/developer/toolchains/gnu_arm/12.2.rel1_2023.7/bin/../lib/gcc/arm-none-eabi/12.2.1/thumb/v8-m.main+fp/hard\libc_nano.a(libc_a-fstatr.o)
                0x00002858                _fstat_r
 .text._sbrk_r  0x0000287c       0x20 d:/sili/developer/toolchains/gnu_arm/12.2.rel1_2023.7/bin/../lib/gcc/arm-none-eabi/12.2.1/thumb/v8-m.main+fp/hard\libc_nano.a(libc_a-sbrkr.o)
                0x0000287c                _sbrk_r
 .text.app_init
                0x0000289c        0x2 ./app.o
                0x0000289c                app_init
 .text.app_process_action
                0x0000289e        0x2 ./app.o
                0x0000289e                app_process_action
 .text.startup.main
                0x000028a0       0x14 ./main.o
                0x000028a0                main
 .text.sl_board_default_init
                0x000028b4        0x4 ./autogen/sl_board_default_init.o
                0x000028b4                sl_board_default_init
 .text.sl_driver_init
                0x000028b8       0x12 ./autogen/sl_event_handler.o
                0x000028b8                sl_driver_init
 .text.sl_service_init
                0x000028ca       0x12 ./autogen/sl_event_handler.o
                0x000028ca                sl_service_init
 .text.sl_stack_init
                0x000028dc        0x2 ./autogen/sl_event_handler.o
                0x000028dc                sl_stack_init
 .text.sl_internal_app_init
                0x000028de        0x4 ./autogen/sl_event_handler.o
                0x000028de                sl_internal_app_init
 .text.sl_platform_process_action
                0x000028e2        0x2 ./autogen/sl_event_handler.o
                0x000028e2                sl_platform_process_action
 .text.sl_service_process_action
                0x000028e4        0x2 ./autogen/sl_event_handler.o
                0x000028e4                sl_service_process_action
 .text.sl_stack_process_action
                0x000028e6        0x2 ./autogen/sl_event_handler.o
                0x000028e6                sl_stack_process_action
 .text.sl_internal_app_process_action
                0x000028e8        0x2 ./autogen/sl_event_handler.o
                0x000028e8                sl_internal_app_process_action
 .text.sl_board_enable_vcom
                0x000028ea       0x12 ./simplicity_sdk_2024.6.2/hardware/board/src/sl_board_control_gpio.o
                0x000028ea                sl_board_enable_vcom
 .text.sl_board_configure_vcom
                0x000028fc        0x4 ./simplicity_sdk_2024.6.2/hardware/board/src/sl_board_control_gpio.o
                0x000028fc                sl_board_configure_vcom
 .text.sl_board_disable_vcom
                0x00002900       0x12 ./simplicity_sdk_2024.6.2/hardware/board/src/sl_board_control_gpio.o
                0x00002900                sl_board_disable_vcom
 .text.sl_cos_send_config
                0x00002912       0x12 ./simplicity_sdk_2024.6.2/hardware/driver/configuration_over_swo/src/sl_cos.o
                0x00002912                sl_cos_send_config
 .text.Default_Handler
                0x00002924        0x2 ./simplicity_sdk_2024.6.2/platform/Device/SiliconLabs/EFR32MG21/Source/startup_efr32mg21.o
                0x00002924                ULFRCO_IRQHandler
                0x00002924                SW2_IRQHandler
                0x00002924                TIMER2_IRQHandler
                0x00002924                DebugMon_Handler
                0x00002924                USART0_TX_IRQHandler
                0x00002924                PRORTC_IRQHandler
                0x00002924                IADC_IRQHandler
                0x00002924                I2C0_IRQHandler
                0x00002924                LFXO_IRQHandler
                0x00002924                HardFault_Handler
                0x00002924                SMU_SECURE_IRQHandler
                0x00002924                SysTick_Handler
                0x00002924                USART1_RX_IRQHandler
                0x00002924                PendSV_Handler
                0x00002924                NMI_Handler
                0x00002924                SYNTH_IRQHandler
                0x00002924                I2C1_IRQHandler
                0x00002924                WDOG0_IRQHandler
                0x00002924                TIMER3_IRQHandler
                0x00002924                SYSCFG_IRQHandler
                0x00002924                EMUSE_IRQHandler
                0x00002924                EMUDG_IRQHandler
                0x00002924                USART1_TX_IRQHandler
                0x00002924                SMU_PRIVILEGED_IRQHandler
                0x00002924                MSC_IRQHandler
                0x00002924                DPLL0_IRQHandler
                0x00002924                UsageFault_Handler
                0x00002924                WDOG1_IRQHandler
                0x00002924                M33CTI1_IRQHandler
                0x00002924                GPIO_EVEN_IRQHandler
                0x00002924                SEMBTX_IRQHandler
                0x00002924                SW0_IRQHandler
                0x00002924                TIMER0_IRQHandler
                0x00002924                LETIMER0_IRQHandler
                0x00002924                TIMER1_IRQHandler
                0x00002924                HFRCO0_IRQHandler
                0x00002924                SecureFault_Handler
                0x00002924                BUFC_IRQHandler
                0x00002924                MODEM_IRQHandler
                0x00002924                USART2_RX_IRQHandler
                0x00002924                Default_Handler
                0x00002924                RAC_SEQ_IRQHandler
                0x00002924                FRC_PRI_IRQHandler
                0x00002924                EMU_IRQHandler
                0x00002924                SW3_IRQHandler
                0x00002924                KERNEL0_IRQHandler
                0x00002924                FRC_IRQHandler
                0x00002924                KERNEL1_IRQHandler
                0x00002924                AGC_IRQHandler
                0x00002924                sl_app_properties
                0x00002924                HFRCOEM23_IRQHandler
                0x00002924                BURTC_IRQHandler
                0x00002924                SEMBRX_IRQHandler
                0x00002924                LFRCO_IRQHandler
                0x00002924                ACMP0_IRQHandler
                0x00002924                USART0_RX_IRQHandler
                0x00002924                MemManage_Handler
                0x00002924                SVC_Handler
                0x00002924                HFXO00_IRQHandler
                0x00002924                SW1_IRQHandler
                0x00002924                CMU_IRQHandler
                0x00002924                RAC_RSM_IRQHandler
                0x00002924                SETAMPERHOST_IRQHandler
                0x00002924                GPIO_ODD_IRQHandler
                0x00002924                AES_IRQHandler
                0x00002924                M33CTI0_IRQHandler
                0x00002924                ICACHE0_IRQHandler
                0x00002924                PROTIMER_IRQHandler
                0x00002924                ACMP1_IRQHandler
                0x00002924                BusFault_Handler
                0x00002924                USART2_TX_IRQHandler
 .text.CopyBlock
                0x00002926       0x18 ./simplicity_sdk_2024.6.2/platform/Device/SiliconLabs/EFR32MG21/Source/startup_efr32mg21.o
                0x00002926                CopyBlock
 .text.SystemCLKIN0Get
                0x0000293e        0x4 ./simplicity_sdk_2024.6.2/platform/Device/SiliconLabs/EFR32MG21/Source/system_efr32mg21.o
                0x0000293e                SystemCLKIN0Get
 .text.SystemLFRCOClockGet
                0x00002942        0x6 ./simplicity_sdk_2024.6.2/platform/Device/SiliconLabs/EFR32MG21/Source/system_efr32mg21.o
                0x00002942                SystemLFRCOClockGet
 .text.SystemULFRCOClockGet
                0x00002948        0x6 ./simplicity_sdk_2024.6.2/platform/Device/SiliconLabs/EFR32MG21/Source/system_efr32mg21.o
                0x00002948                SystemULFRCOClockGet
 .text.assertEFM
                0x0000294e        0x2 ./simplicity_sdk_2024.6.2/platform/common/src/sl_assert.o
                0x0000294e                assertEFM
 .text.CORE_EnterCritical
                0x00002950        0x8 ./simplicity_sdk_2024.6.2/platform/common/src/sl_core_cortexm.o
                0x00002950                CORE_EnterCritical
 .text.CORE_ExitCritical
                0x00002958        0x6 ./simplicity_sdk_2024.6.2/platform/common/src/sl_core_cortexm.o
                0x00002958                CORE_ExitCritical
 .text.CORE_EnterAtomic
                0x0000295e        0xc ./simplicity_sdk_2024.6.2/platform/common/src/sl_core_cortexm.o
                0x0000295e                CORE_EnterAtomic
 .text.CORE_ExitAtomic
                0x0000296a        0x6 ./simplicity_sdk_2024.6.2/platform/common/src/sl_core_cortexm.o
                0x0000296a                CORE_ExitAtomic
 .text.sl_debug_swo_enable_itm
                0x00002970       0x16 ./simplicity_sdk_2024.6.2/platform/driver/debug/src/sl_debug_swo.o
                0x00002970                sl_debug_swo_enable_itm
 .text.sl_debug_swo_disable_itm
                0x00002986       0x18 ./simplicity_sdk_2024.6.2/platform/driver/debug/src/sl_debug_swo.o
                0x00002986                sl_debug_swo_disable_itm
 .text.waitStateMax
                0x0000299e       0x10 ./simplicity_sdk_2024.6.2/platform/emlib/src/em_cmu.o
 .text.pclkDivMax
                0x000029ae        0x8 ./simplicity_sdk_2024.6.2/platform/emlib/src/em_cmu.o
 .text.sli_em_cmu_SYSCLKInitPreClockSelect
                0x000029b6        0xe ./simplicity_sdk_2024.6.2/platform/emlib/src/em_cmu.o
                0x000029b6                sli_em_cmu_SYSCLKInitPreClockSelect
 .text.sli_em_cmu_SYSCLKInitPostClockSelect
                0x000029c4       0x1a ./simplicity_sdk_2024.6.2/platform/emlib/src/em_cmu.o
                0x000029c4                sli_em_cmu_SYSCLKInitPostClockSelect
 .text.BUS_RegMaskedWrite
                0x000029de       0x1e ./simplicity_sdk_2024.6.2/platform/emlib/src/em_gpio.o
 .text.GPIO_DbgLocationSet
                0x000029fc        0x2 ./simplicity_sdk_2024.6.2/platform/emlib/src/em_gpio.o
                0x000029fc                GPIO_DbgLocationSet
 .text.RTCC_SyncWait
                0x000029fe       0x10 ./simplicity_sdk_2024.6.2/platform/emlib/src/em_rtcc.o
 .text.sl_clock_manager_runtime_init
                0x00002a0e        0x4 ./simplicity_sdk_2024.6.2/platform/service/clock_manager/src/sl_clock_manager.o
                0x00002a0e                sl_clock_manager_runtime_init
 .text.sl_clock_manager_get_clock_branch_frequency
                0x00002a12        0xa ./simplicity_sdk_2024.6.2/platform/service/clock_manager/src/sl_clock_manager.o
                0x00002a12                sl_clock_manager_get_clock_branch_frequency
 .text.sl_clock_manager_enable_bus_clock
                0x00002a1c        0x6 ./simplicity_sdk_2024.6.2/platform/service/clock_manager/src/sl_clock_manager.o
                0x00002a1c                sl_clock_manager_enable_bus_clock
 .text.sli_clock_manager_hal_runtime_init
                0x00002a22        0x4 ./simplicity_sdk_2024.6.2/platform/service/clock_manager/src/sl_clock_manager_hal_s2.o
                0x00002a22                sli_clock_manager_hal_runtime_init
 .text.sli_clock_manager_hal_get_clock_branch_frequency
                0x00002a26       0x82 ./simplicity_sdk_2024.6.2/platform/service/clock_manager/src/sl_clock_manager_hal_s2.o
                0x00002a26                sli_clock_manager_hal_get_clock_branch_frequency
 .text.sli_clock_manager_hal_enable_bus_clock
                0x00002aa8        0x4 ./simplicity_sdk_2024.6.2/platform/service/clock_manager/src/sl_clock_manager_hal_s2.o
                0x00002aa8                sli_clock_manager_hal_enable_bus_clock
 .text.sl_clock_manager_init
                0x00002aac        0x4 ./simplicity_sdk_2024.6.2/platform/service/clock_manager/src/sl_clock_manager_init.o
                0x00002aac                sl_clock_manager_init
 .text.sl_interrupt_manager_init
                0x00002ab0       0x16 ./simplicity_sdk_2024.6.2/platform/service/interrupt_manager/src/sl_interrupt_manager_cortexm.o
                0x00002ab0                sl_interrupt_manager_init
 .text.sl_iostream_write
                0x00002ac6       0x22 ./simplicity_sdk_2024.6.2/platform/service/iostream/src/sl_iostream.o
                0x00002ac6                sl_iostream_write
 .text.sl_iostream_read
                0x00002ae8       0x30 ./simplicity_sdk_2024.6.2/platform/service/iostream/src/sl_iostream.o
                0x00002ae8                sl_iostream_read
 .text._close   0x00002b18        0x4 ./simplicity_sdk_2024.6.2/platform/service/iostream/src/sl_iostream_retarget_stdio.o
                0x00002b18                _close
 .text._exit    0x00002b1c        0x2 ./simplicity_sdk_2024.6.2/platform/service/iostream/src/sl_iostream_retarget_stdio.o
                0x00002b1c                _exit
 .text._fstat   0x00002b1e        0xa ./simplicity_sdk_2024.6.2/platform/service/iostream/src/sl_iostream_retarget_stdio.o
                0x00002b1e                _fstat
 .text._lseek   0x00002b28        0x4 ./simplicity_sdk_2024.6.2/platform/service/iostream/src/sl_iostream_retarget_stdio.o
                0x00002b28                _lseek
 .text._read    0x00002b2c       0x1c ./simplicity_sdk_2024.6.2/platform/service/iostream/src/sl_iostream_retarget_stdio.o
                0x00002b2c                _read
 .text.sleeptimer_hal_presc_to_log2.constprop.0
                0x00002b48        0x4 ./simplicity_sdk_2024.6.2/platform/service/sleeptimer/src/sl_sleeptimer_hal_rtcc.o
 .text.sleeptimer_hal_get_counter
                0x00002b4c        0xe ./simplicity_sdk_2024.6.2/platform/service/sleeptimer/src/sl_sleeptimer_hal_rtcc.o
                0x00002b4c                sleeptimer_hal_get_counter
 .text.sleeptimer_hal_enable_int
                0x00002b5a       0x18 ./simplicity_sdk_2024.6.2/platform/service/sleeptimer/src/sl_sleeptimer_hal_rtcc.o
                0x00002b5a                sleeptimer_hal_enable_int
 .text.sl_system_init
                0x00002b72       0x1a ./simplicity_sdk_2024.6.2/platform/service/system/src/sl_system_init.o
                0x00002b72                sl_system_init
 .text.sl_system_process_action
                0x00002b8c       0x16 ./simplicity_sdk_2024.6.2/platform/service/system/src/sl_system_process_action.o
                0x00002b8c                sl_system_process_action
 .text._fwalk_sglue
                0x00002ba2       0x3c d:/sili/developer/toolchains/gnu_arm/12.2.rel1_2023.7/bin/../lib/gcc/arm-none-eabi/12.2.1/thumb/v8-m.main+fp/hard\libc_nano.a(libc_a-fwalk.o)
                0x00002ba2                _fwalk_sglue
 .text.__sread  0x00002bde       0x22 d:/sili/developer/toolchains/gnu_arm/12.2.rel1_2023.7/bin/../lib/gcc/arm-none-eabi/12.2.1/thumb/v8-m.main+fp/hard\libc_nano.a(libc_a-stdio.o)
                0x00002bde                __sread
 .text.__swrite
                0x00002c00       0x38 d:/sili/developer/toolchains/gnu_arm/12.2.rel1_2023.7/bin/../lib/gcc/arm-none-eabi/12.2.1/thumb/v8-m.main+fp/hard\libc_nano.a(libc_a-stdio.o)
                0x00002c00                __swrite
 .text.__sseek  0x00002c38       0x24 d:/sili/developer/toolchains/gnu_arm/12.2.rel1_2023.7/bin/../lib/gcc/arm-none-eabi/12.2.1/thumb/v8-m.main+fp/hard\libc_nano.a(libc_a-stdio.o)
                0x00002c38                __sseek
 .text.__sclose
                0x00002c5c        0x8 d:/sili/developer/toolchains/gnu_arm/12.2.rel1_2023.7/bin/../lib/gcc/arm-none-eabi/12.2.1/thumb/v8-m.main+fp/hard\libc_nano.a(libc_a-stdio.o)
                0x00002c5c                __sclose
 .text.memset   0x00002c64       0x10 d:/sili/developer/toolchains/gnu_arm/12.2.rel1_2023.7/bin/../lib/gcc/arm-none-eabi/12.2.1/thumb/v8-m.main+fp/hard\libc_nano.a(libc_a-memset.o)
                0x00002c64                memset
 .text.__retarget_lock_init_recursive
                0x00002c74        0x2 d:/sili/developer/toolchains/gnu_arm/12.2.rel1_2023.7/bin/../lib/gcc/arm-none-eabi/12.2.1/thumb/v8-m.main+fp/hard\libc_nano.a(libc_a-lock.o)
                0x00002c74                __retarget_lock_init_recursive
 .text.__retarget_lock_acquire_recursive
                0x00002c76        0x2 d:/sili/developer/toolchains/gnu_arm/12.2.rel1_2023.7/bin/../lib/gcc/arm-none-eabi/12.2.1/thumb/v8-m.main+fp/hard\libc_nano.a(libc_a-lock.o)
                0x00002c76                __retarget_lock_acquire_recursive
 .text.__retarget_lock_release_recursive
                0x00002c78        0x2 d:/sili/developer/toolchains/gnu_arm/12.2.rel1_2023.7/bin/../lib/gcc/arm-none-eabi/12.2.1/thumb/v8-m.main+fp/hard\libc_nano.a(libc_a-lock.o)
                0x00002c78                __retarget_lock_release_recursive
 .text.__sflush_r
                0x00002c7a      0x106 d:/sili/developer/toolchains/gnu_arm/12.2.rel1_2023.7/bin/../lib/gcc/arm-none-eabi/12.2.1/thumb/v8-m.main+fp/hard\libc_nano.a(libc_a-fflush.o)
                0x00002c7a                __sflush_r
 .text._fflush_r
                0x00002d80       0x50 d:/sili/developer/toolchains/gnu_arm/12.2.rel1_2023.7/bin/../lib/gcc/arm-none-eabi/12.2.1/thumb/v8-m.main+fp/hard\libc_nano.a(libc_a-fflush.o)
                0x00002d80                _fflush_r
 .text.__swhatbuf_r
                0x00002dd0       0x4a d:/sili/developer/toolchains/gnu_arm/12.2.rel1_2023.7/bin/../lib/gcc/arm-none-eabi/12.2.1/thumb/v8-m.main+fp/hard\libc_nano.a(libc_a-makebuf.o)
                0x00002dd0                __swhatbuf_r
 *(SORT_BY_ALIGNMENT(text_*))
                0x00002e20                . = ALIGN (0x20)
 *fill*         0x00002e1a        0x6 
                0x00002e20                linker_code_end = .
 *(.init)
 .init          0x00002e20        0x4 d:/sili/developer/toolchains/gnu_arm/12.2.rel1_2023.7/bin/../lib/gcc/arm-none-eabi/12.2.1/thumb/v8-m.main+fp/hard/crti.o
                0x00002e20                _init
 .init          0x00002e24        0x8 d:/sili/developer/toolchains/gnu_arm/12.2.rel1_2023.7/bin/../lib/gcc/arm-none-eabi/12.2.1/thumb/v8-m.main+fp/hard/crtn.o
 *(.fini)
 .fini          0x00002e2c        0x4 d:/sili/developer/toolchains/gnu_arm/12.2.rel1_2023.7/bin/../lib/gcc/arm-none-eabi/12.2.1/thumb/v8-m.main+fp/hard/crti.o
                0x00002e2c                _fini
 .fini          0x00002e30        0x8 d:/sili/developer/toolchains/gnu_arm/12.2.rel1_2023.7/bin/../lib/gcc/arm-none-eabi/12.2.1/thumb/v8-m.main+fp/hard/crtn.o
 *crtbegin.o(.ctors)
 *crtbegin?.o(.ctors)
 *(EXCLUDE_FILE(*crtend.o *crtend?.o) .ctors)
 *(SORT_BY_NAME(.ctors.*))
 *(.ctors)
 *crtbegin.o(.dtors)
 *crtbegin?.o(.dtors)
 *(EXCLUDE_FILE(*crtend.o *crtend?.o) .dtors)
 *(SORT_BY_NAME(.dtors.*))
 *(.dtors)
 *(.rodata*)
 .rodata.I2CSPM_Init.str1.1
                0x00002e38       0x80 ./simplicity_sdk_2024.6.2/platform/driver/i2cspm/src/sl_i2cspm.o
 .rodata.CSWTCH.13
                0x00002eb8        0x4 ./simplicity_sdk_2024.6.2/platform/driver/i2cspm/src/sl_i2cspm.o
 .rodata.HFRCODPLLDevinfoGet.str1.1
                0x00002ebc       0x3a ./simplicity_sdk_2024.6.2/platform/emlib/src/em_cmu.o
 .rodata.GPIO_PinOutSet.str1.1
                0x00002ef6       0x3b ./simplicity_sdk_2024.6.2/platform/emlib/src/em_gpio.o
 .rodata.GPIO_ExtIntConfig.str1.1
                0x00002ef6       0x3b ./simplicity_sdk_2024.6.2/platform/emlib/src/em_gpio.o
 .rodata.CSWTCH.31
                0x00002f31        0x4 ./simplicity_sdk_2024.6.2/platform/emlib/src/em_gpio.o
 .rodata.I2C_BusFreqGet.str1.1
                0x00002f35       0x3a ./simplicity_sdk_2024.6.2/platform/emlib/src/em_i2c.o
 .rodata.i2cNSum
                0x00002f6f        0x4 ./simplicity_sdk_2024.6.2/platform/emlib/src/em_i2c.o
 .rodata.RTCC_ChannelInit.str1.1
                0x00002f73       0x3b ./simplicity_sdk_2024.6.2/platform/emlib/src/em_rtcc.o
 *fill*         0x00002fae        0x2 
 .rodata        0x00002fb0       0x3c ./simplicity_sdk_2024.6.2/platform/service/clock_manager/src/sl_clock_manager_init_hal_s2.o
 .rodata.sl_peripheral_val_rtcc
                0x00002fec        0xc ./simplicity_sdk_2024.6.2/platform/service/device_manager/devices/sl_device_peripheral_hal_efr32xg21.o
                0x00002fec                sl_peripheral_val_rtcc
 .rodata.SL_BUS_CLOCK_RTCC_VALUE
                0x00002ff8        0x4 ./simplicity_sdk_2024.6.2/platform/service/device_manager/src/sl_device_clock.o
                0x00002ff8                SL_BUS_CLOCK_RTCC_VALUE
 .rodata.SL_BUS_CLOCK_I2C1_VALUE
                0x00002ffc        0x4 ./simplicity_sdk_2024.6.2/platform/service/device_manager/src/sl_device_clock.o
                0x00002ffc                SL_BUS_CLOCK_I2C1_VALUE
 .rodata.SL_BUS_CLOCK_I2C0_VALUE
                0x00003000        0x4 ./simplicity_sdk_2024.6.2/platform/service/device_manager/src/sl_device_clock.o
                0x00003000                SL_BUS_CLOCK_I2C0_VALUE
 .rodata.SL_BUS_CLOCK_GPIO_VALUE
                0x00003004        0x4 ./simplicity_sdk_2024.6.2/platform/service/device_manager/src/sl_device_clock.o
                0x00003004                SL_BUS_CLOCK_GPIO_VALUE
 .rodata.sl_interrupt_manager_disable_irq.str1.1
                0x00003008       0x64 ./simplicity_sdk_2024.6.2/platform/service/interrupt_manager/src/sl_interrupt_manager_cortexm.o
 .rodata._write.str1.1
                0x0000306c       0x59 ./simplicity_sdk_2024.6.2/platform/service/iostream/src/sl_iostream_retarget_stdio.o
 .rodata.process_timer_irq.str1.1
                0x000030c5       0x4e ./simplicity_sdk_2024.6.2/platform/service/sleeptimer/src/sl_sleeptimer.o
 .rodata        0x00003113        0xb ./simplicity_sdk_2024.6.2/platform/service/sleeptimer/src/sl_sleeptimer_hal_rtcc.o
 .rodata.sl_udelay_wait.str1.1
                0x0000311e       0x46 ./simplicity_sdk_2024.6.2/platform/service/udelay/src/sl_udelay.o
 *(.eh_frame*)
 .eh_frame      0x00003164        0x0 d:/sili/developer/toolchains/gnu_arm/12.2.rel1_2023.7/bin/../lib/gcc/arm-none-eabi/12.2.1/thumb/v8-m.main+fp/hard/crtbegin.o

.glue_7         0x00003164        0x0
 .glue_7        0x00003164        0x0 linker stubs

.glue_7t        0x00003164        0x0
 .glue_7t       0x00003164        0x0 linker stubs

.vfp11_veneer   0x00003164        0x0
 .vfp11_veneer  0x00003164        0x0 linker stubs

.v4_bx          0x00003164        0x0
 .v4_bx         0x00003164        0x0 linker stubs

.iplt           0x00003164        0x0
 .iplt          0x00003164        0x0 d:/sili/developer/toolchains/gnu_arm/12.2.rel1_2023.7/bin/../lib/gcc/arm-none-eabi/12.2.1/thumb/v8-m.main+fp/hard/crtbegin.o

.ARM.extab
 *(.ARM.extab* .gnu.linkonce.armextab.*)
                0x00003164                __exidx_start = .

.ARM.exidx      0x00003164        0x8
 *(.ARM.exidx* .gnu.linkonce.armexidx.*)
 .ARM.exidx     0x00003164        0x8 d:/sili/developer/toolchains/gnu_arm/12.2.rel1_2023.7/bin/../lib/gcc/arm-none-eabi/12.2.1/thumb/v8-m.main+fp/hard/crt0.o
                                 0x10 (size before relaxing)
 .ARM.exidx.text.__udivmoddi4
                0x0000316c        0x0 d:/sili/developer/toolchains/gnu_arm/12.2.rel1_2023.7/bin/../lib/gcc/arm-none-eabi/12.2.1/thumb/v8-m.main+fp/hard\libgcc.a(_udivmoddi4.o)
                                  0x8 (size before relaxing)
                0x0000316c                __exidx_end = .

.rel.dyn        0x0000316c        0x0
 .rel.iplt      0x0000316c        0x0 d:/sili/developer/toolchains/gnu_arm/12.2.rel1_2023.7/bin/../lib/gcc/arm-none-eabi/12.2.1/thumb/v8-m.main+fp/hard/crtbegin.o

.copy.table     0x0000316c        0xc
                0x0000316c                . = ALIGN (0x4)
                0x0000316c                __copy_table_start__ = .
                0x0000316c        0x4 LONG 0x3178 __etext
                0x00003170        0x4 LONG 0x20001304 __data_start__
                0x00003174        0x4 LONG 0x25 ((__data_end__ - __data_start__) / 0x4)
                0x00003178                __copy_table_end__ = .

.zero.table     0x00003178        0x0
                0x00003178                . = ALIGN (0x4)
                0x00003178                __zero_table_start__ = .
                0x00003178                __zero_table_end__ = .
                0x00003178                __etext = .

.data           0x20001304       0x94 load address 0x00003178
                0x20001304                . = ALIGN (0x4)
                0x20001304                __data_start__ = .
 *(vtable)
 *(SORT_BY_ALIGNMENT(.data*))
 .data.init_inst
                0x20001304       0x14 ./autogen/sl_i2cspm_init.o
                0x20001304                init_inst
 .data.SystemCoreClock
                0x20001318        0x4 ./simplicity_sdk_2024.6.2/platform/Device/SiliconLabs/EFR32MG21/Source/system_efr32mg21.o
                0x20001318                SystemCoreClock
 .data.SystemHFRCODPLLClock
                0x2000131c        0x4 ./simplicity_sdk_2024.6.2/platform/Device/SiliconLabs/EFR32MG21/Source/system_efr32mg21.o
 .data.SystemLFXOClock
                0x20001320        0x4 ./simplicity_sdk_2024.6.2/platform/Device/SiliconLabs/EFR32MG21/Source/system_efr32mg21.o
 .data.SystemHFXOClock
                0x20001324        0x4 ./simplicity_sdk_2024.6.2/platform/Device/SiliconLabs/EFR32MG21/Source/system_efr32mg21.o
 .data.heap_end.0
                0x20001328        0x4 ./simplicity_sdk_2024.6.2/platform/service/memory_manager/src/sl_memory_manager_region.o
 .data.__sglue  0x2000132c        0xc d:/sili/developer/toolchains/gnu_arm/12.2.rel1_2023.7/bin/../lib/gcc/arm-none-eabi/12.2.1/thumb/v8-m.main+fp/hard\libc_nano.a(libc_a-findfp.o)
                0x2000132c                __sglue
 .data._impure_ptr
                0x20001338        0x4 d:/sili/developer/toolchains/gnu_arm/12.2.rel1_2023.7/bin/../lib/gcc/arm-none-eabi/12.2.1/thumb/v8-m.main+fp/hard\libc_nano.a(libc_a-impure.o)
                0x20001338                _impure_ptr
 .data._impure_data
                0x2000133c       0x4c d:/sili/developer/toolchains/gnu_arm/12.2.rel1_2023.7/bin/../lib/gcc/arm-none-eabi/12.2.1/thumb/v8-m.main+fp/hard\libc_nano.a(libc_a-impure.o)
                0x2000133c                _impure_data
 .data.hfxo_precision
                0x20001388        0x2 ./simplicity_sdk_2024.6.2/platform/emlib/src/em_cmu.o
 .data.lfxo_precision
                0x2000138a        0x2 ./simplicity_sdk_2024.6.2/platform/emlib/src/em_cmu.o
 .data.level_mask
                0x2000138c        0x1 ./simplicity_sdk_2024.6.2/app/common/util/app_log/app_log.o
 .data.level_filter_threshold
                0x2000138d        0x1 ./simplicity_sdk_2024.6.2/app/common/util/app_log/app_log.o
 .data.level_filter_enabled
                0x2000138e        0x1 ./simplicity_sdk_2024.6.2/app/common/util/app_log/app_log.o
 .data.cc_disabled
                0x2000138f        0x1 ./simplicity_sdk_2024.6.2/platform/service/sleeptimer/src/sl_sleeptimer_hal_rtcc.o
                0x20001390                . = ALIGN (0x4)
                0x20001390                . = ALIGN (0x4)
                0x20001390                PROVIDE (__preinit_array_start = .)
 *(.preinit_array)
                0x20001390                PROVIDE (__preinit_array_end = .)
                0x20001390                . = ALIGN (0x4)
                0x20001390                PROVIDE (__init_array_start = .)
 *(SORT_BY_NAME(.init_array.*))
 *(.init_array)
 .init_array    0x20001390        0x4 d:/sili/developer/toolchains/gnu_arm/12.2.rel1_2023.7/bin/../lib/gcc/arm-none-eabi/12.2.1/thumb/v8-m.main+fp/hard/crtbegin.o
                0x20001394                PROVIDE (__init_array_end = .)
                0x20001394                . = ALIGN (0x4)
                [!provide]                PROVIDE (__fini_array_start = .)
 *(SORT_BY_NAME(.fini_array.*))
 *(.fini_array)
 .fini_array    0x20001394        0x4 d:/sili/developer/toolchains/gnu_arm/12.2.rel1_2023.7/bin/../lib/gcc/arm-none-eabi/12.2.1/thumb/v8-m.main+fp/hard/crtbegin.o
                [!provide]                PROVIDE (__fini_array_end = .)
                0x20001398                . = ALIGN (0x4)
                0x20001398                __data_end__ = .

.tm_clone_table
                0x20001398        0x0 load address 0x0000320c
 .tm_clone_table
                0x20001398        0x0 d:/sili/developer/toolchains/gnu_arm/12.2.rel1_2023.7/bin/../lib/gcc/arm-none-eabi/12.2.1/thumb/v8-m.main+fp/hard/crtbegin.o
 .tm_clone_table
                0x20001398        0x0 d:/sili/developer/toolchains/gnu_arm/12.2.rel1_2023.7/bin/../lib/gcc/arm-none-eabi/12.2.1/thumb/v8-m.main+fp/hard/crtend.o

.igot.plt       0x20001398        0x0 load address 0x0000320c
 .igot.plt      0x20001398        0x0 d:/sili/developer/toolchains/gnu_arm/12.2.rel1_2023.7/bin/../lib/gcc/arm-none-eabi/12.2.1/thumb/v8-m.main+fp/hard/crtbegin.o

.heap           0x20001398        0x0 load address 0x0000320c
                0x20001398                . = ALIGN (0x8)
                0x20001398                __HeapBase = .
                0x20001398                __end__ = .
                0x20001398                end = __end__
                0x20001398                _end = __end__
 *(.heap*)
                0x20018000                __HeapLimit = (ORIGIN (RAM) + LENGTH (RAM))
                0x00016c68                __heap_size = (__HeapLimit - __HeapBase)
                0x20018000                __ram_end__ = 0x20018000
                0x000fe000                __main_flash_end__ = 0xfe000

.internal_storage
 *(.internal_storage*)

.nvm
 *(.simee*)
                0x20001304                __ramfuncs_start__ = __vma_ramfuncs_start__
                0x20001304                __ramfuncs_end__ = __vma_ramfuncs_end__
                0x000fe000                linker_nvm_end = __main_flash_end__
                0x000fe000                linker_nvm_begin = (linker_nvm_end - SIZEOF (.nvm))
                0x000fe000                linker_storage_end = linker_nvm_begin
                0x000fe000                __nvm3Base = linker_nvm_begin
                0x000fe000                linker_storage_begin = (linker_storage_end - SIZEOF (.internal_storage))
                0x00000001                ASSERT ((linker_storage_begin >= (__etext + SIZEOF (.data))), FLASH memory overflowed !)
OUTPUT(FInal_project.axf elf32-littlearm)
LOAD linker stubs

.ARM.attributes
                0x00000000       0x36
 .ARM.attributes
                0x00000000       0x26 d:/sili/developer/toolchains/gnu_arm/12.2.rel1_2023.7/bin/../lib/gcc/arm-none-eabi/12.2.1/thumb/v8-m.main+fp/hard/crti.o
 .ARM.attributes
                0x00000026       0x38 d:/sili/developer/toolchains/gnu_arm/12.2.rel1_2023.7/bin/../lib/gcc/arm-none-eabi/12.2.1/thumb/v8-m.main+fp/hard/crtbegin.o
 .ARM.attributes
                0x0000005e       0x24 d:/sili/developer/toolchains/gnu_arm/12.2.rel1_2023.7/bin/../lib/gcc/arm-none-eabi/12.2.1/thumb/v8-m.main+fp/hard/crt0.o
 .ARM.attributes
                0x00000082       0x3a ./app.o
 .ARM.attributes
                0x000000bc       0x3a ./main.o
 .ARM.attributes
                0x000000f6       0x3a ./autogen/sl_board_default_init.o
 .ARM.attributes
                0x00000130       0x3a ./autogen/sl_event_handler.o
 .ARM.attributes
                0x0000016a       0x3a ./autogen/sl_i2cspm_init.o
 .ARM.attributes
                0x000001a4       0x3a ./simplicity_sdk_2024.6.2/app/common/util/app_log/app_log.o
 .ARM.attributes
                0x000001de       0x3a ./simplicity_sdk_2024.6.2/hardware/board/src/sl_board_control_gpio.o
 .ARM.attributes
                0x00000218       0x3a ./simplicity_sdk_2024.6.2/hardware/board/src/sl_board_init.o
 .ARM.attributes
                0x00000252       0x3a ./simplicity_sdk_2024.6.2/hardware/driver/configuration_over_swo/src/sl_cos.o
 .ARM.attributes
                0x0000028c       0x3a ./simplicity_sdk_2024.6.2/platform/Device/SiliconLabs/EFR32MG21/Source/startup_efr32mg21.o
 .ARM.attributes
                0x000002c6       0x3a ./simplicity_sdk_2024.6.2/platform/Device/SiliconLabs/EFR32MG21/Source/system_efr32mg21.o
 .ARM.attributes
                0x00000300       0x3a ./simplicity_sdk_2024.6.2/platform/common/src/sl_assert.o
 .ARM.attributes
                0x0000033a       0x3a ./simplicity_sdk_2024.6.2/platform/common/src/sl_core_cortexm.o
 .ARM.attributes
                0x00000374       0x3a ./simplicity_sdk_2024.6.2/platform/driver/debug/src/sl_debug_swo.o
 .ARM.attributes
                0x000003ae       0x3a ./simplicity_sdk_2024.6.2/platform/driver/i2cspm/src/sl_i2cspm.o
 .ARM.attributes
                0x000003e8       0x3a ./simplicity_sdk_2024.6.2/platform/emdrv/dmadrv/src/dmadrv.o
 .ARM.attributes
                0x00000422       0x3a ./simplicity_sdk_2024.6.2/platform/emlib/src/em_cmu.o
 .ARM.attributes
                0x0000045c       0x3a ./simplicity_sdk_2024.6.2/platform/emlib/src/em_emu.o
 .ARM.attributes
                0x00000496       0x3a ./simplicity_sdk_2024.6.2/platform/emlib/src/em_gpio.o
 .ARM.attributes
                0x000004d0       0x3a ./simplicity_sdk_2024.6.2/platform/emlib/src/em_i2c.o
 .ARM.attributes
                0x0000050a       0x3a ./simplicity_sdk_2024.6.2/platform/emlib/src/em_rtcc.o
 .ARM.attributes
                0x00000544       0x3a ./simplicity_sdk_2024.6.2/platform/emlib/src/em_system.o
 .ARM.attributes
                0x0000057e       0x3a ./simplicity_sdk_2024.6.2/platform/service/clock_manager/src/sl_clock_manager.o
 .ARM.attributes
                0x000005b8       0x3a ./simplicity_sdk_2024.6.2/platform/service/clock_manager/src/sl_clock_manager_hal_s2.o
 .ARM.attributes
                0x000005f2       0x3a ./simplicity_sdk_2024.6.2/platform/service/clock_manager/src/sl_clock_manager_init.o
 .ARM.attributes
                0x0000062c       0x3a ./simplicity_sdk_2024.6.2/platform/service/clock_manager/src/sl_clock_manager_init_hal_s2.o
 .ARM.attributes
                0x00000666       0x3a ./simplicity_sdk_2024.6.2/platform/service/device_init/src/sl_device_init_emu_s2.o
 .ARM.attributes
                0x000006a0       0x3a ./simplicity_sdk_2024.6.2/platform/service/device_manager/devices/sl_device_peripheral_hal_efr32xg21.o
 .ARM.attributes
                0x000006da       0x3a ./simplicity_sdk_2024.6.2/platform/service/device_manager/src/sl_device_clock.o
 .ARM.attributes
                0x00000714       0x3a ./simplicity_sdk_2024.6.2/platform/service/interrupt_manager/src/sl_interrupt_manager_cortexm.o
 .ARM.attributes
                0x0000074e       0x3a ./simplicity_sdk_2024.6.2/platform/service/iostream/src/sl_iostream.o
 .ARM.attributes
                0x00000788       0x3a ./simplicity_sdk_2024.6.2/platform/service/iostream/src/sl_iostream_retarget_stdio.o
 .ARM.attributes
                0x000007c2       0x3a ./simplicity_sdk_2024.6.2/platform/service/iostream/src/sl_iostream_stdlib_config.o
 .ARM.attributes
                0x000007fc       0x3a ./simplicity_sdk_2024.6.2/platform/service/memory_manager/src/sl_memory_manager_region.o
 .ARM.attributes
                0x00000836       0x3a ./simplicity_sdk_2024.6.2/platform/service/sleeptimer/src/sl_sleeptimer.o
 .ARM.attributes
                0x00000870       0x3a ./simplicity_sdk_2024.6.2/platform/service/sleeptimer/src/sl_sleeptimer_hal_rtcc.o
 .ARM.attributes
                0x000008aa       0x3a ./simplicity_sdk_2024.6.2/platform/service/system/src/sl_system_init.o
 .ARM.attributes
                0x000008e4       0x3a ./simplicity_sdk_2024.6.2/platform/service/system/src/sl_system_process_action.o
 .ARM.attributes
                0x0000091e       0x3a ./simplicity_sdk_2024.6.2/platform/service/udelay/src/sl_udelay.o
 .ARM.attributes
                0x00000958       0x26 ./simplicity_sdk_2024.6.2/platform/service/udelay/src/sl_udelay_armv6m_gcc.o
 .ARM.attributes
                0x0000097e       0x26 d:/sili/developer/toolchains/gnu_arm/12.2.rel1_2023.7/bin/../lib/gcc/arm-none-eabi/12.2.1/thumb/v8-m.main+fp/hard\libgcc.a(_aeabi_uldivmod.o)
 .ARM.attributes
                0x000009a4       0x38 d:/sili/developer/toolchains/gnu_arm/12.2.rel1_2023.7/bin/../lib/gcc/arm-none-eabi/12.2.1/thumb/v8-m.main+fp/hard\libgcc.a(_udivmoddi4.o)
 .ARM.attributes
                0x000009dc       0x26 d:/sili/developer/toolchains/gnu_arm/12.2.rel1_2023.7/bin/../lib/gcc/arm-none-eabi/12.2.1/thumb/v8-m.main+fp/hard\libgcc.a(_dvmd_tls.o)
 .ARM.attributes
                0x00000a02       0x38 d:/sili/developer/toolchains/gnu_arm/12.2.rel1_2023.7/bin/../lib/gcc/arm-none-eabi/12.2.1/thumb/v8-m.main+fp/hard\libc_nano.a(libc_a-exit.o)
 .ARM.attributes
                0x00000a3a       0x38 d:/sili/developer/toolchains/gnu_arm/12.2.rel1_2023.7/bin/../lib/gcc/arm-none-eabi/12.2.1/thumb/v8-m.main+fp/hard\libc_nano.a(libc_a-findfp.o)
 .ARM.attributes
                0x00000a72       0x38 d:/sili/developer/toolchains/gnu_arm/12.2.rel1_2023.7/bin/../lib/gcc/arm-none-eabi/12.2.1/thumb/v8-m.main+fp/hard\libc_nano.a(libc_a-fwalk.o)
 .ARM.attributes
                0x00000aaa       0x38 d:/sili/developer/toolchains/gnu_arm/12.2.rel1_2023.7/bin/../lib/gcc/arm-none-eabi/12.2.1/thumb/v8-m.main+fp/hard\libc_nano.a(libc_a-setvbuf.o)
 .ARM.attributes
                0x00000ae2       0x38 d:/sili/developer/toolchains/gnu_arm/12.2.rel1_2023.7/bin/../lib/gcc/arm-none-eabi/12.2.1/thumb/v8-m.main+fp/hard\libc_nano.a(libc_a-stdio.o)
 .ARM.attributes
                0x00000b1a       0x38 d:/sili/developer/toolchains/gnu_arm/12.2.rel1_2023.7/bin/../lib/gcc/arm-none-eabi/12.2.1/thumb/v8-m.main+fp/hard\libc_nano.a(libc_a-memset.o)
 .ARM.attributes
                0x00000b52       0x38 d:/sili/developer/toolchains/gnu_arm/12.2.rel1_2023.7/bin/../lib/gcc/arm-none-eabi/12.2.1/thumb/v8-m.main+fp/hard\libc_nano.a(libc_a-closer.o)
 .ARM.attributes
                0x00000b8a       0x38 d:/sili/developer/toolchains/gnu_arm/12.2.rel1_2023.7/bin/../lib/gcc/arm-none-eabi/12.2.1/thumb/v8-m.main+fp/hard\libc_nano.a(libc_a-reent.o)
 .ARM.attributes
                0x00000bc2       0x38 d:/sili/developer/toolchains/gnu_arm/12.2.rel1_2023.7/bin/../lib/gcc/arm-none-eabi/12.2.1/thumb/v8-m.main+fp/hard\libc_nano.a(libc_a-impure.o)
 .ARM.attributes
                0x00000bfa       0x38 d:/sili/developer/toolchains/gnu_arm/12.2.rel1_2023.7/bin/../lib/gcc/arm-none-eabi/12.2.1/thumb/v8-m.main+fp/hard\libc_nano.a(libc_a-lseekr.o)
 .ARM.attributes
                0x00000c32       0x38 d:/sili/developer/toolchains/gnu_arm/12.2.rel1_2023.7/bin/../lib/gcc/arm-none-eabi/12.2.1/thumb/v8-m.main+fp/hard\libc_nano.a(libc_a-readr.o)
 .ARM.attributes
                0x00000c6a       0x38 d:/sili/developer/toolchains/gnu_arm/12.2.rel1_2023.7/bin/../lib/gcc/arm-none-eabi/12.2.1/thumb/v8-m.main+fp/hard\libc_nano.a(libc_a-writer.o)
 .ARM.attributes
                0x00000ca2       0x38 d:/sili/developer/toolchains/gnu_arm/12.2.rel1_2023.7/bin/../lib/gcc/arm-none-eabi/12.2.1/thumb/v8-m.main+fp/hard\libc_nano.a(libc_a-init.o)
 .ARM.attributes
                0x00000cda       0x38 d:/sili/developer/toolchains/gnu_arm/12.2.rel1_2023.7/bin/../lib/gcc/arm-none-eabi/12.2.1/thumb/v8-m.main+fp/hard\libc_nano.a(libc_a-lock.o)
 .ARM.attributes
                0x00000d12       0x38 d:/sili/developer/toolchains/gnu_arm/12.2.rel1_2023.7/bin/../lib/gcc/arm-none-eabi/12.2.1/thumb/v8-m.main+fp/hard\libc_nano.a(libc_a-freer.o)
 .ARM.attributes
                0x00000d4a       0x38 d:/sili/developer/toolchains/gnu_arm/12.2.rel1_2023.7/bin/../lib/gcc/arm-none-eabi/12.2.1/thumb/v8-m.main+fp/hard\libc_nano.a(libc_a-malloc.o)
 .ARM.attributes
                0x00000d82       0x38 d:/sili/developer/toolchains/gnu_arm/12.2.rel1_2023.7/bin/../lib/gcc/arm-none-eabi/12.2.1/thumb/v8-m.main+fp/hard\libc_nano.a(libc_a-mallocr.o)
 .ARM.attributes
                0x00000dba       0x38 d:/sili/developer/toolchains/gnu_arm/12.2.rel1_2023.7/bin/../lib/gcc/arm-none-eabi/12.2.1/thumb/v8-m.main+fp/hard\libc_nano.a(libc_a-mlock.o)
 .ARM.attributes
                0x00000df2       0x38 d:/sili/developer/toolchains/gnu_arm/12.2.rel1_2023.7/bin/../lib/gcc/arm-none-eabi/12.2.1/thumb/v8-m.main+fp/hard\libc_nano.a(libc_a-fflush.o)
 .ARM.attributes
                0x00000e2a       0x38 d:/sili/developer/toolchains/gnu_arm/12.2.rel1_2023.7/bin/../lib/gcc/arm-none-eabi/12.2.1/thumb/v8-m.main+fp/hard\libc_nano.a(libc_a-makebuf.o)
 .ARM.attributes
                0x00000e62       0x38 d:/sili/developer/toolchains/gnu_arm/12.2.rel1_2023.7/bin/../lib/gcc/arm-none-eabi/12.2.1/thumb/v8-m.main+fp/hard\libc_nano.a(libc_a-fstatr.o)
 .ARM.attributes
                0x00000e9a       0x38 d:/sili/developer/toolchains/gnu_arm/12.2.rel1_2023.7/bin/../lib/gcc/arm-none-eabi/12.2.1/thumb/v8-m.main+fp/hard\libc_nano.a(libc_a-sbrkr.o)
 .ARM.attributes
                0x00000ed2       0x38 d:/sili/developer/toolchains/gnu_arm/12.2.rel1_2023.7/bin/../lib/gcc/arm-none-eabi/12.2.1/thumb/v8-m.main+fp/hard/crtend.o
 .ARM.attributes
                0x00000f0a       0x26 d:/sili/developer/toolchains/gnu_arm/12.2.rel1_2023.7/bin/../lib/gcc/arm-none-eabi/12.2.1/thumb/v8-m.main+fp/hard/crtn.o

.comment        0x00000000       0x45
 .comment       0x00000000       0x45 ./app.o
                                 0x46 (size before relaxing)
 .comment       0x00000045       0x46 ./main.o
 .comment       0x00000045       0x46 ./autogen/sl_board_default_init.o
 .comment       0x00000045       0x46 ./autogen/sl_event_handler.o
 .comment       0x00000045       0x46 ./autogen/sl_i2cspm_init.o
 .comment       0x00000045       0x46 ./simplicity_sdk_2024.6.2/app/common/util/app_log/app_log.o
 .comment       0x00000045       0x46 ./simplicity_sdk_2024.6.2/hardware/board/src/sl_board_control_gpio.o
 .comment       0x00000045       0x46 ./simplicity_sdk_2024.6.2/hardware/board/src/sl_board_init.o
 .comment       0x00000045       0x46 ./simplicity_sdk_2024.6.2/hardware/driver/configuration_over_swo/src/sl_cos.o
 .comment       0x00000045       0x46 ./simplicity_sdk_2024.6.2/platform/Device/SiliconLabs/EFR32MG21/Source/startup_efr32mg21.o
 .comment       0x00000045       0x46 ./simplicity_sdk_2024.6.2/platform/Device/SiliconLabs/EFR32MG21/Source/system_efr32mg21.o
 .comment       0x00000045       0x46 ./simplicity_sdk_2024.6.2/platform/common/src/sl_assert.o
 .comment       0x00000045       0x46 ./simplicity_sdk_2024.6.2/platform/common/src/sl_core_cortexm.o
 .comment       0x00000045       0x46 ./simplicity_sdk_2024.6.2/platform/driver/debug/src/sl_debug_swo.o
 .comment       0x00000045       0x46 ./simplicity_sdk_2024.6.2/platform/driver/i2cspm/src/sl_i2cspm.o
 .comment       0x00000045       0x46 ./simplicity_sdk_2024.6.2/platform/emdrv/dmadrv/src/dmadrv.o
 .comment       0x00000045       0x46 ./simplicity_sdk_2024.6.2/platform/emlib/src/em_cmu.o
 .comment       0x00000045       0x46 ./simplicity_sdk_2024.6.2/platform/emlib/src/em_emu.o
 .comment       0x00000045       0x46 ./simplicity_sdk_2024.6.2/platform/emlib/src/em_gpio.o
 .comment       0x00000045       0x46 ./simplicity_sdk_2024.6.2/platform/emlib/src/em_i2c.o
 .comment       0x00000045       0x46 ./simplicity_sdk_2024.6.2/platform/emlib/src/em_rtcc.o
 .comment       0x00000045       0x46 ./simplicity_sdk_2024.6.2/platform/emlib/src/em_system.o
 .comment       0x00000045       0x46 ./simplicity_sdk_2024.6.2/platform/service/clock_manager/src/sl_clock_manager.o
 .comment       0x00000045       0x46 ./simplicity_sdk_2024.6.2/platform/service/clock_manager/src/sl_clock_manager_hal_s2.o
 .comment       0x00000045       0x46 ./simplicity_sdk_2024.6.2/platform/service/clock_manager/src/sl_clock_manager_init.o
 .comment       0x00000045       0x46 ./simplicity_sdk_2024.6.2/platform/service/clock_manager/src/sl_clock_manager_init_hal_s2.o
 .comment       0x00000045       0x46 ./simplicity_sdk_2024.6.2/platform/service/device_init/src/sl_device_init_emu_s2.o
 .comment       0x00000045       0x46 ./simplicity_sdk_2024.6.2/platform/service/device_manager/devices/sl_device_peripheral_hal_efr32xg21.o
 .comment       0x00000045       0x46 ./simplicity_sdk_2024.6.2/platform/service/device_manager/src/sl_device_clock.o
 .comment       0x00000045       0x46 ./simplicity_sdk_2024.6.2/platform/service/interrupt_manager/src/sl_interrupt_manager_cortexm.o
 .comment       0x00000045       0x46 ./simplicity_sdk_2024.6.2/platform/service/iostream/src/sl_iostream.o
 .comment       0x00000045       0x46 ./simplicity_sdk_2024.6.2/platform/service/iostream/src/sl_iostream_retarget_stdio.o
 .comment       0x00000045       0x46 ./simplicity_sdk_2024.6.2/platform/service/iostream/src/sl_iostream_stdlib_config.o
 .comment       0x00000045       0x46 ./simplicity_sdk_2024.6.2/platform/service/memory_manager/src/sl_memory_manager_region.o
 .comment       0x00000045       0x46 ./simplicity_sdk_2024.6.2/platform/service/sleeptimer/src/sl_sleeptimer.o
 .comment       0x00000045       0x46 ./simplicity_sdk_2024.6.2/platform/service/sleeptimer/src/sl_sleeptimer_hal_rtcc.o
 .comment       0x00000045       0x46 ./simplicity_sdk_2024.6.2/platform/service/system/src/sl_system_init.o
 .comment       0x00000045       0x46 ./simplicity_sdk_2024.6.2/platform/service/system/src/sl_system_process_action.o
 .comment       0x00000045       0x46 ./simplicity_sdk_2024.6.2/platform/service/udelay/src/sl_udelay.o

.debug_line_str
                0x00000000      0x1c0
 .debug_line_str
                0x00000000       0xe7 d:/sili/developer/toolchains/gnu_arm/12.2.rel1_2023.7/bin/../lib/gcc/arm-none-eabi/12.2.1/thumb/v8-m.main+fp/hard/crt0.o
 .debug_line_str
                0x000000e7       0xcd d:/sili/developer/toolchains/gnu_arm/12.2.rel1_2023.7/bin/../lib/gcc/arm-none-eabi/12.2.1/thumb/v8-m.main+fp/hard\libgcc.a(_aeabi_uldivmod.o)
 .debug_line_str
                0x000001b4        0xc d:/sili/developer/toolchains/gnu_arm/12.2.rel1_2023.7/bin/../lib/gcc/arm-none-eabi/12.2.1/thumb/v8-m.main+fp/hard\libgcc.a(_dvmd_tls.o)
                                 0xd1 (size before relaxing)

.debug_info     0x00000000    0x26006
 .debug_info    0x00000000       0x9d ./app.o
 .debug_info    0x0000009d       0xe3 ./main.o
 .debug_info    0x00000180       0xcc ./autogen/sl_board_default_init.o
 .debug_info    0x0000024c     0x1333 ./autogen/sl_event_handler.o
 .debug_info    0x0000157f      0x717 ./autogen/sl_i2cspm_init.o
 .debug_info    0x00001c96      0x5e2 ./simplicity_sdk_2024.6.2/app/common/util/app_log/app_log.o
 .debug_info    0x00002278      0x51c ./simplicity_sdk_2024.6.2/hardware/board/src/sl_board_control_gpio.o
 .debug_info    0x00002794      0x146 ./simplicity_sdk_2024.6.2/hardware/board/src/sl_board_init.o
 .debug_info    0x000028da      0x4dc ./simplicity_sdk_2024.6.2/hardware/driver/configuration_over_swo/src/sl_cos.o
 .debug_info    0x00002db6      0x43c ./simplicity_sdk_2024.6.2/platform/Device/SiliconLabs/EFR32MG21/Source/startup_efr32mg21.o
 .debug_info    0x000031f2     0x1f35 ./simplicity_sdk_2024.6.2/platform/Device/SiliconLabs/EFR32MG21/Source/system_efr32mg21.o
 .debug_info    0x00005127       0xcc ./simplicity_sdk_2024.6.2/platform/common/src/sl_assert.o
 .debug_info    0x000051f3      0x91a ./simplicity_sdk_2024.6.2/platform/common/src/sl_core_cortexm.o
 .debug_info    0x00005b0d     0x1f05 ./simplicity_sdk_2024.6.2/platform/driver/debug/src/sl_debug_swo.o
 .debug_info    0x00007a12     0x1adb ./simplicity_sdk_2024.6.2/platform/driver/i2cspm/src/sl_i2cspm.o
 .debug_info    0x000094ed     0x1ec9 ./simplicity_sdk_2024.6.2/platform/emdrv/dmadrv/src/dmadrv.o
 .debug_info    0x0000b3b6     0x6a33 ./simplicity_sdk_2024.6.2/platform/emlib/src/em_cmu.o
 .debug_info    0x00011de9     0x260b ./simplicity_sdk_2024.6.2/platform/emlib/src/em_emu.o
 .debug_info    0x000143f4     0x1ea1 ./simplicity_sdk_2024.6.2/platform/emlib/src/em_gpio.o
 .debug_info    0x00016295     0x138d ./simplicity_sdk_2024.6.2/platform/emlib/src/em_i2c.o
 .debug_info    0x00017622     0x2015 ./simplicity_sdk_2024.6.2/platform/emlib/src/em_rtcc.o
 .debug_info    0x00019637      0xec9 ./simplicity_sdk_2024.6.2/platform/emlib/src/em_system.o
 .debug_info    0x0001a500      0xb2e ./simplicity_sdk_2024.6.2/platform/service/clock_manager/src/sl_clock_manager.o
 .debug_info    0x0001b02e     0x21f0 ./simplicity_sdk_2024.6.2/platform/service/clock_manager/src/sl_clock_manager_hal_s2.o
 .debug_info    0x0001d21e       0xd0 ./simplicity_sdk_2024.6.2/platform/service/clock_manager/src/sl_clock_manager_init.o
 .debug_info    0x0001d2ee     0x1876 ./simplicity_sdk_2024.6.2/platform/service/clock_manager/src/sl_clock_manager_init_hal_s2.o
 .debug_info    0x0001eb64      0x89c ./simplicity_sdk_2024.6.2/platform/service/device_init/src/sl_device_init_emu_s2.o
 .debug_info    0x0001f400      0x69e ./simplicity_sdk_2024.6.2/platform/service/device_manager/devices/sl_device_peripheral_hal_efr32xg21.o
 .debug_info    0x0001fa9e      0xbeb ./simplicity_sdk_2024.6.2/platform/service/device_manager/src/sl_device_clock.o
 .debug_info    0x00020689      0xe94 ./simplicity_sdk_2024.6.2/platform/service/interrupt_manager/src/sl_interrupt_manager_cortexm.o
 .debug_info    0x0002151d      0x65d ./simplicity_sdk_2024.6.2/platform/service/iostream/src/sl_iostream.o
 .debug_info    0x00021b7a      0x699 ./simplicity_sdk_2024.6.2/platform/service/iostream/src/sl_iostream_retarget_stdio.o
 .debug_info    0x00022213      0x862 ./simplicity_sdk_2024.6.2/platform/service/iostream/src/sl_iostream_stdlib_config.o
 .debug_info    0x00022a75      0x1ef ./simplicity_sdk_2024.6.2/platform/service/memory_manager/src/sl_memory_manager_region.o
 .debug_info    0x00022c64     0x1a6d ./simplicity_sdk_2024.6.2/platform/service/sleeptimer/src/sl_sleeptimer.o
 .debug_info    0x000246d1     0x158e ./simplicity_sdk_2024.6.2/platform/service/sleeptimer/src/sl_sleeptimer_hal_rtcc.o
 .debug_info    0x00025c5f       0xf4 ./simplicity_sdk_2024.6.2/platform/service/system/src/sl_system_init.o
 .debug_info    0x00025d53       0xe0 ./simplicity_sdk_2024.6.2/platform/service/system/src/sl_system_process_action.o
 .debug_info    0x00025e33      0x1ad ./simplicity_sdk_2024.6.2/platform/service/udelay/src/sl_udelay.o
 .debug_info    0x00025fe0       0x26 ./simplicity_sdk_2024.6.2/platform/service/udelay/src/sl_udelay_armv6m_gcc.o

.debug_abbrev   0x00000000     0x5543
 .debug_abbrev  0x00000000       0x60 ./app.o
 .debug_abbrev  0x00000060       0x66 ./main.o
 .debug_abbrev  0x000000c6       0x87 ./autogen/sl_board_default_init.o
 .debug_abbrev  0x0000014d      0x257 ./autogen/sl_event_handler.o
 .debug_abbrev  0x000003a4      0x17e ./autogen/sl_i2cspm_init.o
 .debug_abbrev  0x00000522      0x2d2 ./simplicity_sdk_2024.6.2/app/common/util/app_log/app_log.o
 .debug_abbrev  0x000007f4      0x198 ./simplicity_sdk_2024.6.2/hardware/board/src/sl_board_control_gpio.o
 .debug_abbrev  0x0000098c       0xed ./simplicity_sdk_2024.6.2/hardware/board/src/sl_board_init.o
 .debug_abbrev  0x00000a79      0x20f ./simplicity_sdk_2024.6.2/hardware/driver/configuration_over_swo/src/sl_cos.o
 .debug_abbrev  0x00000c88      0x287 ./simplicity_sdk_2024.6.2/platform/Device/SiliconLabs/EFR32MG21/Source/startup_efr32mg21.o
 .debug_abbrev  0x00000f0f      0x30d ./simplicity_sdk_2024.6.2/platform/Device/SiliconLabs/EFR32MG21/Source/system_efr32mg21.o
 .debug_abbrev  0x0000121c       0x6c ./simplicity_sdk_2024.6.2/platform/common/src/sl_assert.o
 .debug_abbrev  0x00001288      0x253 ./simplicity_sdk_2024.6.2/platform/common/src/sl_core_cortexm.o
 .debug_abbrev  0x000014db      0x335 ./simplicity_sdk_2024.6.2/platform/driver/debug/src/sl_debug_swo.o
 .debug_abbrev  0x00001810      0x2f4 ./simplicity_sdk_2024.6.2/platform/driver/i2cspm/src/sl_i2cspm.o
 .debug_abbrev  0x00001b04      0x3d2 ./simplicity_sdk_2024.6.2/platform/emdrv/dmadrv/src/dmadrv.o
 .debug_abbrev  0x00001ed6      0x53f ./simplicity_sdk_2024.6.2/platform/emlib/src/em_cmu.o
 .debug_abbrev  0x00002415      0x337 ./simplicity_sdk_2024.6.2/platform/emlib/src/em_emu.o
 .debug_abbrev  0x0000274c      0x334 ./simplicity_sdk_2024.6.2/platform/emlib/src/em_gpio.o
 .debug_abbrev  0x00002a80      0x432 ./simplicity_sdk_2024.6.2/platform/emlib/src/em_i2c.o
 .debug_abbrev  0x00002eb2      0x27b ./simplicity_sdk_2024.6.2/platform/emlib/src/em_rtcc.o
 .debug_abbrev  0x0000312d      0x2aa ./simplicity_sdk_2024.6.2/platform/emlib/src/em_system.o
 .debug_abbrev  0x000033d7      0x1ba ./simplicity_sdk_2024.6.2/platform/service/clock_manager/src/sl_clock_manager.o
 .debug_abbrev  0x00003591      0x3ec ./simplicity_sdk_2024.6.2/platform/service/clock_manager/src/sl_clock_manager_hal_s2.o
 .debug_abbrev  0x0000397d       0x89 ./simplicity_sdk_2024.6.2/platform/service/clock_manager/src/sl_clock_manager_init.o
 .debug_abbrev  0x00003a06      0x29a ./simplicity_sdk_2024.6.2/platform/service/clock_manager/src/sl_clock_manager_init_hal_s2.o
 .debug_abbrev  0x00003ca0      0x14b ./simplicity_sdk_2024.6.2/platform/service/device_init/src/sl_device_init_emu_s2.o
 .debug_abbrev  0x00003deb       0xc5 ./simplicity_sdk_2024.6.2/platform/service/device_manager/devices/sl_device_peripheral_hal_efr32xg21.o
 .debug_abbrev  0x00003eb0       0x69 ./simplicity_sdk_2024.6.2/platform/service/device_manager/src/sl_device_clock.o
 .debug_abbrev  0x00003f19      0x355 ./simplicity_sdk_2024.6.2/platform/service/interrupt_manager/src/sl_interrupt_manager_cortexm.o
 .debug_abbrev  0x0000426e      0x2a5 ./simplicity_sdk_2024.6.2/platform/service/iostream/src/sl_iostream.o
 .debug_abbrev  0x00004513      0x1f9 ./simplicity_sdk_2024.6.2/platform/service/iostream/src/sl_iostream_retarget_stdio.o
 .debug_abbrev  0x0000470c      0x188 ./simplicity_sdk_2024.6.2/platform/service/iostream/src/sl_iostream_stdlib_config.o
 .debug_abbrev  0x00004894      0x11e ./simplicity_sdk_2024.6.2/platform/service/memory_manager/src/sl_memory_manager_region.o
 .debug_abbrev  0x000049b2      0x4bf ./simplicity_sdk_2024.6.2/platform/service/sleeptimer/src/sl_sleeptimer.o
 .debug_abbrev  0x00004e71      0x4bc ./simplicity_sdk_2024.6.2/platform/service/sleeptimer/src/sl_sleeptimer_hal_rtcc.o
 .debug_abbrev  0x0000532d       0x72 ./simplicity_sdk_2024.6.2/platform/service/system/src/sl_system_init.o
 .debug_abbrev  0x0000539f       0x72 ./simplicity_sdk_2024.6.2/platform/service/system/src/sl_system_process_action.o
 .debug_abbrev  0x00005411      0x11e ./simplicity_sdk_2024.6.2/platform/service/udelay/src/sl_udelay.o
 .debug_abbrev  0x0000552f       0x14 ./simplicity_sdk_2024.6.2/platform/service/udelay/src/sl_udelay_armv6m_gcc.o

.debug_aranges  0x00000000      0xef0
 .debug_aranges
                0x00000000       0x28 ./app.o
 .debug_aranges
                0x00000028       0x20 ./main.o
 .debug_aranges
                0x00000048       0x20 ./autogen/sl_board_default_init.o
 .debug_aranges
                0x00000068       0x68 ./autogen/sl_event_handler.o
 .debug_aranges
                0x000000d0       0x20 ./autogen/sl_i2cspm_init.o
 .debug_aranges
                0x000000f0       0x88 ./simplicity_sdk_2024.6.2/app/common/util/app_log/app_log.o
 .debug_aranges
                0x00000178       0x70 ./simplicity_sdk_2024.6.2/hardware/board/src/sl_board_control_gpio.o
 .debug_aranges
                0x000001e8       0x28 ./simplicity_sdk_2024.6.2/hardware/board/src/sl_board_init.o
 .debug_aranges
                0x00000210       0x38 ./simplicity_sdk_2024.6.2/hardware/driver/configuration_over_swo/src/sl_cos.o
 .debug_aranges
                0x00000248       0x38 ./simplicity_sdk_2024.6.2/platform/Device/SiliconLabs/EFR32MG21/Source/startup_efr32mg21.o
 .debug_aranges
                0x00000280       0x90 ./simplicity_sdk_2024.6.2/platform/Device/SiliconLabs/EFR32MG21/Source/system_efr32mg21.o
 .debug_aranges
                0x00000310       0x20 ./simplicity_sdk_2024.6.2/platform/common/src/sl_assert.o
 .debug_aranges
                0x00000330       0x98 ./simplicity_sdk_2024.6.2/platform/common/src/sl_core_cortexm.o
 .debug_aranges
                0x000003c8       0x48 ./simplicity_sdk_2024.6.2/platform/driver/debug/src/sl_debug_swo.o
 .debug_aranges
                0x00000410       0x28 ./simplicity_sdk_2024.6.2/platform/driver/i2cspm/src/sl_i2cspm.o
 .debug_aranges
                0x00000438       0xa8 ./simplicity_sdk_2024.6.2/platform/emdrv/dmadrv/src/dmadrv.o
 .debug_aranges
                0x000004e0      0x1b8 ./simplicity_sdk_2024.6.2/platform/emlib/src/em_cmu.o
 .debug_aranges
                0x00000698       0xc0 ./simplicity_sdk_2024.6.2/platform/emlib/src/em_emu.o
 .debug_aranges
                0x00000758       0x68 ./simplicity_sdk_2024.6.2/platform/emlib/src/em_gpio.o
 .debug_aranges
                0x000007c0       0x50 ./simplicity_sdk_2024.6.2/platform/emlib/src/em_i2c.o
 .debug_aranges
                0x00000810       0x48 ./simplicity_sdk_2024.6.2/platform/emlib/src/em_rtcc.o
 .debug_aranges
                0x00000858       0x78 ./simplicity_sdk_2024.6.2/platform/emlib/src/em_system.o
 .debug_aranges
                0x000008d0       0xe8 ./simplicity_sdk_2024.6.2/platform/service/clock_manager/src/sl_clock_manager.o
 .debug_aranges
                0x000009b8       0xd8 ./simplicity_sdk_2024.6.2/platform/service/clock_manager/src/sl_clock_manager_hal_s2.o
 .debug_aranges
                0x00000a90       0x20 ./simplicity_sdk_2024.6.2/platform/service/clock_manager/src/sl_clock_manager_init.o
 .debug_aranges
                0x00000ab0       0x20 ./simplicity_sdk_2024.6.2/platform/service/clock_manager/src/sl_clock_manager_init_hal_s2.o
 .debug_aranges
                0x00000ad0       0x20 ./simplicity_sdk_2024.6.2/platform/service/device_init/src/sl_device_init_emu_s2.o
 .debug_aranges
                0x00000af0       0x18 ./simplicity_sdk_2024.6.2/platform/service/device_manager/devices/sl_device_peripheral_hal_efr32xg21.o
 .debug_aranges
                0x00000b08       0x18 ./simplicity_sdk_2024.6.2/platform/service/device_manager/src/sl_device_clock.o
 .debug_aranges
                0x00000b20       0xa0 ./simplicity_sdk_2024.6.2/platform/service/interrupt_manager/src/sl_interrupt_manager_cortexm.o
 .debug_aranges
                0x00000bc0       0x58 ./simplicity_sdk_2024.6.2/platform/service/iostream/src/sl_iostream.o
 .debug_aranges
                0x00000c18       0x60 ./simplicity_sdk_2024.6.2/platform/service/iostream/src/sl_iostream_retarget_stdio.o
 .debug_aranges
                0x00000c78       0x20 ./simplicity_sdk_2024.6.2/platform/service/iostream/src/sl_iostream_stdlib_config.o
 .debug_aranges
                0x00000c98       0x30 ./simplicity_sdk_2024.6.2/platform/service/memory_manager/src/sl_memory_manager_region.o
 .debug_aranges
                0x00000cc8      0x120 ./simplicity_sdk_2024.6.2/platform/service/sleeptimer/src/sl_sleeptimer.o
 .debug_aranges
                0x00000de8       0x88 ./simplicity_sdk_2024.6.2/platform/service/sleeptimer/src/sl_sleeptimer_hal_rtcc.o
 .debug_aranges
                0x00000e70       0x20 ./simplicity_sdk_2024.6.2/platform/service/system/src/sl_system_init.o
 .debug_aranges
                0x00000e90       0x20 ./simplicity_sdk_2024.6.2/platform/service/system/src/sl_system_process_action.o
 .debug_aranges
                0x00000eb0       0x20 ./simplicity_sdk_2024.6.2/platform/service/udelay/src/sl_udelay.o
 .debug_aranges
                0x00000ed0       0x20 ./simplicity_sdk_2024.6.2/platform/service/udelay/src/sl_udelay_armv6m_gcc.o

.debug_ranges   0x00000000     0x12f0
 .debug_ranges  0x00000000       0x18 ./app.o
 .debug_ranges  0x00000018       0x10 ./main.o
 .debug_ranges  0x00000028       0x10 ./autogen/sl_board_default_init.o
 .debug_ranges  0x00000038       0x58 ./autogen/sl_event_handler.o
 .debug_ranges  0x00000090       0x10 ./autogen/sl_i2cspm_init.o
 .debug_ranges  0x000000a0       0x98 ./simplicity_sdk_2024.6.2/app/common/util/app_log/app_log.o
 .debug_ranges  0x00000138       0x60 ./simplicity_sdk_2024.6.2/hardware/board/src/sl_board_control_gpio.o
 .debug_ranges  0x00000198       0x18 ./simplicity_sdk_2024.6.2/hardware/board/src/sl_board_init.o
 .debug_ranges  0x000001b0       0x40 ./simplicity_sdk_2024.6.2/hardware/driver/configuration_over_swo/src/sl_cos.o
 .debug_ranges  0x000001f0       0x90 ./simplicity_sdk_2024.6.2/platform/Device/SiliconLabs/EFR32MG21/Source/startup_efr32mg21.o
 .debug_ranges  0x00000280       0x80 ./simplicity_sdk_2024.6.2/platform/Device/SiliconLabs/EFR32MG21/Source/system_efr32mg21.o
 .debug_ranges  0x00000300       0x10 ./simplicity_sdk_2024.6.2/platform/common/src/sl_assert.o
 .debug_ranges  0x00000310       0x88 ./simplicity_sdk_2024.6.2/platform/common/src/sl_core_cortexm.o
 .debug_ranges  0x00000398       0x50 ./simplicity_sdk_2024.6.2/platform/driver/debug/src/sl_debug_swo.o
 .debug_ranges  0x000003e8       0x48 ./simplicity_sdk_2024.6.2/platform/driver/i2cspm/src/sl_i2cspm.o
 .debug_ranges  0x00000430       0xb0 ./simplicity_sdk_2024.6.2/platform/emdrv/dmadrv/src/dmadrv.o
 .debug_ranges  0x000004e0      0x330 ./simplicity_sdk_2024.6.2/platform/emlib/src/em_cmu.o