Archive member included to satisfy reference by file (symbol)

c:/siliconlabs/simplicitystudio/v5/developer/toolchains/gnu_arm/12.2.rel1_2023.7/bin/../lib/gcc/arm-none-eabi/12.2.1/thumb/v8-m.main+fp/hard\libgcc.a(_aeabi_ldivmod.o)
                              ./simplicity_sdk_2024.6.2/platform/emlib/src/em_usart.o (__aeabi_ldivmod)
c:/siliconlabs/simplicitystudio/v5/developer/toolchains/gnu_arm/12.2.rel1_2023.7/bin/../lib/gcc/arm-none-eabi/12.2.1/thumb/v8-m.main+fp/hard\libgcc.a(_aeabi_uldivmod.o)
                              ./simplicity_sdk_2024.6.2/platform/emlib/src/em_usart.o (__aeabi_uldivmod)
c:/siliconlabs/simplicitystudio/v5/developer/toolchains/gnu_arm/12.2.rel1_2023.7/bin/../lib/gcc/arm-none-eabi/12.2.1/thumb/v8-m.main+fp/hard\libgcc.a(_udivmoddi4.o)
                              c:/siliconlabs/simplicitystudio/v5/developer/toolchains/gnu_arm/12.2.rel1_2023.7/bin/../lib/gcc/arm-none-eabi/12.2.1/thumb/v8-m.main+fp/hard\libgcc.a(_aeabi_ldivmod.o) (__udivmoddi4)
c:/siliconlabs/simplicitystudio/v5/developer/toolchains/gnu_arm/12.2.rel1_2023.7/bin/../lib/gcc/arm-none-eabi/12.2.1/thumb/v8-m.main+fp/hard\libgcc.a(_dvmd_tls.o)
                              c:/siliconlabs/simplicitystudio/v5/developer/toolchains/gnu_arm/12.2.rel1_2023.7/bin/../lib/gcc/arm-none-eabi/12.2.1/thumb/v8-m.main+fp/hard\libgcc.a(_aeabi_ldivmod.o) (__aeabi_ldiv0)
c:/siliconlabs/simplicitystudio/v5/developer/toolchains/gnu_arm/12.2.rel1_2023.7/bin/../lib/gcc/arm-none-eabi/12.2.1/thumb/v8-m.main+fp/hard\libc_nano.a(libc_a-exit.o)
                              c:/siliconlabs/simplicitystudio/v5/developer/toolchains/gnu_arm/12.2.rel1_2023.7/bin/../lib/gcc/arm-none-eabi/12.2.1/thumb/v8-m.main+fp/hard/crt0.o (exit)
c:/siliconlabs/simplicitystudio/v5/developer/toolchains/gnu_arm/12.2.rel1_2023.7/bin/../lib/gcc/arm-none-eabi/12.2.1/thumb/v8-m.main+fp/hard\libc_nano.a(libc_a-ctype_.o)
                              ./simplicity_sdk_2024.6.2/platform/common/src/sl_string.o (_ctype_)
c:/siliconlabs/simplicitystudio/v5/developer/toolchains/gnu_arm/12.2.rel1_2023.7/bin/../lib/gcc/arm-none-eabi/12.2.1/thumb/v8-m.main+fp/hard\libc_nano.a(libc_a-findfp.o)
                              c:/siliconlabs/simplicitystudio/v5/developer/toolchains/gnu_arm/12.2.rel1_2023.7/bin/../lib/gcc/arm-none-eabi/12.2.1/thumb/v8-m.main+fp/hard\libc_nano.a(libc_a-exit.o) (__stdio_exit_handler)
c:/siliconlabs/simplicitystudio/v5/developer/toolchains/gnu_arm/12.2.rel1_2023.7/bin/../lib/gcc/arm-none-eabi/12.2.1/thumb/v8-m.main+fp/hard\libc_nano.a(libc_a-fwalk.o)
                              c:/siliconlabs/simplicitystudio/v5/developer/toolchains/gnu_arm/12.2.rel1_2023.7/bin/../lib/gcc/arm-none-eabi/12.2.1/thumb/v8-m.main+fp/hard\libc_nano.a(libc_a-findfp.o) (_fwalk_sglue)
c:/siliconlabs/simplicitystudio/v5/developer/toolchains/gnu_arm/12.2.rel1_2023.7/bin/../lib/gcc/arm-none-eabi/12.2.1/thumb/v8-m.main+fp/hard\libc_nano.a(libc_a-setvbuf.o)
                              ./simplicity_sdk_2024.6.2/platform/service/iostream/src/sl_iostream_stdlib_config.o (setvbuf)
c:/siliconlabs/simplicitystudio/v5/developer/toolchains/gnu_arm/12.2.rel1_2023.7/bin/../lib/gcc/arm-none-eabi/12.2.1/thumb/v8-m.main+fp/hard\libc_nano.a(libc_a-stdio.o)
                              c:/siliconlabs/simplicitystudio/v5/developer/toolchains/gnu_arm/12.2.rel1_2023.7/bin/../lib/gcc/arm-none-eabi/12.2.1/thumb/v8-m.main+fp/hard\libc_nano.a(libc_a-findfp.o) (__sread)
c:/siliconlabs/simplicitystudio/v5/developer/toolchains/gnu_arm/12.2.rel1_2023.7/bin/../lib/gcc/arm-none-eabi/12.2.1/thumb/v8-m.main+fp/hard\libc_nano.a(libc_a-vprintf.o)
                              ./simplicity_sdk_2024.6.2/platform/service/iostream/src/sl_iostream.o (vprintf)
c:/siliconlabs/simplicitystudio/v5/developer/toolchains/gnu_arm/12.2.rel1_2023.7/bin/../lib/gcc/arm-none-eabi/12.2.1/thumb/v8-m.main+fp/hard\libc_nano.a(libc_a-memset.o)
                              c:/siliconlabs/simplicitystudio/v5/developer/toolchains/gnu_arm/12.2.rel1_2023.7/bin/../lib/gcc/arm-none-eabi/12.2.1/thumb/v8-m.main+fp/hard/crt0.o (memset)
c:/siliconlabs/simplicitystudio/v5/developer/toolchains/gnu_arm/12.2.rel1_2023.7/bin/../lib/gcc/arm-none-eabi/12.2.1/thumb/v8-m.main+fp/hard\libc_nano.a(libc_a-closer.o)
                              c:/siliconlabs/simplicitystudio/v5/developer/toolchains/gnu_arm/12.2.rel1_2023.7/bin/../lib/gcc/arm-none-eabi/12.2.1/thumb/v8-m.main+fp/hard\libc_nano.a(libc_a-stdio.o) (_close_r)
c:/siliconlabs/simplicitystudio/v5/developer/toolchains/gnu_arm/12.2.rel1_2023.7/bin/../lib/gcc/arm-none-eabi/12.2.1/thumb/v8-m.main+fp/hard\libc_nano.a(libc_a-reent.o)
                              c:/siliconlabs/simplicitystudio/v5/developer/toolchains/gnu_arm/12.2.rel1_2023.7/bin/../lib/gcc/arm-none-eabi/12.2.1/thumb/v8-m.main+fp/hard\libc_nano.a(libc_a-closer.o) (errno)
c:/siliconlabs/simplicitystudio/v5/developer/toolchains/gnu_arm/12.2.rel1_2023.7/bin/../lib/gcc/arm-none-eabi/12.2.1/thumb/v8-m.main+fp/hard\libc_nano.a(libc_a-impure.o)
[...]
Memory Configuration

Name             Origin             Length             Attributes
FLASH            0x00000000         0x000fe000         xr
RAM              0x20000000         0x00018000         xrw
*default*        0x00000000         0xffffffff

Linker script and memory map

LOAD c:/siliconlabs/simplicitystudio/v5/developer/toolchains/gnu_arm/12.2.rel1_2023.7/bin/../lib/gcc/arm-none-eabi/12.2.1/thumb/v8-m.main+fp/hard/crti.o
LOAD c:/siliconlabs/simplicitystudio/v5/developer/toolchains/gnu_arm/12.2.rel1_2023.7/bin/../lib/gcc/arm-none-eabi/12.2.1/thumb/v8-m.main+fp/hard/crtbegin.o
LOAD c:/siliconlabs/simplicitystudio/v5/developer/toolchains/gnu_arm/12.2.rel1_2023.7/bin/../lib/gcc/arm-none-eabi/12.2.1/thumb/v8-m.main+fp/hard/crt0.o
START GROUP
LOAD ./BSP/bsp_usart.o
LOAD ./app.o
LOAD ./main.o
LOAD ./autogen/sl_board_default_init.o
LOAD ./autogen/sl_event_handler.o
LOAD ./autogen/sl_iostream_handles.o
LOAD ./simplicity_sdk_2024.6.2/app/common/util/app_log/app_log.o
LOAD ./simplicity_sdk_2024.6.2/hardware/board/src/sl_board_control_gpio.o
LOAD ./simplicity_sdk_2024.6.2/hardware/board/src/sl_board_init.o
LOAD ./simplicity_sdk_2024.6.2/hardware/driver/configuration_over_swo/src/sl_cos.o
LOAD ./simplicity_sdk_2024.6.2/platform/Device/SiliconLabs/EFR32MG21/Source/startup_efr32mg21.o
LOAD ./simplicity_sdk_2024.6.2/platform/Device/SiliconLabs/EFR32MG21/Source/system_efr32mg21.o
LOAD ./simplicity_sdk_2024.6.2/platform/common/src/sl_assert.o
LOAD ./simplicity_sdk_2024.6.2/platform/common/src/sl_core_cortexm.o
LOAD ./simplicity_sdk_2024.6.2/platform/common/src/sl_string.o
LOAD ./simplicity_sdk_2024.6.2/platform/common/src/sl_syscalls.o
LOAD ./simplicity_sdk_2024.6.2/platform/driver/debug/src/sl_debug_swo.o
LOAD ./simplicity_sdk_2024.6.2/platform/emdrv/dmadrv/src/dmadrv.o
LOAD ./simplicity_sdk_2024.6.2/platform/emlib/src/em_burtc.o
LOAD ./simplicity_sdk_2024.6.2/platform/emlib/src/em_cmu.o
LOAD ./simplicity_sdk_2024.6.2/platform/emlib/src/em_core.o
LOAD ./simplicity_sdk_2024.6.2/platform/emlib/src/em_emu.o
LOAD ./simplicity_sdk_2024.6.2/platform/emlib/src/em_gpio.o
LOAD ./simplicity_sdk_2024.6.2/platform/emlib/src/em_i2c.o
LOAD ./simplicity_sdk_2024.6.2/platform/emlib/src/em_ldma.o
LOAD ./simplicity_sdk_2024.6.2/platform/emlib/src/em_msc.o
LOAD ./simplicity_sdk_2024.6.2/platform/emlib/src/em_rtcc.o
LOAD ./simplicity_sdk_2024.6.2/platform/emlib/src/em_system.o
LOAD ./simplicity_sdk_2024.6.2/platform/emlib/src/em_timer.o
LOAD ./simplicity_sdk_2024.6.2/platform/emlib/src/em_usart.o
LOAD ./simplicity_sdk_2024.6.2/platform/service/clock_manager/src/sl_clock_manager.o
LOAD ./simplicity_sdk_2024.6.2/platform/service/clock_manager/src/sl_clock_manager_hal_s2.o
LOAD ./simplicity_sdk_2024.6.2/platform/service/clock_manager/src/sl_clock_manager_init.o
LOAD ./simplicity_sdk_2024.6.2/platform/service/clock_manager/src/sl_clock_manager_init_hal_s2.o
LOAD ./simplicity_sdk_2024.6.2/platform/service/device_init/src/sl_device_init_emu_s2.o
LOAD ./simplicity_sdk_2024.6.2/platform/service/device_manager/devices/sl_device_peripheral_hal_efr32xg21.o
LOAD ./simplicity_sdk_2024.6.2/platform/service/device_manager/src/sl_device_clock.o
LOAD ./simplicity_sdk_2024.6.2/platform/service/device_manager/src/sl_device_peripheral.o
LOAD ./simplicity_sdk_2024.6.2/platform/service/interrupt_manager/src/sl_interrupt_manager_cortexm.o
LOAD ./simplicity_sdk_2024.6.2/platform/service/iostream/src/sl_iostream.o
LOAD ./simplicity_sdk_2024.6.2/platform/service/iostream/src/sl_iostream_retarget_stdio.o
LOAD ./simplicity_sdk_2024.6.2/platform/service/iostream/src/sl_iostream_stdlib_config.o
LOAD ./simplicity_sdk_2024.6.2/platform/service/iostream/src/sl_iostream_uart.o
LOAD ./simplicity_sdk_2024.6.2/platform/service/iostream/src/sl_iostream_usart.o
LOAD ./simplicity_sdk_2024.6.2/platform/service/memory_manager/src/sl_memory_manager_region.o
LOAD ./simplicity_sdk_2024.6.2/platform/service/sleeptimer/src/sl_sleeptimer.o
LOAD ./simplicity_sdk_2024.6.2/platform/service/sleeptimer/src/sl_sleeptimer_hal_burtc.o
LOAD ./simplicity_sdk_2024.6.2/platform/service/sleeptimer/src/sl_sleeptimer_hal_prortc.o
LOAD ./simplicity_sdk_2024.6.2/platform/service/sleeptimer/src/sl_sleeptimer_hal_rtcc.o
LOAD ./simplicity_sdk_2024.6.2/platform/service/sleeptimer/src/sl_sleeptimer_hal_timer.o
LOAD ./simplicity_sdk_2024.6.2/platform/service/system/src/sl_system_init.o
LOAD ./simplicity_sdk_2024.6.2/platform/service/system/src/sl_system_process_action.o
LOAD ./simplicity_sdk_2024.6.2/platform/service/udelay/src/sl_udelay.o
LOAD ./simplicity_sdk_2024.6.2/platform/service/udelay/src/sl_udelay_armv6m_gcc.o
LOAD c:/siliconlabs/simplicitystudio/v5/developer/toolchains/gnu_arm/12.2.rel1_2023.7/bin/../lib/gcc/arm-none-eabi/12.2.1/thumb/v8-m.main+fp/hard\libgcc.a
LOAD c:/siliconlabs/simplicitystudio/v5/developer/toolchains/gnu_arm/12.2.rel1_2023.7/bin/../lib/gcc/arm-none-eabi/12.2.1/thumb/v8-m.main+fp/hard\libc_nano.a
LOAD c:/siliconlabs/simplicitystudio/v5/developer/toolchains/gnu_arm/12.2.rel1_2023.7/bin/../lib/gcc/arm-none-eabi/12.2.1/thumb/v8-m.main+fp/hard\libm.a
LOAD c:/siliconlabs/simplicitystudio/v5/developer/toolchains/gnu_arm/12.2.rel1_2023.7/bin/../lib/gcc/arm-none-eabi/12.2.1/thumb/v8-m.main+fp/hard\libnosys.a
END GROUP
START GROUP
LOAD c:/siliconlabs/simplicitystudio/v5/developer/toolchains/gnu_arm/12.2.rel1_2023.7/bin/../lib/gcc/arm-none-eabi/12.2.1/thumb/v8-m.main+fp/hard\libgcc.a
LOAD c:/siliconlabs/simplicitystudio/v5/developer/toolchains/gnu_arm/12.2.rel1_2023.7/bin/../lib/gcc/arm-none-eabi/12.2.1/thumb/v8-m.main+fp/hard\libc_nano.a
LOAD c:/siliconlabs/simplicitystudio/v5/developer/toolchains/gnu_arm/12.2.rel1_2023.7/bin/../lib/gcc/arm-none-eabi/12.2.1/thumb/v8-m.main+fp/hard\libnosys.a
END GROUP
START GROUP
LOAD c:/siliconlabs/simplicitystudio/v5/developer/toolchains/gnu_arm/12.2.rel1_2023.7/bin/../lib/gcc/arm-none-eabi/12.2.1/thumb/v8-m.main+fp/hard\libgcc.a
LOAD c:/siliconlabs/simplicitystudio/v5/developer/toolchains/gnu_arm/12.2.rel1_2023.7/bin/../lib/gcc/arm-none-eabi/12.2.1/thumb/v8-m.main+fp/hard\libg_nano.a
LOAD c:/siliconlabs/simplicitystudio/v5/developer/toolchains/gnu_arm/12.2.rel1_2023.7/bin/../lib/gcc/arm-none-eabi/12.2.1/thumb/v8-m.main+fp/hard\libc_nano.a
END GROUP
START GROUP
LOAD c:/siliconlabs/simplicitystudio/v5/developer/toolchains/gnu_arm/12.2.rel1_2023.7/bin/../lib/gcc/arm-none-eabi/12.2.1/thumb/v8-m.main+fp/hard\libgcc.a
LOAD c:/siliconlabs/simplicitystudio/v5/developer/toolchains/gnu_arm/12.2.rel1_2023.7/bin/../lib/gcc/arm-none-eabi/12.2.1/thumb/v8-m.main+fp/hard\libc_nano.a
END GROUP
LOAD c:/siliconlabs/simplicitystudio/v5/developer/toolchains/gnu_arm/12.2.rel1_2023.7/bin/../lib/gcc/arm-none-eabi/12.2.1/thumb/v8-m.main+fp/hard/crtend.o
LOAD c:/siliconlabs/simplicitystudio/v5/developer/toolchains/gnu_arm/12.2.rel1_2023.7/bin/../lib/gcc/arm-none-eabi/12.2.1/thumb/v8-m.main+fp/hard/crtn.o

.vectors        0x00000000      0x134
                0x00000000                linker_vectors_begin = .
 *(.vectors)
 .vectors       0x00000000      0x134 ./simplicity_sdk_2024.6.2/platform/Device/SiliconLabs/EFR32MG21/Source/startup_efr32mg21.o
                0x00000000                __Vectors
                0x00000134                linker_vectors_end = .
                0x00000134                __Vectors_End = .
                0x00000134                __Vectors_Size = (__Vectors_End - __Vectors)
                0x00000134                __lma_ramfuncs_start__ = .

.stack          0x20000000     0x1000
                0x20000000                . = ALIGN (0x8)
                0x20000000                __StackLimit = .
 *(.stack*)
 .stack         0x20000000     0x1000 ./simplicity_sdk_2024.6.2/platform/service/memory_manager/src/sl_memory_manager_region.o
                0x20001000                . = ALIGN (0x4)
                0x20001000                __StackTop = .
                0x20001000                PROVIDE (__stack = __StackTop)

.noinit
 *(.noinit*)

.bss            0x20001000      0x304
                0x20001000                . = ALIGN (0x4)
                0x20001000                __bss_start__ = .
 *(SORT_BY_ALIGNMENT(.bss*))
 .bss.object.0  0x20001000       0x18 c:/siliconlabs/simplicitystudio/v5/developer/toolchains/gnu_arm/12.2.rel1_2023.7/bin/../lib/gcc/arm-none-eabi/12.2.1/thumb/v8-m.main+fp/hard/crtbegin.o
 .bss.app_log_iostream
                0x20001018        0x4 ./simplicity_sdk_2024.6.2/app/common/util/app_log/app_log.o
                0x20001018                app_log_iostream
 .bss.dmaXfer   0x2000101c      0x100 ./simplicity_sdk_2024.6.2/platform/emdrv/dmadrv/src/dmadrv.o
 .bss.chTable   0x2000111c       0x80 ./simplicity_sdk_2024.6.2/platform/emdrv/dmadrv/src/dmadrv.o
 .bss.sli_iostream_default
                0x2000119c        0x4 ./simplicity_sdk_2024.6.2/platform/service/iostream/src/sl_iostream.o
 .bss.max_millisecond_conversion
                0x200011a0        0x4 ./simplicity_sdk_2024.6.2/platform/service/sleeptimer/src/sl_sleeptimer.o
 .bss.last_delta_update_count
                0x200011a4        0x4 ./simplicity_sdk_2024.6.2/platform/service/sleeptimer/src/sl_sleeptimer.o
 .bss.timer_head
                0x200011a8        0x4 ./simplicity_sdk_2024.6.2/platform/service/sleeptimer/src/sl_sleeptimer.o
 .bss.timer_frequency
                0x200011ac        0x4 ./simplicity_sdk_2024.6.2/platform/service/sleeptimer/src/sl_sleeptimer.o
 .bss.__sf      0x200011b0      0x138 c:/siliconlabs/simplicitystudio/v5/developer/toolchains/gnu_arm/12.2.rel1_2023.7/bin/../lib/gcc/arm-none-eabi/12.2.1/thumb/v8-m.main+fp/hard\libc_nano.a(libc_a-findfp.o)
                0x200011b0                __sf
 .bss.__stdio_exit_handler
                0x200012e8        0x4 c:/siliconlabs/simplicitystudio/v5/developer/toolchains/gnu_arm/12.2.rel1_2023.7/bin/../lib/gcc/arm-none-eabi/12.2.1/thumb/v8-m.main+fp/hard\libc_nano.a(libc_a-findfp.o)
                0x200012e8                __stdio_exit_handler
 .bss.errno     0x200012ec        0x4 c:/siliconlabs/simplicitystudio/v5/developer/toolchains/gnu_arm/12.2.rel1_2023.7/bin/../lib/gcc/arm-none-eabi/12.2.1/thumb/v8-m.main+fp/hard\libc_nano.a(libc_a-reent.o)
                0x200012ec                errno
 .bss.__malloc_sbrk_start
                0x200012f0        0x4 c:/siliconlabs/simplicitystudio/v5/developer/toolchains/gnu_arm/12.2.rel1_2023.7/bin/../lib/gcc/arm-none-eabi/12.2.1/thumb/v8-m.main+fp/hard\libc_nano.a(libc_a-mallocr.o)
                0x200012f0                __malloc_sbrk_start
 .bss.__malloc_free_list
                0x200012f4        0x4 c:/siliconlabs/simplicitystudio/v5/developer/toolchains/gnu_arm/12.2.rel1_2023.7/bin/../lib/gcc/arm-none-eabi/12.2.1/thumb/v8-m.main+fp/hard\libc_nano.a(libc_a-mallocr.o)
                0x200012f4                __malloc_free_list
 .bss.overflow_counter
                0x200012f8        0x2 ./simplicity_sdk_2024.6.2/platform/service/sleeptimer/src/sl_sleeptimer.o
 .bss.completed.1
                0x200012fa        0x1 c:/siliconlabs/simplicitystudio/v5/developer/toolchains/gnu_arm/12.2.rel1_2023.7/bin/../lib/gcc/arm-none-eabi/12.2.1/thumb/v8-m.main+fp/hard/crtbegin.o
 .bss.level_mask_enabled
                0x200012fb        0x1 ./simplicity_sdk_2024.6.2/app/common/util/app_log/app_log.o
 .bss.ctuneDelta
                0x200012fc        0x1 ./simplicity_sdk_2024.6.2/platform/emlib/src/em_cmu.o
 .bss.sleep_on_isr_exit
                0x200012fd        0x1 ./simplicity_sdk_2024.6.2/platform/service/sleeptimer/src/sl_sleeptimer.o
 .bss.next_timer_to_expire_is_power_manager
                0x200012fe        0x1 ./simplicity_sdk_2024.6.2/platform/service/sleeptimer/src/sl_sleeptimer.o
 .bss.is_sleeptimer_initialized
                0x200012ff        0x1 ./simplicity_sdk_2024.6.2/platform/service/sleeptimer/src/sl_sleeptimer.o
 .bss.__lock___malloc_recursive_mutex
                0x20001300        0x1 c:/siliconlabs/simplicitystudio/v5/developer/toolchains/gnu_arm/12.2.rel1_2023.7/bin/../lib/gcc/arm-none-eabi/12.2.1/thumb/v8-m.main+fp/hard\libc_nano.a(libc_a-lock.o)
                0x20001300                __lock___malloc_recursive_mutex
 .bss.__lock___sfp_recursive_mutex
                0x20001301        0x1 c:/siliconlabs/simplicitystudio/v5/developer/toolchains/gnu_arm/12.2.rel1_2023.7/bin/../lib/gcc/arm-none-eabi/12.2.1/thumb/v8-m.main+fp/hard\libc_nano.a(libc_a-lock.o)
                0x20001301                __lock___sfp_recursive_mutex
 *(COMMON)
                0x20001304                . = ALIGN (0x4)
 *fill*         0x20001302        0x2 
                0x20001304                __bss_end__ = .

text_application_ram
                0x20001304        0x0 load address 0x00000134
                0x20001304                . = ALIGN (0x4)
                0x20001304                __vma_ramfuncs_start__ = .
                0x20001304                __text_application_ram_start__ = .
 *(text_application_ram)
                0x20001304                . = ALIGN (0x4)
                0x20001304                __vma_ramfuncs_end__ = .
                0x20001304                __text_application_ram_end__ = .

.rodata         0x00000134        0x0
                0x00000134                __lma_ramfuncs_end__ = .
                0x00000134                __rodata_start__ = .
                0x00000134                __rodata_end__ = .

.text           0x00000134     0x3094
                0x00000134                linker_code_begin = .
 *(SORT_BY_ALIGNMENT(.text*))
 .text.deregister_tm_clones
                0x00000134       0x1c c:/siliconlabs/simplicitystudio/v5/developer/toolchains/gnu_arm/12.2.rel1_2023.7/bin/../lib/gcc/arm-none-eabi/12.2.1/thumb/v8-m.main+fp/hard/crtbegin.o
 .text.register_tm_clones
                0x00000150       0x28 c:/siliconlabs/simplicitystudio/v5/developer/toolchains/gnu_arm/12.2.rel1_2023.7/bin/../lib/gcc/arm-none-eabi/12.2.1/thumb/v8-m.main+fp/hard/crtbegin.o
 .text.__do_global_dtors_aux
                0x00000178       0x28 c:/siliconlabs/simplicitystudio/v5/developer/toolchains/gnu_arm/12.2.rel1_2023.7/bin/../lib/gcc/arm-none-eabi/12.2.1/thumb/v8-m.main+fp/hard/crtbegin.o
 .text.frame_dummy
                0x000001a0       0x24 c:/siliconlabs/simplicitystudio/v5/developer/toolchains/gnu_arm/12.2.rel1_2023.7/bin/../lib/gcc/arm-none-eabi/12.2.1/thumb/v8-m.main+fp/hard/crtbegin.o
 .text          0x000001c4       0x7c c:/siliconlabs/simplicitystudio/v5/developer/toolchains/gnu_arm/12.2.rel1_2023.7/bin/../lib/gcc/arm-none-eabi/12.2.1/thumb/v8-m.main+fp/hard/crt0.o
                0x000001c4                _stack_init
                0x000001cc                _start
                0x000001cc                _mainCRTStartup
 .text.bsp_usart_init
                0x00000240       0x68 ./BSP/bsp_usart.o
                0x00000240                bsp_usart_init
 .text.bsp_usart_send_char
                0x000002a8        0xc ./BSP/bsp_usart.o
                0x000002a8                bsp_usart_send_char
 .text.app_process_action
                0x000002b4       0x3c ./app.o
                0x000002b4                app_process_action
 .text.sl_platform_init
                0x000002f0       0xa8 ./autogen/sl_event_handler.o
                0x000002f0                sl_platform_init
 .text.app_log_init
                0x00000398       0x38 ./simplicity_sdk_2024.6.2/app/common/util/app_log/app_log.o
                0x00000398                app_log_init
 .text.sl_board_init
                0x000003d0       0x14 ./simplicity_sdk_2024.6.2/hardware/board/src/sl_board_init.o
                0x000003d0                sl_board_init
 .text.sl_board_preinit
                0x000003e4        0xc ./simplicity_sdk_2024.6.2/hardware/board/src/sl_board_init.o
                0x000003e4                sl_board_preinit
 .text.CopyToRam
                0x000003f0       0x1c ./simplicity_sdk_2024.6.2/platform/Device/SiliconLabs/EFR32MG21/Source/startup_efr32mg21.o
                0x000003f0                CopyToRam
 .text.Reset_Handler
                0x0000040c       0x64 ./simplicity_sdk_2024.6.2/platform/Device/SiliconLabs/EFR32MG21/Source/startup_efr32mg21.o
                0x0000040c                Reset_Handler
 .text.SystemInit
                0x00000470       0x58 ./simplicity_sdk_2024.6.2/platform/Device/SiliconLabs/EFR32MG21/Source/system_efr32mg21.o
                0x00000470                SystemInit
 .text.SystemHFRCODPLLClockGet
                0x000004c8        0xc ./simplicity_sdk_2024.6.2/platform/Device/SiliconLabs/EFR32MG21/Source/system_efr32mg21.o
                0x000004c8                SystemHFRCODPLLClockGet
 .text.SystemHFRCODPLLClockSet
                0x000004d4        0xc ./simplicity_sdk_2024.6.2/platform/Device/SiliconLabs/EFR32MG21/Source/system_efr32mg21.o
                0x000004d4                SystemHFRCODPLLClockSet
 .text.SystemSYSCLKGet
                0x000004e0       0x34 ./simplicity_sdk_2024.6.2/platform/Device/SiliconLabs/EFR32MG21/Source/system_efr32mg21.o
                0x000004e0                SystemSYSCLKGet
 .text.SystemHCLKGet
                0x00000514       0x24 ./simplicity_sdk_2024.6.2/platform/Device/SiliconLabs/EFR32MG21/Source/system_efr32mg21.o
                0x00000514                SystemHCLKGet
 .text.SystemMaxCoreClockGet
                0x00000538        0x8 ./simplicity_sdk_2024.6.2/platform/Device/SiliconLabs/EFR32MG21/Source/system_efr32mg21.o
                0x00000538                SystemMaxCoreClockGet
 .text.SystemHFXOClockGet
                0x00000540        0xc ./simplicity_sdk_2024.6.2/platform/Device/SiliconLabs/EFR32MG21/Source/system_efr32mg21.o
                0x00000540                SystemHFXOClockGet
 .text.SystemHFXOClockSet
                0x0000054c       0x20 ./simplicity_sdk_2024.6.2/platform/Device/SiliconLabs/EFR32MG21/Source/system_efr32mg21.o
                0x0000054c                SystemHFXOClockSet
 .text.SystemFSRCOClockGet
                0x0000056c        0x8 ./simplicity_sdk_2024.6.2/platform/Device/SiliconLabs/EFR32MG21/Source/system_efr32mg21.o
                0x0000056c                SystemFSRCOClockGet
 .text.SystemHFRCOEM23ClockGet
                0x00000574       0x88 ./simplicity_sdk_2024.6.2/platform/Device/SiliconLabs/EFR32MG21/Source/system_efr32mg21.o
                0x00000574                SystemHFRCOEM23ClockGet
 .text.SystemLFXOClockGet
                0x000005fc        0xc ./simplicity_sdk_2024.6.2/platform/Device/SiliconLabs/EFR32MG21/Source/system_efr32mg21.o
                0x000005fc                SystemLFXOClockGet
 .text.sl_debug_swo_init
                0x00000608       0xcc ./simplicity_sdk_2024.6.2/platform/driver/debug/src/sl_debug_swo.o
                0x00000608                sl_debug_swo_init
 .text.LDMA_IRQHandler
                0x000006d4       0x74 ./simplicity_sdk_2024.6.2/platform/emdrv/dmadrv/src/dmadrv.o
                0x000006d4                LDMA_IRQHandler
 .text.flashWaitStateControl
                0x00000748       0x60 ./simplicity_sdk_2024.6.2/platform/emlib/src/em_cmu.o
 .text.HFRCODPLLDevinfoGet
                0x000007a8      0x108 ./simplicity_sdk_2024.6.2/platform/emlib/src/em_cmu.o
 .text.traceClkGet
                0x000008b0       0x48 ./simplicity_sdk_2024.6.2/platform/emlib/src/em_cmu.o
 .text.em01GrpaClkGet
                0x000008f8       0x64 ./simplicity_sdk_2024.6.2/platform/emlib/src/em_cmu.o
 .text.iadcClkGet
                0x0000095c       0x60 ./simplicity_sdk_2024.6.2/platform/emlib/src/em_cmu.o
 .text.em23GrpaClkGet
                0x000009bc       0x48 ./simplicity_sdk_2024.6.2/platform/emlib/src/em_cmu.o
 .text.em4GrpaClkGet
                0x00000a04       0x48 ./simplicity_sdk_2024.6.2/platform/emlib/src/em_cmu.o
 .text.wdog0ClkGet
                0x00000a4c       0x64 ./simplicity_sdk_2024.6.2/platform/emlib/src/em_cmu.o
 .text.wdog1ClkGet
                0x00000ab0       0x64 ./simplicity_sdk_2024.6.2/platform/emlib/src/em_cmu.o
 .text.rtccClkGet
                0x00000b14       0x54 ./simplicity_sdk_2024.6.2/platform/emlib/src/em_cmu.o
 .text.dpllRefClkGet
                0x00000b68       0x48 ./simplicity_sdk_2024.6.2/platform/emlib/src/em_cmu.o
 .text.CMU_ClockDivGet
                0x00000bb0       0x50 ./simplicity_sdk_2024.6.2/platform/emlib/src/em_cmu.o
                0x00000bb0                CMU_ClockDivGet
 .text.CMU_ClockFreqGet
                0x00000c00      0x104 ./simplicity_sdk_2024.6.2/platform/emlib/src/em_cmu.o
                0x00000c00                CMU_ClockFreqGet
 .text.pclkDivOptimize
                0x00000d04       0x20 ./simplicity_sdk_2024.6.2/platform/emlib/src/em_cmu.o
 .text.CMU_ClockDivSet
                0x00000d24       0xac ./simplicity_sdk_2024.6.2/platform/emlib/src/em_cmu.o
                0x00000d24                CMU_ClockDivSet
 .text.CMU_ClockSelectGet
                0x00000dd0       0xf8 ./simplicity_sdk_2024.6.2/platform/emlib/src/em_cmu.o
                0x00000dd0                CMU_ClockSelectGet
 .text.sli_em_cmu_SYSTICEXTCLKENClear
                0x00000ec8       0x10 ./simplicity_sdk_2024.6.2/platform/emlib/src/em_cmu.o
                0x00000ec8                sli_em_cmu_SYSTICEXTCLKENClear
 .text.CMU_HFRCODPLLBandSet
                0x00000ed8       0xd0 ./simplicity_sdk_2024.6.2/platform/emlib/src/em_cmu.o
                0x00000ed8                CMU_HFRCODPLLBandSet
 .text.CMU_HFXOInit
                0x00000fa8      0x1cc ./simplicity_sdk_2024.6.2/platform/emlib/src/em_cmu.o
                0x00000fa8                CMU_HFXOInit
 .text.CMU_HFXOCTuneDeltaGet
                0x00001174        0xc ./simplicity_sdk_2024.6.2/platform/emlib/src/em_cmu.o
                0x00001174                CMU_HFXOCTuneDeltaGet
 .text.CMU_LFXOInit
                0x00001180       0xb8 ./simplicity_sdk_2024.6.2/platform/emlib/src/em_cmu.o
                0x00001180                CMU_LFXOInit
 .text.CMU_LFXOPrecisionSet
                0x00001238        0xc ./simplicity_sdk_2024.6.2/platform/emlib/src/em_cmu.o
                0x00001238                CMU_LFXOPrecisionSet
 .text.CMU_HFXOPrecisionSet
                0x00001244        0xc ./simplicity_sdk_2024.6.2/platform/emlib/src/em_cmu.o
                0x00001244                CMU_HFXOPrecisionSet
 .text.CMU_HFRCOEM23BandSet
                0x00001250      0x144 ./simplicity_sdk_2024.6.2/platform/emlib/src/em_cmu.o
                0x00001250                CMU_HFRCOEM23BandSet
 .text.EMU_EM4Init
                0x00001394       0x14 ./simplicity_sdk_2024.6.2/platform/emlib/src/em_emu.o
                0x00001394                EMU_EM4Init
 .text.GPIO_PinOutSet
                0x000013a8       0x40 ./simplicity_sdk_2024.6.2/platform/emlib/src/em_gpio.o
 .text.GPIO_PinOutClear
                0x000013e8       0x40 ./simplicity_sdk_2024.6.2/platform/emlib/src/em_gpio.o
 .text.GPIO_PinModeSet
                0x00001428       0x90 ./simplicity_sdk_2024.6.2/platform/emlib/src/em_gpio.o
                0x00001428                GPIO_PinModeSet
 .text.RTCC_ChannelInit
                0x000014b8       0x48 ./simplicity_sdk_2024.6.2/platform/emlib/src/em_rtcc.o
                0x000014b8                RTCC_ChannelInit
 .text.RTCC_Enable
                0x00001500       0x54 ./simplicity_sdk_2024.6.2/platform/emlib/src/em_rtcc.o
                0x00001500                RTCC_Enable
 .text.RTCC_Init
                0x00001554       0x48 ./simplicity_sdk_2024.6.2/platform/emlib/src/em_rtcc.o
                0x00001554                RTCC_Init
 .text.SYSTEM_ChipRevisionGet
                0x0000159c       0x1c ./simplicity_sdk_2024.6.2/platform/emlib/src/em_system.o
                0x0000159c                SYSTEM_ChipRevisionGet
 .text.prsRxInput
                0x000015b8       0x44 ./simplicity_sdk_2024.6.2/platform/emlib/src/em_usart.o
 .text.USART_BaudrateAsyncSet
                0x000015fc       0xe0 ./simplicity_sdk_2024.6.2/platform/emlib/src/em_usart.o
                0x000015fc                USART_BaudrateAsyncSet
 .text.USART_Reset
                0x000016dc       0x80 ./simplicity_sdk_2024.6.2/platform/emlib/src/em_usart.o
                0x000016dc                USART_Reset
 .text.USART_InitAsync
                0x0000175c      0x124 ./simplicity_sdk_2024.6.2/platform/emlib/src/em_usart.o
                0x0000175c                USART_InitAsync
 .text.sli_clock_manager_hal_init
                0x00001880      0x1a4 ./simplicity_sdk_2024.6.2/platform/service/clock_manager/src/sl_clock_manager_init_hal_s2.o
                0x00001880                sli_clock_manager_hal_init
 .text.sl_device_init_emu
                0x00001a24       0x24 ./simplicity_sdk_2024.6.2/platform/service/device_init/src/sl_device_init_emu_s2.o
                0x00001a24                sl_device_init_emu
 .text.sl_interrupt_manager_enable_irq
                0x00001a48       0x34 ./simplicity_sdk_2024.6.2/platform/service/interrupt_manager/src/sl_interrupt_manager_cortexm.o
                0x00001a48                sl_interrupt_manager_enable_irq
 .text.sl_interrupt_manager_clear_irq_pending
                0x00001a7c       0x1c ./simplicity_sdk_2024.6.2/platform/service/interrupt_manager/src/sl_interrupt_manager_cortexm.o
                0x00001a7c                sl_interrupt_manager_clear_irq_pending
 .text.sl_interrupt_manager_set_irq_priority
                0x00001a98       0x50 ./simplicity_sdk_2024.6.2/platform/service/interrupt_manager/src/sl_interrupt_manager_cortexm.o
                0x00001a98                sl_interrupt_manager_set_irq_priority
 .text.sl_iostream_get_default
                0x00001ae8       0x18 ./simplicity_sdk_2024.6.2/platform/service/iostream/src/sl_iostream.o
                0x00001ae8                sl_iostream_get_default
 .text._write   0x00001b00       0x20 ./simplicity_sdk_2024.6.2/platform/service/iostream/src/sl_iostream_retarget_stdio.o
                0x00001b00                _write
 .text.sl_iostream_stdlib_disable_buffering
                0x00001b20       0x14 ./simplicity_sdk_2024.6.2/platform/service/iostream/src/sl_iostream_stdlib_config.o
                0x00001b20                sl_iostream_stdlib_disable_buffering
 .text._sbrk    0x00001b34       0x20 ./simplicity_sdk_2024.6.2/platform/service/memory_manager/src/sl_memory_manager_region.o
                0x00001b34                _sbrk
 .text.delta_list_insert_timer
                0x00001b54       0x40 ./simplicity_sdk_2024.6.2/platform/service/sleeptimer/src/sl_sleeptimer.o
 .text.update_delta_list
                0x00001b94       0x34 ./simplicity_sdk_2024.6.2/platform/service/sleeptimer/src/sl_sleeptimer.o
 .text.set_comparator_for_next_timer
                0x00001bc8       0x5c ./simplicity_sdk_2024.6.2/platform/service/sleeptimer/src/sl_sleeptimer.o
 .text.delta_list_remove_timer
                0x00001c24       0x38 ./simplicity_sdk_2024.6.2/platform/service/sleeptimer/src/sl_sleeptimer.o
 .text.sl_sleeptimer_init
                0x00001c5c       0x74 ./simplicity_sdk_2024.6.2/platform/service/sleeptimer/src/sl_sleeptimer.o
                0x00001c5c                sl_sleeptimer_init
 .text.process_timer_irq
                0x00001cd0      0x150 ./simplicity_sdk_2024.6.2/platform/service/sleeptimer/src/sl_sleeptimer.o
                0x00001cd0                process_timer_irq
 .text.sleeptimer_hal_init_timer
                0x00001e20       0x80 ./simplicity_sdk_2024.6.2/platform/service/sleeptimer/src/sl_sleeptimer_hal_rtcc.o
                0x00001e20                sleeptimer_hal_init_timer
 .text.sleeptimer_hal_set_compare
                0x00001ea0       0x64 ./simplicity_sdk_2024.6.2/platform/service/sleeptimer/src/sl_sleeptimer_hal_rtcc.o
                0x00001ea0                sleeptimer_hal_set_compare
 .text.sleeptimer_hal_disable_int
                0x00001f04       0x30 ./simplicity_sdk_2024.6.2/platform/service/sleeptimer/src/sl_sleeptimer_hal_rtcc.o
                0x00001f04                sleeptimer_hal_disable_int
 .text.sleeptimer_hal_set_int
                0x00001f34       0x10 ./simplicity_sdk_2024.6.2/platform/service/sleeptimer/src/sl_sleeptimer_hal_rtcc.o
                0x00001f34                sleeptimer_hal_set_int
 .text.RTCC_IRQHandler
                0x00001f44       0x34 ./simplicity_sdk_2024.6.2/platform/service/sleeptimer/src/sl_sleeptimer_hal_rtcc.o
                0x00001f44                RTCC_IRQHandler
 .text.sleeptimer_hal_get_timer_frequency
                0x00001f78       0x20 ./simplicity_sdk_2024.6.2/platform/service/sleeptimer/src/sl_sleeptimer_hal_rtcc.o
                0x00001f78                sleeptimer_hal_get_timer_frequency
 .text          0x00001f98       0x30 c:/siliconlabs/simplicitystudio/v5/developer/toolchains/gnu_arm/12.2.rel1_2023.7/bin/../lib/gcc/arm-none-eabi/12.2.1/thumb/v8-m.main+fp/hard\libgcc.a(_aeabi_uldivmod.o)
                0x00001f98                __aeabi_uldivmod
 .text.__udivmoddi4
                0x00001fc8      0x2ec c:/siliconlabs/simplicitystudio/v5/developer/toolchains/gnu_arm/12.2.rel1_2023.7/bin/../lib/gcc/arm-none-eabi/12.2.1/thumb/v8-m.main+fp/hard\libgcc.a(_udivmoddi4.o)
                0x00001fc8                __udivmoddi4
 .text          0x000022b4        0x4 c:/siliconlabs/simplicitystudio/v5/developer/toolchains/gnu_arm/12.2.rel1_2023.7/bin/../lib/gcc/arm-none-eabi/12.2.1/thumb/v8-m.main+fp/hard\libgcc.a(_dvmd_tls.o)
                0x000022b4                __aeabi_idiv0
                0x000022b4                __aeabi_ldiv0
 .text.exit     0x000022b8       0x24 c:/siliconlabs/simplicitystudio/v5/developer/toolchains/gnu_arm/12.2.rel1_2023.7/bin/../lib/gcc/arm-none-eabi/12.2.1/thumb/v8-m.main+fp/hard\libc_nano.a(libc_a-exit.o)
                0x000022b8                exit
 .text.std      0x000022dc       0x6c c:/siliconlabs/simplicitystudio/v5/developer/toolchains/gnu_arm/12.2.rel1_2023.7/bin/../lib/gcc/arm-none-eabi/12.2.1/thumb/v8-m.main+fp/hard\libc_nano.a(libc_a-findfp.o)
 .text.stdio_exit_handler
                0x00002348       0x18 c:/siliconlabs/simplicitystudio/v5/developer/toolchains/gnu_arm/12.2.rel1_2023.7/bin/../lib/gcc/arm-none-eabi/12.2.1/thumb/v8-m.main+fp/hard\libc_nano.a(libc_a-findfp.o)
 .text.cleanup_stdio
                0x00002360       0x40 c:/siliconlabs/simplicitystudio/v5/developer/toolchains/gnu_arm/12.2.rel1_2023.7/bin/../lib/gcc/arm-none-eabi/12.2.1/thumb/v8-m.main+fp/hard\libc_nano.a(libc_a-findfp.o)
 .text.global_stdio_init.part.0
                0x000023a0       0x3c c:/siliconlabs/simplicitystudio/v5/developer/toolchains/gnu_arm/12.2.rel1_2023.7/bin/../lib/gcc/arm-none-eabi/12.2.1/thumb/v8-m.main+fp/hard\libc_nano.a(libc_a-findfp.o)
 .text.__sfp_lock_acquire
                0x000023dc        0xc c:/siliconlabs/simplicitystudio/v5/developer/toolchains/gnu_arm/12.2.rel1_2023.7/bin/../lib/gcc/arm-none-eabi/12.2.1/thumb/v8-m.main+fp/hard\libc_nano.a(libc_a-findfp.o)
                0x000023dc                __sfp_lock_acquire
 .text.__sfp_lock_release
                0x000023e8        0xc c:/siliconlabs/simplicitystudio/v5/developer/toolchains/gnu_arm/12.2.rel1_2023.7/bin/../lib/gcc/arm-none-eabi/12.2.1/thumb/v8-m.main+fp/hard\libc_nano.a(libc_a-findfp.o)
                0x000023e8                __sfp_lock_release
 .text.__sinit  0x000023f4       0x30 c:/siliconlabs/simplicitystudio/v5/developer/toolchains/gnu_arm/12.2.rel1_2023.7/bin/../lib/gcc/arm-none-eabi/12.2.1/thumb/v8-m.main+fp/hard\libc_nano.a(libc_a-findfp.o)
                0x000023f4                __sinit
 .text.setvbuf  0x00002424      0x168 c:/siliconlabs/simplicitystudio/v5/developer/toolchains/gnu_arm/12.2.rel1_2023.7/bin/../lib/gcc/arm-none-eabi/12.2.1/thumb/v8-m.main+fp/hard\libc_nano.a(libc_a-setvbuf.o)
                0x00002424                setvbuf
 .text._close_r
                0x0000258c       0x20 c:/siliconlabs/simplicitystudio/v5/developer/toolchains/gnu_arm/12.2.rel1_2023.7/bin/../lib/gcc/arm-none-eabi/12.2.1/thumb/v8-m.main+fp/hard\libc_nano.a(libc_a-closer.o)
                0x0000258c                _close_r
 .text._lseek_r
                0x000025ac       0x24 c:/siliconlabs/simplicitystudio/v5/developer/toolchains/gnu_arm/12.2.rel1_2023.7/bin/../lib/gcc/arm-none-eabi/12.2.1/thumb/v8-m.main+fp/hard\libc_nano.a(libc_a-lseekr.o)
                0x000025ac                _lseek_r
 .text._read_r  0x000025d0       0x24 c:/siliconlabs/simplicitystudio/v5/developer/toolchains/gnu_arm/12.2.rel1_2023.7/bin/../lib/gcc/arm-none-eabi/12.2.1/thumb/v8-m.main+fp/hard\libc_nano.a(libc_a-readr.o)
                0x000025d0                _read_r
 .text._write_r
                0x000025f4       0x24 c:/siliconlabs/simplicitystudio/v5/developer/toolchains/gnu_arm/12.2.rel1_2023.7/bin/../lib/gcc/arm-none-eabi/12.2.1/thumb/v8-m.main+fp/hard\libc_nano.a(libc_a-writer.o)
                0x000025f4                _write_r
 .text.__libc_init_array
                0x00002618       0x48 c:/siliconlabs/simplicitystudio/v5/developer/toolchains/gnu_arm/12.2.rel1_2023.7/bin/../lib/gcc/arm-none-eabi/12.2.1/thumb/v8-m.main+fp/hard\libc_nano.a(libc_a-init.o)
                0x00002618                __libc_init_array
 .text._free_r  0x00002660       0x94 c:/siliconlabs/simplicitystudio/v5/developer/toolchains/gnu_arm/12.2.rel1_2023.7/bin/../lib/gcc/arm-none-eabi/12.2.1/thumb/v8-m.main+fp/hard\libc_nano.a(libc_a-freer.o)
                0x00002660                _free_r
 .text.malloc   0x000026f4       0x10 c:/siliconlabs/simplicitystudio/v5/developer/toolchains/gnu_arm/12.2.rel1_2023.7/bin/../lib/gcc/arm-none-eabi/12.2.1/thumb/v8-m.main+fp/hard\libc_nano.a(libc_a-malloc.o)
                0x000026f4                malloc
 .text.sbrk_aligned
                0x00002704       0x44 c:/siliconlabs/simplicitystudio/v5/developer/toolchains/gnu_arm/12.2.rel1_2023.7/bin/../lib/gcc/arm-none-eabi/12.2.1/thumb/v8-m.main+fp/hard\libc_nano.a(libc_a-mallocr.o)
 .text._malloc_r
                0x00002748       0xf0 c:/siliconlabs/simplicitystudio/v5/developer/toolchains/gnu_arm/12.2.rel1_2023.7/bin/../lib/gcc/arm-none-eabi/12.2.1/thumb/v8-m.main+fp/hard\libc_nano.a(libc_a-mallocr.o)
                0x00002748                _malloc_r
 .text.__malloc_lock
                0x00002838        0xc c:/siliconlabs/simplicitystudio/v5/developer/toolchains/gnu_arm/12.2.rel1_2023.7/bin/../lib/gcc/arm-none-eabi/12.2.1/thumb/v8-m.main+fp/hard\libc_nano.a(libc_a-mlock.o)
                0x00002838                __malloc_lock
 .text.__malloc_unlock
                0x00002844        0xc c:/siliconlabs/simplicitystudio/v5/developer/toolchains/gnu_arm/12.2.rel1_2023.7/bin/../lib/gcc/arm-none-eabi/12.2.1/thumb/v8-m.main+fp/hard\libc_nano.a(libc_a-mlock.o)
                0x00002844                __malloc_unlock
 .text._fstat_r
                0x00002850       0x24 c:/siliconlabs/simplicitystudio/v5/developer/toolchains/gnu_arm/12.2.rel1_2023.7/bin/../lib/gcc/arm-none-eabi/12.2.1/thumb/v8-m.main+fp/hard\libc_nano.a(libc_a-fstatr.o)
                0x00002850                _fstat_r
 .text._sbrk_r  0x00002874       0x20 c:/siliconlabs/simplicitystudio/v5/developer/toolchains/gnu_arm/12.2.rel1_2023.7/bin/../lib/gcc/arm-none-eabi/12.2.1/thumb/v8-m.main+fp/hard\libc_nano.a(libc_a-sbrkr.o)
                0x00002874                _sbrk_r
 .text.bsp_usart_print
                0x00002894       0x12 ./BSP/bsp_usart.o
                0x00002894                bsp_usart_print
 .text.app_init
                0x000028a6        0x2 ./app.o
                0x000028a6                app_init
 .text.startup.main
                0x000028a8       0x14 ./main.o
                0x000028a8                main
 .text.sl_board_default_init
                0x000028bc        0x4 ./autogen/sl_board_default_init.o
                0x000028bc                sl_board_default_init
 .text.sl_driver_init
                0x000028c0        0xe ./autogen/sl_event_handler.o
                0x000028c0                sl_driver_init
 .text.sl_service_init
                0x000028ce       0x12 ./autogen/sl_event_handler.o
                0x000028ce                sl_service_init
 .text.sl_stack_init
                0x000028e0        0x2 ./autogen/sl_event_handler.o
                0x000028e0                sl_stack_init
 .text.sl_internal_app_init
                0x000028e2        0x4 ./autogen/sl_event_handler.o
                0x000028e2                sl_internal_app_init
 .text.sl_platform_process_action
                0x000028e6        0x2 ./autogen/sl_event_handler.o
                0x000028e6                sl_platform_process_action
 .text.sl_service_process_action
                0x000028e8        0x2 ./autogen/sl_event_handler.o
                0x000028e8                sl_service_process_action
 .text.sl_stack_process_action
                0x000028ea        0x2 ./autogen/sl_event_handler.o
                0x000028ea                sl_stack_process_action
 .text.sl_internal_app_process_action
                0x000028ec        0x2 ./autogen/sl_event_handler.o
                0x000028ec                sl_internal_app_process_action
 .text.sl_board_enable_vcom
                0x000028ee       0x12 ./simplicity_sdk_2024.6.2/hardware/board/src/sl_board_control_gpio.o
                0x000028ee                sl_board_enable_vcom
 .text.sl_board_configure_vcom
                0x00002900        0x4 ./simplicity_sdk_2024.6.2/hardware/board/src/sl_board_control_gpio.o
                0x00002900                sl_board_configure_vcom
 .text.sl_board_disable_vcom
                0x00002904       0x12 ./simplicity_sdk_2024.6.2/hardware/board/src/sl_board_control_gpio.o
                0x00002904                sl_board_disable_vcom
 .text.sl_cos_send_config
                0x00002916       0x12 ./simplicity_sdk_2024.6.2/hardware/driver/configuration_over_swo/src/sl_cos.o
                0x00002916                sl_cos_send_config
 .text.Default_Handler
                0x00002928        0x2 ./simplicity_sdk_2024.6.2/platform/Device/SiliconLabs/EFR32MG21/Source/startup_efr32mg21.o
                0x00002928                ULFRCO_IRQHandler
                0x00002928                SW2_IRQHandler
                0x00002928                TIMER2_IRQHandler
                0x00002928                DebugMon_Handler
                0x00002928                USART0_TX_IRQHandler
                0x00002928                PRORTC_IRQHandler
                0x00002928                IADC_IRQHandler
                0x00002928                I2C0_IRQHandler
                0x00002928                LFXO_IRQHandler
                0x00002928                HardFault_Handler
                0x00002928                SMU_SECURE_IRQHandler
                0x00002928                SysTick_Handler
                0x00002928                USART1_RX_IRQHandler
                0x00002928                PendSV_Handler
                0x00002928                NMI_Handler
                0x00002928                SYNTH_IRQHandler
                0x00002928                I2C1_IRQHandler
                0x00002928                WDOG0_IRQHandler
                0x00002928                TIMER3_IRQHandler
                0x00002928                SYSCFG_IRQHandler
                0x00002928                EMUSE_IRQHandler
                0x00002928                EMUDG_IRQHandler
                0x00002928                USART1_TX_IRQHandler
                0x00002928                SMU_PRIVILEGED_IRQHandler
                0x00002928                MSC_IRQHandler
                0x00002928                DPLL0_IRQHandler
                0x00002928                UsageFault_Handler
                0x00002928                WDOG1_IRQHandler
                0x00002928                M33CTI1_IRQHandler
                0x00002928                GPIO_EVEN_IRQHandler
                0x00002928                SEMBTX_IRQHandler
                0x00002928                SW0_IRQHandler
                0x00002928                TIMER0_IRQHandler
                0x00002928                LETIMER0_IRQHandler
                0x00002928                TIMER1_IRQHandler
                0x00002928                HFRCO0_IRQHandler
                0x00002928                SecureFault_Handler
                0x00002928                BUFC_IRQHandler
                0x00002928                MODEM_IRQHandler
                0x00002928                USART2_RX_IRQHandler
                0x00002928                Default_Handler
                0x00002928                RAC_SEQ_IRQHandler
                0x00002928                FRC_PRI_IRQHandler
                0x00002928                EMU_IRQHandler
                0x00002928                SW3_IRQHandler
                0x00002928                KERNEL0_IRQHandler
                0x00002928                FRC_IRQHandler
                0x00002928                KERNEL1_IRQHandler
                0x00002928                AGC_IRQHandler
                0x00002928                sl_app_properties
                0x00002928                HFRCOEM23_IRQHandler
                0x00002928                BURTC_IRQHandler
                0x00002928                SEMBRX_IRQHandler
                0x00002928                LFRCO_IRQHandler
                0x00002928                ACMP0_IRQHandler
                0x00002928                USART0_RX_IRQHandler
                0x00002928                MemManage_Handler
                0x00002928                SVC_Handler
                0x00002928                HFXO00_IRQHandler
                0x00002928                SW1_IRQHandler
                0x00002928                CMU_IRQHandler
                0x00002928                RAC_RSM_IRQHandler
                0x00002928                SETAMPERHOST_IRQHandler
                0x00002928                GPIO_ODD_IRQHandler
                0x00002928                AES_IRQHandler
                0x00002928                M33CTI0_IRQHandler
                0x00002928                ICACHE0_IRQHandler
                0x00002928                PROTIMER_IRQHandler
                0x00002928                ACMP1_IRQHandler
                0x00002928                BusFault_Handler
                0x00002928                USART2_TX_IRQHandler
 .text.CopyBlock
                0x0000292a       0x18 ./simplicity_sdk_2024.6.2/platform/Device/SiliconLabs/EFR32MG21/Source/startup_efr32mg21.o
                0x0000292a                CopyBlock
 .text.SystemCLKIN0Get
                0x00002942        0x4 ./simplicity_sdk_2024.6.2/platform/Device/SiliconLabs/EFR32MG21/Source/system_efr32mg21.o
                0x00002942                SystemCLKIN0Get
 .text.SystemLFRCOClockGet
                0x00002946        0x6 ./simplicity_sdk_2024.6.2/platform/Device/SiliconLabs/EFR32MG21/Source/system_efr32mg21.o
                0x00002946                SystemLFRCOClockGet
 .text.SystemULFRCOClockGet
                0x0000294c        0x6 ./simplicity_sdk_2024.6.2/platform/Device/SiliconLabs/EFR32MG21/Source/system_efr32mg21.o
                0x0000294c                SystemULFRCOClockGet
 .text.assertEFM
                0x00002952        0x2 ./simplicity_sdk_2024.6.2/platform/common/src/sl_assert.o
                0x00002952                assertEFM
 .text.CORE_EnterCritical
                0x00002954        0x8 ./simplicity_sdk_2024.6.2/platform/common/src/sl_core_cortexm.o
                0x00002954                CORE_EnterCritical
 .text.CORE_ExitCritical
                0x0000295c        0x6 ./simplicity_sdk_2024.6.2/platform/common/src/sl_core_cortexm.o
                0x0000295c                CORE_ExitCritical
 .text.CORE_EnterAtomic
                0x00002962        0xc ./simplicity_sdk_2024.6.2/platform/common/src/sl_core_cortexm.o
                0x00002962                CORE_EnterAtomic
 .text.CORE_ExitAtomic
                0x0000296e        0x6 ./simplicity_sdk_2024.6.2/platform/common/src/sl_core_cortexm.o
                0x0000296e                CORE_ExitAtomic
 .text.sl_debug_swo_enable_itm
                0x00002974       0x16 ./simplicity_sdk_2024.6.2/platform/driver/debug/src/sl_debug_swo.o
                0x00002974                sl_debug_swo_enable_itm
 .text.sl_debug_swo_disable_itm
                0x0000298a       0x18 ./simplicity_sdk_2024.6.2/platform/driver/debug/src/sl_debug_swo.o
                0x0000298a                sl_debug_swo_disable_itm
 .text.waitStateMax
                0x000029a2       0x10 ./simplicity_sdk_2024.6.2/platform/emlib/src/em_cmu.o
 .text.pclkDivMax
                0x000029b2        0x8 ./simplicity_sdk_2024.6.2/platform/emlib/src/em_cmu.o
 .text.sli_em_cmu_SYSCLKInitPreClockSelect
                0x000029ba        0xe ./simplicity_sdk_2024.6.2/platform/emlib/src/em_cmu.o
                0x000029ba                sli_em_cmu_SYSCLKInitPreClockSelect
 .text.sli_em_cmu_SYSCLKInitPostClockSelect
                0x000029c8       0x1a ./simplicity_sdk_2024.6.2/platform/emlib/src/em_cmu.o
                0x000029c8                sli_em_cmu_SYSCLKInitPostClockSelect
 .text.BUS_RegMaskedWrite
                0x000029e2       0x1e ./simplicity_sdk_2024.6.2/platform/emlib/src/em_gpio.o
 .text.GPIO_DbgLocationSet
                0x00002a00        0x2 ./simplicity_sdk_2024.6.2/platform/emlib/src/em_gpio.o
                0x00002a00                GPIO_DbgLocationSet
 .text.RTCC_SyncWait
                0x00002a02       0x10 ./simplicity_sdk_2024.6.2/platform/emlib/src/em_rtcc.o
 .text.USART_Tx
                0x00002a12        0xa ./simplicity_sdk_2024.6.2/platform/emlib/src/em_usart.o
                0x00002a12                USART_Tx
 .text.sl_clock_manager_runtime_init
                0x00002a1c        0x4 ./simplicity_sdk_2024.6.2/platform/service/clock_manager/src/sl_clock_manager.o
                0x00002a1c                sl_clock_manager_runtime_init
 .text.sl_clock_manager_get_clock_branch_frequency
                0x00002a20        0xa ./simplicity_sdk_2024.6.2/platform/service/clock_manager/src/sl_clock_manager.o
                0x00002a20                sl_clock_manager_get_clock_branch_frequency
 .text.sl_clock_manager_enable_bus_clock
                0x00002a2a        0x6 ./simplicity_sdk_2024.6.2/platform/service/clock_manager/src/sl_clock_manager.o
                0x00002a2a                sl_clock_manager_enable_bus_clock
 .text.sli_clock_manager_hal_runtime_init
                0x00002a30        0x4 ./simplicity_sdk_2024.6.2/platform/service/clock_manager/src/sl_clock_manager_hal_s2.o
                0x00002a30                sli_clock_manager_hal_runtime_init
 .text.sli_clock_manager_hal_get_clock_branch_frequency
                0x00002a34       0x82 ./simplicity_sdk_2024.6.2/platform/service/clock_manager/src/sl_clock_manager_hal_s2.o
                0x00002a34                sli_clock_manager_hal_get_clock_branch_frequency
 .text.sli_clock_manager_hal_enable_bus_clock
                0x00002ab6        0x4 ./simplicity_sdk_2024.6.2/platform/service/clock_manager/src/sl_clock_manager_hal_s2.o
                0x00002ab6                sli_clock_manager_hal_enable_bus_clock
 .text.sl_clock_manager_init
                0x00002aba        0x4 ./simplicity_sdk_2024.6.2/platform/service/clock_manager/src/sl_clock_manager_init.o
                0x00002aba                sl_clock_manager_init
 .text.sl_interrupt_manager_init
                0x00002abe       0x16 ./simplicity_sdk_2024.6.2/platform/service/interrupt_manager/src/sl_interrupt_manager_cortexm.o
                0x00002abe                sl_interrupt_manager_init
 .text.sl_iostream_write
                0x00002ad4       0x22 ./simplicity_sdk_2024.6.2/platform/service/iostream/src/sl_iostream.o
                0x00002ad4                sl_iostream_write
 .text.sl_iostream_read
                0x00002af6       0x30 ./simplicity_sdk_2024.6.2/platform/service/iostream/src/sl_iostream.o
                0x00002af6                sl_iostream_read
 .text._close   0x00002b26        0x4 ./simplicity_sdk_2024.6.2/platform/service/iostream/src/sl_iostream_retarget_stdio.o
                0x00002b26                _close
 .text._exit    0x00002b2a        0x2 ./simplicity_sdk_2024.6.2/platform/service/iostream/src/sl_iostream_retarget_stdio.o
                0x00002b2a                _exit
 .text._fstat   0x00002b2c        0xa ./simplicity_sdk_2024.6.2/platform/service/iostream/src/sl_iostream_retarget_stdio.o
                0x00002b2c                _fstat
 .text._lseek   0x00002b36        0x4 ./simplicity_sdk_2024.6.2/platform/service/iostream/src/sl_iostream_retarget_stdio.o
                0x00002b36                _lseek
 .text._read    0x00002b3a       0x1c ./simplicity_sdk_2024.6.2/platform/service/iostream/src/sl_iostream_retarget_stdio.o
                0x00002b3a                _read
 .text.sleeptimer_hal_presc_to_log2.constprop.0
                0x00002b56        0x4 ./simplicity_sdk_2024.6.2/platform/service/sleeptimer/src/sl_sleeptimer_hal_rtcc.o
 .text.sleeptimer_hal_get_counter
                0x00002b5a        0xe ./simplicity_sdk_2024.6.2/platform/service/sleeptimer/src/sl_sleeptimer_hal_rtcc.o
                0x00002b5a                sleeptimer_hal_get_counter
 .text.sleeptimer_hal_enable_int
                0x00002b68       0x18 ./simplicity_sdk_2024.6.2/platform/service/sleeptimer/src/sl_sleeptimer_hal_rtcc.o
                0x00002b68                sleeptimer_hal_enable_int
 .text.sl_system_init
                0x00002b80       0x1a ./simplicity_sdk_2024.6.2/platform/service/system/src/sl_system_init.o
                0x00002b80                sl_system_init
 .text.sl_system_process_action
                0x00002b9a       0x16 ./simplicity_sdk_2024.6.2/platform/service/system/src/sl_system_process_action.o
                0x00002b9a                sl_system_process_action
 .text._fwalk_sglue
                0x00002bb0       0x3c c:/siliconlabs/simplicitystudio/v5/developer/toolchains/gnu_arm/12.2.rel1_2023.7/bin/../lib/gcc/arm-none-eabi/12.2.1/thumb/v8-m.main+fp/hard\libc_nano.a(libc_a-fwalk.o)
                0x00002bb0                _fwalk_sglue
 .text.__sread  0x00002bec       0x22 c:/siliconlabs/simplicitystudio/v5/developer/toolchains/gnu_arm/12.2.rel1_2023.7/bin/../lib/gcc/arm-none-eabi/12.2.1/thumb/v8-m.main+fp/hard\libc_nano.a(libc_a-stdio.o)
                0x00002bec                __sread
 .text.__swrite
                0x00002c0e       0x38 c:/siliconlabs/simplicitystudio/v5/developer/toolchains/gnu_arm/12.2.rel1_2023.7/bin/../lib/gcc/arm-none-eabi/12.2.1/thumb/v8-m.main+fp/hard\libc_nano.a(libc_a-stdio.o)
                0x00002c0e                __swrite
 .text.__sseek  0x00002c46       0x24 c:/siliconlabs/simplicitystudio/v5/developer/toolchains/gnu_arm/12.2.rel1_2023.7/bin/../lib/gcc/arm-none-eabi/12.2.1/thumb/v8-m.main+fp/hard\libc_nano.a(libc_a-stdio.o)
                0x00002c46                __sseek
 .text.__sclose
                0x00002c6a        0x8 c:/siliconlabs/simplicitystudio/v5/developer/toolchains/gnu_arm/12.2.rel1_2023.7/bin/../lib/gcc/arm-none-eabi/12.2.1/thumb/v8-m.main+fp/hard\libc_nano.a(libc_a-stdio.o)
                0x00002c6a                __sclose
 .text.memset   0x00002c72       0x10 c:/siliconlabs/simplicitystudio/v5/developer/toolchains/gnu_arm/12.2.rel1_2023.7/bin/../lib/gcc/arm-none-eabi/12.2.1/thumb/v8-m.main+fp/hard\libc_nano.a(libc_a-memset.o)
                0x00002c72                memset
 .text.__retarget_lock_init_recursive
                0x00002c82        0x2 c:/siliconlabs/simplicitystudio/v5/developer/toolchains/gnu_arm/12.2.rel1_2023.7/bin/../lib/gcc/arm-none-eabi/12.2.1/thumb/v8-m.main+fp/hard\libc_nano.a(libc_a-lock.o)
                0x00002c82                __retarget_lock_init_recursive
 .text.__retarget_lock_acquire_recursive
                0x00002c84        0x2 c:/siliconlabs/simplicitystudio/v5/developer/toolchains/gnu_arm/12.2.rel1_2023.7/bin/../lib/gcc/arm-none-eabi/12.2.1/thumb/v8-m.main+fp/hard\libc_nano.a(libc_a-lock.o)
                0x00002c84                __retarget_lock_acquire_recursive
 .text.__retarget_lock_release_recursive
                0x00002c86        0x2 c:/siliconlabs/simplicitystudio/v5/developer/toolchains/gnu_arm/12.2.rel1_2023.7/bin/../lib/gcc/arm-none-eabi/12.2.1/thumb/v8-m.main+fp/hard\libc_nano.a(libc_a-lock.o)
                0x00002c86                __retarget_lock_release_recursive
 .text.__sflush_r
                0x00002c88      0x106 c:/siliconlabs/simplicitystudio/v5/developer/toolchains/gnu_arm/12.2.rel1_2023.7/bin/../lib/gcc/arm-none-eabi/12.2.1/thumb/v8-m.main+fp/hard\libc_nano.a(libc_a-fflush.o)
                0x00002c88                __sflush_r
 .text._fflush_r
                0x00002d8e       0x50 c:/siliconlabs/simplicitystudio/v5/developer/toolchains/gnu_arm/12.2.rel1_2023.7/bin/../lib/gcc/arm-none-eabi/12.2.1/thumb/v8-m.main+fp/hard\libc_nano.a(libc_a-fflush.o)
                0x00002d8e                _fflush_r
 .text.__swhatbuf_r
                0x00002dde       0x4a c:/siliconlabs/simplicitystudio/v5/developer/toolchains/gnu_arm/12.2.rel1_2023.7/bin/../lib/gcc/arm-none-eabi/12.2.1/thumb/v8-m.main+fp/hard\libc_nano.a(libc_a-makebuf.o)
                0x00002dde                __swhatbuf_r
 *(SORT_BY_ALIGNMENT(text_*))
                0x00002e40                . = ALIGN (0x20)
 *fill*         0x00002e28       0x18 
                0x00002e40                linker_code_end = .
 *(.init)
 .init          0x00002e40        0x4 c:/siliconlabs/simplicitystudio/v5/developer/toolchains/gnu_arm/12.2.rel1_2023.7/bin/../lib/gcc/arm-none-eabi/12.2.1/thumb/v8-m.main+fp/hard/crti.o
                0x00002e40                _init
 .init          0x00002e44        0x8 c:/siliconlabs/simplicitystudio/v5/developer/toolchains/gnu_arm/12.2.rel1_2023.7/bin/../lib/gcc/arm-none-eabi/12.2.1/thumb/v8-m.main+fp/hard/crtn.o
 *(.fini)
 .fini          0x00002e4c        0x4 c:/siliconlabs/simplicitystudio/v5/developer/toolchains/gnu_arm/12.2.rel1_2023.7/bin/../lib/gcc/arm-none-eabi/12.2.1/thumb/v8-m.main+fp/hard/crti.o
                0x00002e4c                _fini
 .fini          0x00002e50        0x8 c:/siliconlabs/simplicitystudio/v5/developer/toolchains/gnu_arm/12.2.rel1_2023.7/bin/../lib/gcc/arm-none-eabi/12.2.1/thumb/v8-m.main+fp/hard/crtn.o
 *crtbegin.o(.ctors)
 *crtbegin?.o(.ctors)
 *(EXCLUDE_FILE(*crtend.o *crtend?.o) .ctors)
 *(SORT_BY_NAME(.ctors.*))
 *(.ctors)
 *crtbegin.o(.dtors)
 *crtbegin?.o(.dtors)
 *(EXCLUDE_FILE(*crtend.o *crtend?.o) .dtors)
 *(SORT_BY_NAME(.dtors.*))
 *(.dtors)
 *(.rodata*)
 .rodata        0x00002e58       0x1c ./BSP/bsp_usart.o
 .rodata.app_process_action.str1.1
                0x00002e74       0x53 ./app.o
 .rodata.HFRCODPLLDevinfoGet.str1.1
                0x00002ec7       0x48 ./simplicity_sdk_2024.6.2/platform/emlib/src/em_cmu.o
 .rodata.GPIO_PinOutSet.str1.1
                0x00002f0f       0x49 ./simplicity_sdk_2024.6.2/platform/emlib/src/em_gpio.o
 .rodata.GPIO_ExtIntConfig.str1.1
                0x00002f58       0x49 ./simplicity_sdk_2024.6.2/platform/emlib/src/em_gpio.o
 .rodata.CSWTCH.31
                0x00002fa1        0x4 ./simplicity_sdk_2024.6.2/platform/emlib/src/em_gpio.o
 .rodata.RTCC_ChannelInit.str1.1
                0x00002fa5       0x49 ./simplicity_sdk_2024.6.2/platform/emlib/src/em_rtcc.o
 .rodata.USART_BaudrateAsyncSet.str1.1
                0x00002fee       0x4a ./simplicity_sdk_2024.6.2/platform/emlib/src/em_usart.o
 .rodata        0x00003038       0x3c ./simplicity_sdk_2024.6.2/platform/service/clock_manager/src/sl_clock_manager_init_hal_s2.o
 .rodata.sl_peripheral_val_rtcc
                0x00003074        0xc ./simplicity_sdk_2024.6.2/platform/service/device_manager/devices/sl_device_peripheral_hal_efr32xg21.o
                0x00003074                sl_peripheral_val_rtcc
 .rodata.SL_BUS_CLOCK_RTCC_VALUE
                0x00003080        0x4 ./simplicity_sdk_2024.6.2/platform/service/device_manager/src/sl_device_clock.o
                0x00003080                SL_BUS_CLOCK_RTCC_VALUE
 .rodata.SL_BUS_CLOCK_GPIO_VALUE
                0x00003084        0x4 ./simplicity_sdk_2024.6.2/platform/service/device_manager/src/sl_device_clock.o
                0x00003084                SL_BUS_CLOCK_GPIO_VALUE
 .rodata.sl_interrupt_manager_disable_irq.str1.1
                0x00003088       0x72 ./simplicity_sdk_2024.6.2/platform/service/interrupt_manager/src/sl_interrupt_manager_cortexm.o
 .rodata._write.str1.1
                0x000030fa       0x67 ./simplicity_sdk_2024.6.2/platform/service/iostream/src/sl_iostream_retarget_stdio.o
 .rodata.process_timer_irq.str1.1
                0x00003161       0x5c ./simplicity_sdk_2024.6.2/platform/service/sleeptimer/src/sl_sleeptimer.o
 .rodata        0x000031bd        0xb ./simplicity_sdk_2024.6.2/platform/service/sleeptimer/src/sl_sleeptimer_hal_rtcc.o
 *(.eh_frame*)
 .eh_frame      0x000031c8        0x0 c:/siliconlabs/simplicitystudio/v5/developer/toolchains/gnu_arm/12.2.rel1_2023.7/bin/../lib/gcc/arm-none-eabi/12.2.1/thumb/v8-m.main+fp/hard/crtbegin.o

.glue_7         0x000031c8        0x0
 .glue_7        0x000031c8        0x0 linker stubs

.glue_7t        0x000031c8        0x0
 .glue_7t       0x000031c8        0x0 linker stubs

.vfp11_veneer   0x000031c8        0x0
 .vfp11_veneer  0x000031c8        0x0 linker stubs

.v4_bx          0x000031c8        0x0
 .v4_bx         0x000031c8        0x0 linker stubs

.iplt           0x000031c8        0x0
 .iplt          0x000031c8        0x0 c:/siliconlabs/simplicitystudio/v5/developer/toolchains/gnu_arm/12.2.rel1_2023.7/bin/../lib/gcc/arm-none-eabi/12.2.1/thumb/v8-m.main+fp/hard/crtbegin.o

.ARM.extab
 *(.ARM.extab* .gnu.linkonce.armextab.*)
                0x000031c8                __exidx_start = .

.ARM.exidx      0x000031c8        0x8
 *(.ARM.exidx* .gnu.linkonce.armexidx.*)
 .ARM.exidx     0x000031c8        0x8 c:/siliconlabs/simplicitystudio/v5/developer/toolchains/gnu_arm/12.2.rel1_2023.7/bin/../lib/gcc/arm-none-eabi/12.2.1/thumb/v8-m.main+fp/hard/crt0.o
                                 0x10 (size before relaxing)
 .ARM.exidx.text.__udivmoddi4
                0x000031d0        0x0 c:/siliconlabs/simplicitystudio/v5/developer/toolchains/gnu_arm/12.2.rel1_2023.7/bin/../lib/gcc/arm-none-eabi/12.2.1/thumb/v8-m.main+fp/hard\libgcc.a(_udivmoddi4.o)
                                  0x8 (size before relaxing)
                0x000031d0                __exidx_end = .

.rel.dyn        0x000031d0        0x0
 .rel.iplt      0x000031d0        0x0 c:/siliconlabs/simplicitystudio/v5/developer/toolchains/gnu_arm/12.2.rel1_2023.7/bin/../lib/gcc/arm-none-eabi/12.2.1/thumb/v8-m.main+fp/hard/crtbegin.o

.copy.table     0x000031d0        0xc
                0x000031d0                . = ALIGN (0x4)
                0x000031d0                __copy_table_start__ = .
                0x000031d0        0x4 LONG 0x31dc __etext
                0x000031d4        0x4 LONG 0x20001304 __data_start__
                0x000031d8        0x4 LONG 0x20 ((__data_end__ - __data_start__) / 0x4)
                0x000031dc                __copy_table_end__ = .

.zero.table     0x000031dc        0x0
                0x000031dc                . = ALIGN (0x4)
                0x000031dc                __zero_table_start__ = .
                0x000031dc                __zero_table_end__ = .
                0x000031dc                __etext = .

.data           0x20001304       0x80 load address 0x000031dc
                0x20001304                . = ALIGN (0x4)
                0x20001304                __data_start__ = .
 *(vtable)
 *(SORT_BY_ALIGNMENT(.data*))
 .data.SystemCoreClock
                0x20001304        0x4 ./simplicity_sdk_2024.6.2/platform/Device/SiliconLabs/EFR32MG21/Source/system_efr32mg21.o
                0x20001304                SystemCoreClock
 .data.SystemHFRCODPLLClock
                0x20001308        0x4 ./simplicity_sdk_2024.6.2/platform/Device/SiliconLabs/EFR32MG21/Source/system_efr32mg21.o
 .data.SystemLFXOClock
                0x2000130c        0x4 ./simplicity_sdk_2024.6.2/platform/Device/SiliconLabs/EFR32MG21/Source/system_efr32mg21.o
 .data.SystemHFXOClock
                0x20001310        0x4 ./simplicity_sdk_2024.6.2/platform/Device/SiliconLabs/EFR32MG21/Source/system_efr32mg21.o
 .data.heap_end.0
                0x20001314        0x4 ./simplicity_sdk_2024.6.2/platform/service/memory_manager/src/sl_memory_manager_region.o
 .data.__sglue  0x20001318        0xc c:/siliconlabs/simplicitystudio/v5/developer/toolchains/gnu_arm/12.2.rel1_2023.7/bin/../lib/gcc/arm-none-eabi/12.2.1/thumb/v8-m.main+fp/hard\libc_nano.a(libc_a-findfp.o)
                0x20001318                __sglue
 .data._impure_ptr
                0x20001324        0x4 c:/siliconlabs/simplicitystudio/v5/developer/toolchains/gnu_arm/12.2.rel1_2023.7/bin/../lib/gcc/arm-none-eabi/12.2.1/thumb/v8-m.main+fp/hard\libc_nano.a(libc_a-impure.o)
                0x20001324                _impure_ptr
 .data._impure_data
                0x20001328       0x4c c:/siliconlabs/simplicitystudio/v5/developer/toolchains/gnu_arm/12.2.rel1_2023.7/bin/../lib/gcc/arm-none-eabi/12.2.1/thumb/v8-m.main+fp/hard\libc_nano.a(libc_a-impure.o)
                0x20001328                _impure_data
 .data.hfxo_precision
                0x20001374        0x2 ./simplicity_sdk_2024.6.2/platform/emlib/src/em_cmu.o
 .data.lfxo_precision
                0x20001376        0x2 ./simplicity_sdk_2024.6.2/platform/emlib/src/em_cmu.o
 .data.level_mask
                0x20001378        0x1 ./simplicity_sdk_2024.6.2/app/common/util/app_log/app_log.o
 .data.level_filter_threshold
                0x20001379        0x1 ./simplicity_sdk_2024.6.2/app/common/util/app_log/app_log.o
 .data.level_filter_enabled
                0x2000137a        0x1 ./simplicity_sdk_2024.6.2/app/common/util/app_log/app_log.o
 .data.cc_disabled
                0x2000137b        0x1 ./simplicity_sdk_2024.6.2/platform/service/sleeptimer/src/sl_sleeptimer_hal_rtcc.o
                0x2000137c                . = ALIGN (0x4)
                0x2000137c                . = ALIGN (0x4)
                0x2000137c                PROVIDE (__preinit_array_start = .)
 *(.preinit_array)
                0x2000137c                PROVIDE (__preinit_array_end = .)
                0x2000137c                . = ALIGN (0x4)
                0x2000137c                PROVIDE (__init_array_start = .)
 *(SORT_BY_NAME(.init_array.*))
 *(.init_array)
 .init_array    0x2000137c        0x4 c:/siliconlabs/simplicitystudio/v5/developer/toolchains/gnu_arm/12.2.rel1_2023.7/bin/../lib/gcc/arm-none-eabi/12.2.1/thumb/v8-m.main+fp/hard/crtbegin.o
                0x20001380                PROVIDE (__init_array_end = .)
                0x20001380                . = ALIGN (0x4)
                [!provide]                PROVIDE (__fini_array_start = .)
 *(SORT_BY_NAME(.fini_array.*))
 *(.fini_array)
 .fini_array    0x20001380        0x4 c:/siliconlabs/simplicitystudio/v5/developer/toolchains/gnu_arm/12.2.rel1_2023.7/bin/../lib/gcc/arm-none-eabi/12.2.1/thumb/v8-m.main+fp/hard/crtbegin.o
                [!provide]                PROVIDE (__fini_array_end = .)
                0x20001384                . = ALIGN (0x4)
                0x20001384                __data_end__ = .

.tm_clone_table
                0x20001384        0x0 load address 0x0000325c
 .tm_clone_table
                0x20001384        0x0 c:/siliconlabs/simplicitystudio/v5/developer/toolchains/gnu_arm/12.2.rel1_2023.7/bin/../lib/gcc/arm-none-eabi/12.2.1/thumb/v8-m.main+fp/hard/crtbegin.o
 .tm_clone_table
                0x20001384        0x0 c:/siliconlabs/simplicitystudio/v5/developer/toolchains/gnu_arm/12.2.rel1_2023.7/bin/../lib/gcc/arm-none-eabi/12.2.1/thumb/v8-m.main+fp/hard/crtend.o

.igot.plt       0x20001384        0x0 load address 0x0000325c
 .igot.plt      0x20001384        0x0 c:/siliconlabs/simplicitystudio/v5/developer/toolchains/gnu_arm/12.2.rel1_2023.7/bin/../lib/gcc/arm-none-eabi/12.2.1/thumb/v8-m.main+fp/hard/crtbegin.o

.heap           0x20001384        0x4 load address 0x0000325c
                0x20001388                . = ALIGN (0x8)
 *fill*         0x20001384        0x4 
                0x20001388                __HeapBase = .
                0x20001388                __end__ = .
                0x20001388                end = __end__
                0x20001388                _end = __end__
 *(.heap*)
                0x20018000                __HeapLimit = (ORIGIN (RAM) + LENGTH (RAM))
                0x00016c78                __heap_size = (__HeapLimit - __HeapBase)
                0x20018000                __ram_end__ = 0x20018000
                0x000fe000                __main_flash_end__ = 0xfe000

.internal_storage
 *(.internal_storage*)

.nvm
 *(.simee*)
                0x20001304                __ramfuncs_start__ = __vma_ramfuncs_start__
                0x20001304                __ramfuncs_end__ = __vma_ramfuncs_end__
                0x000fe000                linker_nvm_end = __main_flash_end__
                0x000fe000                linker_nvm_begin = (linker_nvm_end - SIZEOF (.nvm))
                0x000fe000                linker_storage_end = linker_nvm_begin
                0x000fe000                __nvm3Base = linker_nvm_begin
                0x000fe000                linker_storage_begin = (linker_storage_end - SIZEOF (.internal_storage))
                0x00000001                ASSERT ((linker_storage_begin >= (__etext + SIZEOF (.data))), FLASH memory overflowed !)
OUTPUT(nfr32xg21-iot-final-project.axf elf32-littlearm)
LOAD linker stubs

.ARM.attributes
                0x00000000       0x36
 .ARM.attributes
                0x00000000       0x26 c:/siliconlabs/simplicitystudio/v5/developer/toolchains/gnu_arm/12.2.rel1_2023.7/bin/../lib/gcc/arm-none-eabi/12.2.1/thumb/v8-m.main+fp/hard/crti.o
 .ARM.attributes
                0x00000026       0x38 c:/siliconlabs/simplicitystudio/v5/developer/toolchains/gnu_arm/12.2.rel1_2023.7/bin/../lib/gcc/arm-none-eabi/12.2.1/thumb/v8-m.main+fp/hard/crtbegin.o
 .ARM.attributes
                0x0000005e       0x24 c:/siliconlabs/simplicitystudio/v5/developer/toolchains/gnu_arm/12.2.rel1_2023.7/bin/../lib/gcc/arm-none-eabi/12.2.1/thumb/v8-m.main+fp/hard/crt0.o
 .ARM.attributes
                0x00000082       0x3a ./BSP/bsp_usart.o
 .ARM.attributes
                0x000000bc       0x3a ./app.o
 .ARM.attributes
                0x000000f6       0x3a ./main.o
 .ARM.attributes
                0x00000130       0x3a ./autogen/sl_board_default_init.o
 .ARM.attributes
                0x0000016a       0x3a ./autogen/sl_event_handler.o
 .ARM.attributes
                0x000001a4       0x3a ./simplicity_sdk_2024.6.2/app/common/util/app_log/app_log.o
 .ARM.attributes
                0x000001de       0x3a ./simplicity_sdk_2024.6.2/hardware/board/src/sl_board_control_gpio.o
 .ARM.attributes
                0x00000218       0x3a ./simplicity_sdk_2024.6.2/hardware/board/src/sl_board_init.o
 .ARM.attributes
                0x00000252       0x3a ./simplicity_sdk_2024.6.2/hardware/driver/configuration_over_swo/src/sl_cos.o
 .ARM.attributes
                0x0000028c       0x3a ./simplicity_sdk_2024.6.2/platform/Device/SiliconLabs/EFR32MG21/Source/startup_efr32mg21.o
 .ARM.attributes
                0x000002c6       0x3a ./simplicity_sdk_2024.6.2/platform/Device/SiliconLabs/EFR32MG21/Source/system_efr32mg21.o
 .ARM.attributes
                0x00000300       0x3a ./simplicity_sdk_2024.6.2/platform/common/src/sl_assert.o
 .ARM.attributes
                0x0000033a       0x3a ./simplicity_sdk_2024.6.2/platform/common/src/sl_core_cortexm.o
 .ARM.attributes
                0x00000374       0x3a ./simplicity_sdk_2024.6.2/platform/driver/debug/src/sl_debug_swo.o
 .ARM.attributes
                0x000003ae       0x3a ./simplicity_sdk_2024.6.2/platform/emdrv/dmadrv/src/dmadrv.o
 .ARM.attributes
                0x000003e8       0x3a ./simplicity_sdk_2024.6.2/platform/emlib/src/em_cmu.o
 .ARM.attributes
                0x00000422       0x3a ./simplicity_sdk_2024.6.2/platform/emlib/src/em_emu.o
 .ARM.attributes
                0x0000045c       0x3a ./simplicity_sdk_2024.6.2/platform/emlib/src/em_gpio.o
 .ARM.attributes
                0x00000496       0x3a ./simplicity_sdk_2024.6.2/platform/emlib/src/em_rtcc.o
 .ARM.attributes
                0x000004d0       0x3a ./simplicity_sdk_2024.6.2/platform/emlib/src/em_system.o
 .ARM.attributes
                0x0000050a       0x3a ./simplicity_sdk_2024.6.2/platform/emlib/src/em_usart.o
 .ARM.attributes
                0x00000544       0x3a ./simplicity_sdk_2024.6.2/platform/service/clock_manager/src/sl_clock_manager.o
 .ARM.attributes
                0x0000057e       0x3a ./simplicity_sdk_2024.6.2/platform/service/clock_manager/src/sl_clock_manager_hal_s2.o
 .ARM.attributes
                0x000005b8       0x3a ./simplicity_sdk_2024.6.2/platform/service/clock_manager/src/sl_clock_manager_init.o
 .ARM.attributes
                0x000005f2       0x3a ./simplicity_sdk_2024.6.2/platform/service/clock_manager/src/sl_clock_manager_init_hal_s2.o
 .ARM.attributes
                0x0000062c       0x3a ./simplicity_sdk_2024.6.2/platform/service/device_init/src/sl_device_init_emu_s2.o
 .ARM.attributes
                0x00000666       0x3a ./simplicity_sdk_2024.6.2/platform/service/device_manager/devices/sl_device_peripheral_hal_efr32xg21.o
 .ARM.attributes
                0x000006a0       0x3a ./simplicity_sdk_2024.6.2/platform/service/device_manager/src/sl_device_clock.o
 .ARM.attributes
                0x000006da       0x3a ./simplicity_sdk_2024.6.2/platform/service/interrupt_manager/src/sl_interrupt_manager_cortexm.o
 .ARM.attributes
                0x00000714       0x3a ./simplicity_sdk_2024.6.2/platform/service/iostream/src/sl_iostream.o
 .ARM.attributes
                0x0000074e       0x3a ./simplicity_sdk_2024.6.2/platform/service/iostream/src/sl_iostream_retarget_stdio.o
 .ARM.attributes
                0x00000788       0x3a ./simplicity_sdk_2024.6.2/platform/service/iostream/src/sl_iostream_stdlib_config.o
 .ARM.attributes
                0x000007c2       0x3a ./simplicity_sdk_2024.6.2/platform/service/memory_manager/src/sl_memory_manager_region.o
 .ARM.attributes
                0x000007fc       0x3a ./simplicity_sdk_2024.6.2/platform/service/sleeptimer/src/sl_sleeptimer.o
 .ARM.attributes
                0x00000836       0x3a ./simplicity_sdk_2024.6.2/platform/service/sleeptimer/src/sl_sleeptimer_hal_rtcc.o
 .ARM.attributes
                0x00000870       0x3a ./simplicity_sdk_2024.6.2/platform/service/system/src/sl_system_init.o
 .ARM.attributes
                0x000008aa       0x3a ./simplicity_sdk_2024.6.2/platform/service/system/src/sl_system_process_action.o
 .ARM.attributes
                0x000008e4       0x26 c:/siliconlabs/simplicitystudio/v5/developer/toolchains/gnu_arm/12.2.rel1_2023.7/bin/../lib/gcc/arm-none-eabi/12.2.1/thumb/v8-m.main+fp/hard\libgcc.a(_aeabi_uldivmod.o)
 .ARM.attributes
                0x0000090a       0x38 c:/siliconlabs/simplicitystudio/v5/developer/toolchains/gnu_arm/12.2.rel1_2023.7/bin/../lib/gcc/arm-none-eabi/12.2.1/thumb/v8-m.main+fp/hard\libgcc.a(_udivmoddi4.o)
 .ARM.attributes
                0x00000942       0x26 c:/siliconlabs/simplicitystudio/v5/developer/toolchains/gnu_arm/12.2.rel1_2023.7/bin/../lib/gcc/arm-none-eabi/12.2.1/thumb/v8-m.main+fp/hard\libgcc.a(_dvmd_tls.o)
 .ARM.attributes
                0x00000968       0x38 c:/siliconlabs/simplicitystudio/v5/developer/toolchains/gnu_arm/12.2.rel1_2023.7/bin/../lib/gcc/arm-none-eabi/12.2.1/thumb/v8-m.main+fp/hard\libc_nano.a(libc_a-exit.o)
 .ARM.attributes
                0x000009a0       0x38 c:/siliconlabs/simplicitystudio/v5/developer/toolchains/gnu_arm/12.2.rel1_2023.7/bin/../lib/gcc/arm-none-eabi/12.2.1/thumb/v8-m.main+fp/hard\libc_nano.a(libc_a-findfp.o)
 .ARM.attributes
                0x000009d8       0x38 c:/siliconlabs/simplicitystudio/v5/developer/toolchains/gnu_arm/12.2.rel1_2023.7/bin/../lib/gcc/arm-none-eabi/12.2.1/thumb/v8-m.main+fp/hard\libc_nano.a(libc_a-fwalk.o)
 .ARM.attributes
                0x00000a10       0x38 c:/siliconlabs/simplicitystudio/v5/developer/toolchains/gnu_arm/12.2.rel1_2023.7/bin/../lib/gcc/arm-none-eabi/12.2.1/thumb/v8-m.main+fp/hard\libc_nano.a(libc_a-setvbuf.o)
 .ARM.attributes
                0x00000a48       0x38 c:/siliconlabs/simplicitystudio/v5/developer/toolchains/gnu_arm/12.2.rel1_2023.7/bin/../lib/gcc/arm-none-eabi/12.2.1/thumb/v8-m.main+fp/hard\libc_nano.a(libc_a-stdio.o)
 .ARM.attributes
                0x00000a80       0x38 c:/siliconlabs/simplicitystudio/v5/developer/toolchains/gnu_arm/12.2.rel1_2023.7/bin/../lib/gcc/arm-none-eabi/12.2.1/thumb/v8-m.main+fp/hard\libc_nano.a(libc_a-memset.o)
 .ARM.attributes
                0x00000ab8       0x38 c:/siliconlabs/simplicitystudio/v5/developer/toolchains/gnu_arm/12.2.rel1_2023.7/bin/../lib/gcc/arm-none-eabi/12.2.1/thumb/v8-m.main+fp/hard\libc_nano.a(libc_a-closer.o)
 .ARM.attributes
                0x00000af0       0x38 c:/siliconlabs/simplicitystudio/v5/developer/toolchains/gnu_arm/12.2.rel1_2023.7/bin/../lib/gcc/arm-none-eabi/12.2.1/thumb/v8-m.main+fp/hard\libc_nano.a(libc_a-reent.o)
 .ARM.attributes
                0x00000b28       0x38 c:/siliconlabs/simplicitystudio/v5/developer/toolchains/gnu_arm/12.2.rel1_2023.7/bin/../lib/gcc/arm-none-eabi/12.2.1/thumb/v8-m.main+fp/hard\libc_nano.a(libc_a-impure.o)
 .ARM.attributes
                0x00000b60       0x38 c:/siliconlabs/simplicitystudio/v5/developer/toolchains/gnu_arm/12.2.rel1_2023.7/bin/../lib/gcc/arm-none-eabi/12.2.1/thumb/v8-m.main+fp/hard\libc_nano.a(libc_a-lseekr.o)
 .ARM.attributes
                0x00000b98       0x38 c:/siliconlabs/simplicitystudio/v5/developer/toolchains/gnu_arm/12.2.rel1_2023.7/bin/../lib/gcc/arm-none-eabi/12.2.1/thumb/v8-m.main+fp/hard\libc_nano.a(libc_a-readr.o)
 .ARM.attributes
                0x00000bd0       0x38 c:/siliconlabs/simplicitystudio/v5/developer/toolchains/gnu_arm/12.2.rel1_2023.7/bin/../lib/gcc/arm-none-eabi/12.2.1/thumb/v8-m.main+fp/hard\libc_nano.a(libc_a-writer.o)
 .ARM.attributes
                0x00000c08       0x38 c:/siliconlabs/simplicitystudio/v5/developer/toolchains/gnu_arm/12.2.rel1_2023.7/bin/../lib/gcc/arm-none-eabi/12.2.1/thumb/v8-m.main+fp/hard\libc_nano.a(libc_a-init.o)
 .ARM.attributes
                0x00000c40       0x38 c:/siliconlabs/simplicitystudio/v5/developer/toolchains/gnu_arm/12.2.rel1_2023.7/bin/../lib/gcc/arm-none-eabi/12.2.1/thumb/v8-m.main+fp/hard\libc_nano.a(libc_a-lock.o)
 .ARM.attributes
                0x00000c78       0x38 c:/siliconlabs/simplicitystudio/v5/developer/toolchains/gnu_arm/12.2.rel1_2023.7/bin/../lib/gcc/arm-none-eabi/12.2.1/thumb/v8-m.main+fp/hard\libc_nano.a(libc_a-freer.o)
 .ARM.attributes
                0x00000cb0       0x38 c:/siliconlabs/simplicitystudio/v5/developer/toolchains/gnu_arm/12.2.rel1_2023.7/bin/../lib/gcc/arm-none-eabi/12.2.1/thumb/v8-m.main+fp/hard\libc_nano.a(libc_a-malloc.o)
 .ARM.attributes
                0x00000ce8       0x38 c:/siliconlabs/simplicitystudio/v5/developer/toolchains/gnu_arm/12.2.rel1_2023.7/bin/../lib/gcc/arm-none-eabi/12.2.1/thumb/v8-m.main+fp/hard\libc_nano.a(libc_a-mallocr.o)
 .ARM.attributes
                0x00000d20       0x38 c:/siliconlabs/simplicitystudio/v5/developer/toolchains/gnu_arm/12.2.rel1_2023.7/bin/../lib/gcc/arm-none-eabi/12.2.1/thumb/v8-m.main+fp/hard\libc_nano.a(libc_a-mlock.o)
 .ARM.attributes
                0x00000d58       0x38 c:/siliconlabs/simplicitystudio/v5/developer/toolchains/gnu_arm/12.2.rel1_2023.7/bin/../lib/gcc/arm-none-eabi/12.2.1/thumb/v8-m.main+fp/hard\libc_nano.a(libc_a-fflush.o)
 .ARM.attributes
                0x00000d90       0x38 c:/siliconlabs/simplicitystudio/v5/developer/toolchains/gnu_arm/12.2.rel1_2023.7/bin/../lib/gcc/arm-none-eabi/12.2.1/thumb/v8-m.main+fp/hard\libc_nano.a(libc_a-makebuf.o)
 .ARM.attributes
                0x00000dc8       0x38 c:/siliconlabs/simplicitystudio/v5/developer/toolchains/gnu_arm/12.2.rel1_2023.7/bin/../lib/gcc/arm-none-eabi/12.2.1/thumb/v8-m.main+fp/hard\libc_nano.a(libc_a-fstatr.o)
 .ARM.attributes
                0x00000e00       0x38 c:/siliconlabs/simplicitystudio/v5/developer/toolchains/gnu_arm/12.2.rel1_2023.7/bin/../lib/gcc/arm-none-eabi/12.2.1/thumb/v8-m.main+fp/hard\libc_nano.a(libc_a-sbrkr.o)
 .ARM.attributes
                0x00000e38       0x38 c:/siliconlabs/simplicitystudio/v5/developer/toolchains/gnu_arm/12.2.rel1_2023.7/bin/../lib/gcc/arm-none-eabi/12.2.1/thumb/v8-m.main+fp/hard/crtend.o
 .ARM.attributes
                0x00000e70       0x26 c:/siliconlabs/simplicitystudio/v5/developer/toolchains/gnu_arm/12.2.rel1_2023.7/bin/../lib/gcc/arm-none-eabi/12.2.1/thumb/v8-m.main+fp/hard/crtn.o

.comment        0x00000000       0x45
 .comment       0x00000000       0x45 ./BSP/bsp_usart.o
                                 0x46 (size before relaxing)
 .comment       0x00000045       0x46 ./app.o
 .comment       0x00000045       0x46 ./main.o
 .comment       0x00000045       0x46 ./autogen/sl_board_default_init.o
 .comment       0x00000045       0x46 ./autogen/sl_event_handler.o
 .comment       0x00000045       0x46 ./simplicity_sdk_2024.6.2/app/common/util/app_log/app_log.o
 .comment       0x00000045       0x46 ./simplicity_sdk_2024.6.2/hardware/board/src/sl_board_control_gpio.o
 .comment       0x00000045       0x46 ./simplicity_sdk_2024.6.2/hardware/board/src/sl_board_init.o
 .comment       0x00000045       0x46 ./simplicity_sdk_2024.6.2/hardware/driver/configuration_over_swo/src/sl_cos.o
 .comment       0x00000045       0x46 ./simplicity_sdk_2024.6.2/platform/Device/SiliconLabs/EFR32MG21/Source/startup_efr32mg21.o
 .comment       0x00000045       0x46 ./simplicity_sdk_2024.6.2/platform/Device/SiliconLabs/EFR32MG21/Source/system_efr32mg21.o
 .comment       0x00000045       0x46 ./simplicity_sdk_2024.6.2/platform/common/src/sl_assert.o
 .comment       0x00000045       0x46 ./simplicity_sdk_2024.6.2/platform/common/src/sl_core_cortexm.o
 .comment       0x00000045       0x46 ./simplicity_sdk_2024.6.2/platform/driver/debug/src/sl_debug_swo.o
 .comment       0x00000045       0x46 ./simplicity_sdk_2024.6.2/platform/emdrv/dmadrv/src/dmadrv.o
 .comment       0x00000045       0x46 ./simplicity_sdk_2024.6.2/platform/emlib/src/em_cmu.o
 .comment       0x00000045       0x46 ./simplicity_sdk_2024.6.2/platform/emlib/src/em_emu.o
 .comment       0x00000045       0x46 ./simplicity_sdk_2024.6.2/platform/emlib/src/em_gpio.o
 .comment       0x00000045       0x46 ./simplicity_sdk_2024.6.2/platform/emlib/src/em_rtcc.o
 .comment       0x00000045       0x46 ./simplicity_sdk_2024.6.2/platform/emlib/src/em_system.o
 .comment       0x00000045       0x46 ./simplicity_sdk_2024.6.2/platform/emlib/src/em_usart.o
 .comment       0x00000045       0x46 ./simplicity_sdk_2024.6.2/platform/service/clock_manager/src/sl_clock_manager.o
 .comment       0x00000045       0x46 ./simplicity_sdk_2024.6.2/platform/service/clock_manager/src/sl_clock_manager_hal_s2.o
 .comment       0x00000045       0x46 ./simplicity_sdk_2024.6.2/platform/service/clock_manager/src/sl_clock_manager_init.o
 .comment       0x00000045       0x46 ./simplicity_sdk_2024.6.2/platform/service/clock_manager/src/sl_clock_manager_init_hal_s2.o
 .comment       0x00000045       0x46 ./simplicity_sdk_2024.6.2/platform/service/device_init/src/sl_device_init_emu_s2.o
 .comment       0x00000045       0x46 ./simplicity_sdk_2024.6.2/platform/service/device_manager/devices/sl_device_peripheral_hal_efr32xg21.o
 .comment       0x00000045       0x46 ./simplicity_sdk_2024.6.2/platform/service/device_manager/src/sl_device_clock.o
 .comment       0x00000045       0x46 ./simplicity_sdk_2024.6.2/platform/service/interrupt_manager/src/sl_interrupt_manager_cortexm.o
 .comment       0x00000045       0x46 ./simplicity_sdk_2024.6.2/platform/service/iostream/src/sl_iostream.o
 .comment       0x00000045       0x46 ./simplicity_sdk_2024.6.2/platform/service/iostream/src/sl_iostream_retarget_stdio.o
 .comment       0x00000045       0x46 ./simplicity_sdk_2024.6.2/platform/service/iostream/src/sl_iostream_stdlib_config.o
 .comment       0x00000045       0x46 ./simplicity_sdk_2024.6.2/platform/service/memory_manager/src/sl_memory_manager_region.o
 .comment       0x00000045       0x46 ./simplicity_sdk_2024.6.2/platform/service/sleeptimer/src/sl_sleeptimer.o
 .comment       0x00000045       0x46 ./simplicity_sdk_2024.6.2/platform/service/sleeptimer/src/sl_sleeptimer_hal_rtcc.o
 .comment       0x00000045       0x46 ./simplicity_sdk_2024.6.2/platform/service/system/src/sl_system_init.o
 .comment       0x00000045       0x46 ./simplicity_sdk_2024.6.2/platform/service/system/src/sl_system_process_action.o

.debug_line_str
                0x00000000      0x1c0
 .debug_line_str
                0x00000000       0xe7 c:/siliconlabs/simplicitystudio/v5/developer/toolchains/gnu_arm/12.2.rel1_2023.7/bin/../lib/gcc/arm-none-eabi/12.2.1/thumb/v8-m.main+fp/hard/crt0.o
 .debug_line_str
                0x000000e7       0xcd c:/siliconlabs/simplicitystudio/v5/developer/toolchains/gnu_arm/12.2.rel1_2023.7/bin/../lib/gcc/arm-none-eabi/12.2.1/thumb/v8-m.main+fp/hard\libgcc.a(_aeabi_uldivmod.o)
 .debug_line_str
                0x000001b4        0xc c:/siliconlabs/simplicitystudio/v5/developer/toolchains/gnu_arm/12.2.rel1_2023.7/bin/../lib/gcc/arm-none-eabi/12.2.1/thumb/v8-m.main+fp/hard\libgcc.a(_dvmd_tls.o)
                                 0xd1 (size before relaxing)

.debug_info     0x00000000    0x28363
 .debug_info    0x00000000     0x1cd6 ./BSP/bsp_usart.o
 .debug_info    0x00001cd6      0x148 ./app.o
 .debug_info    0x00001e1e       0xa1 ./main.o
 .debug_info    0x00001ebf       0xc5 ./autogen/sl_board_default_init.o
 .debug_info    0x00001f84     0x1318 ./autogen/sl_event_handler.o
 .debug_info    0x0000329c      0x5e2 ./simplicity_sdk_2024.6.2/app/common/util/app_log/app_log.o
 .debug_info    0x0000387e      0x515 ./simplicity_sdk_2024.6.2/hardware/board/src/sl_board_control_gpio.o
 .debug_info    0x00003d93      0x13f ./simplicity_sdk_2024.6.2/hardware/board/src/sl_board_init.o
 .debug_info    0x00003ed2      0x4d5 ./simplicity_sdk_2024.6.2/hardware/driver/configuration_over_swo/src/sl_cos.o
 .debug_info    0x000043a7      0x435 ./simplicity_sdk_2024.6.2/platform/Device/SiliconLabs/EFR32MG21/Source/startup_efr32mg21.o
 .debug_info    0x000047dc     0x1f2e ./simplicity_sdk_2024.6.2/platform/Device/SiliconLabs/EFR32MG21/Source/system_efr32mg21.o
 .debug_info    0x0000670a       0x86 ./simplicity_sdk_2024.6.2/platform/common/src/sl_assert.o
 .debug_info    0x00006790      0x91a ./simplicity_sdk_2024.6.2/platform/common/src/sl_core_cortexm.o
 .debug_info    0x000070aa     0x1f05 ./simplicity_sdk_2024.6.2/platform/driver/debug/src/sl_debug_swo.o
 .debug_info    0x00008faf     0x1ec9 ./simplicity_sdk_2024.6.2/platform/emdrv/dmadrv/src/dmadrv.o
 .debug_info    0x0000ae78     0x6a33 ./simplicity_sdk_2024.6.2/platform/emlib/src/em_cmu.o
 .debug_info    0x000118ab     0x260b ./simplicity_sdk_2024.6.2/platform/emlib/src/em_emu.o
 .debug_info    0x00013eb6     0x1ea1 ./simplicity_sdk_2024.6.2/platform/emlib/src/em_gpio.o
 .debug_info    0x00015d57     0x2015 ./simplicity_sdk_2024.6.2/platform/emlib/src/em_rtcc.o
 .debug_info    0x00017d6c      0xec9 ./simplicity_sdk_2024.6.2/platform/emlib/src/em_system.o
 .debug_info    0x00018c35     0x3ec6 ./simplicity_sdk_2024.6.2/platform/emlib/src/em_usart.o
 .debug_info    0x0001cafb      0xb2e ./simplicity_sdk_2024.6.2/platform/service/clock_manager/src/sl_clock_manager.o
 .debug_info    0x0001d629     0x21f0 ./simplicity_sdk_2024.6.2/platform/service/clock_manager/src/sl_clock_manager_hal_s2.o
 .debug_info    0x0001f819       0xc9 ./simplicity_sdk_2024.6.2/platform/service/clock_manager/src/sl_clock_manager_init.o
 .debug_info    0x0001f8e2     0x1876 ./simplicity_sdk_2024.6.2/platform/service/clock_manager/src/sl_clock_manager_init_hal_s2.o
 .debug_info    0x00021158      0x89c ./simplicity_sdk_2024.6.2/platform/service/device_init/src/sl_device_init_emu_s2.o
 .debug_info    0x000219f4      0x697 ./simplicity_sdk_2024.6.2/platform/service/device_manager/devices/sl_device_peripheral_hal_efr32xg21.o
 .debug_info    0x0002208b      0xbe4 ./simplicity_sdk_2024.6.2/platform/service/device_manager/src/sl_device_clock.o
 .debug_info    0x00022c6f      0xe94 ./simplicity_sdk_2024.6.2/platform/service/interrupt_manager/src/sl_interrupt_manager_cortexm.o
 .debug_info    0x00023b03      0x656 ./simplicity_sdk_2024.6.2/platform/service/iostream/src/sl_iostream.o
 .debug_info    0x00024159      0x692 ./simplicity_sdk_2024.6.2/platform/service/iostream/src/sl_iostream_retarget_stdio.o
 .debug_info    0x000247eb      0x85b ./simplicity_sdk_2024.6.2/platform/service/iostream/src/sl_iostream_stdlib_config.o
 .debug_info    0x00025046      0x1e8 ./simplicity_sdk_2024.6.2/platform/service/memory_manager/src/sl_memory_manager_region.o
 .debug_info    0x0002522e     0x1a6d ./simplicity_sdk_2024.6.2/platform/service/sleeptimer/src/sl_sleeptimer.o
 .debug_info    0x00026c9b     0x158e ./simplicity_sdk_2024.6.2/platform/service/sleeptimer/src/sl_sleeptimer_hal_rtcc.o
 .debug_info    0x00028229       0xa7 ./simplicity_sdk_2024.6.2/platform/service/system/src/sl_system_init.o
 .debug_info    0x000282d0       0x93 ./simplicity_sdk_2024.6.2/platform/service/system/src/sl_system_process_action.o

.debug_abbrev   0x00000000     0x5108
 .debug_abbrev  0x00000000      0x205 ./BSP/bsp_usart.o
 .debug_abbrev  0x00000205       0xf1 ./app.o
 .debug_abbrev  0x000002f6       0x5d ./main.o
 .debug_abbrev  0x00000353       0x87 ./autogen/sl_board_default_init.o
 .debug_abbrev  0x000003da      0x257 ./autogen/sl_event_handler.o
 .debug_abbrev  0x00000631      0x2d2 ./simplicity_sdk_2024.6.2/app/common/util/app_log/app_log.o
 .debug_abbrev  0x00000903      0x198 ./simplicity_sdk_2024.6.2/hardware/board/src/sl_board_control_gpio.o
 .debug_abbrev  0x00000a9b       0xed ./simplicity_sdk_2024.6.2/hardware/board/src/sl_board_init.o
 .debug_abbrev  0x00000b88      0x20f ./simplicity_sdk_2024.6.2/hardware/driver/configuration_over_swo/src/sl_cos.o
 .debug_abbrev  0x00000d97      0x287 ./simplicity_sdk_2024.6.2/platform/Device/SiliconLabs/EFR32MG21/Source/startup_efr32mg21.o
 .debug_abbrev  0x0000101e      0x30d ./simplicity_sdk_2024.6.2/platform/Device/SiliconLabs/EFR32MG21/Source/system_efr32mg21.o
 .debug_abbrev  0x0000132b       0x6c ./simplicity_sdk_2024.6.2/platform/common/src/sl_assert.o
 .debug_abbrev  0x00001397      0x253 ./simplicity_sdk_2024.6.2/platform/common/src/sl_core_cortexm.o
 .debug_abbrev  0x000015ea      0x335 ./simplicity_sdk_2024.6.2/platform/driver/debug/src/sl_debug_swo.o
 .debug_abbrev  0x0000191f      0x3d2 ./simplicity_sdk_2024.6.2/platform/emdrv/dmadrv/src/dmadrv.o
 .debug_abbrev  0x00001cf1      0x53f ./simplicity_sdk_2024.6.2/platform/emlib/src/em_cmu.o
 .debug_abbrev  0x00002230      0x337 ./simplicity_sdk_2024.6.2/platform/emlib/src/em_emu.o
 .debug_abbrev  0x00002567      0x334 ./simplicity_sdk_2024.6.2/platform/emlib/src/em_gpio.o
 .debug_abbrev  0x0000289b      0x27b ./simplicity_sdk_2024.6.2/platform/emlib/src/em_rtcc.o
 .debug_abbrev  0x00002b16      0x2aa ./simplicity_sdk_2024.6.2/platform/emlib/src/em_system.o
 .debug_abbrev  0x00002dc0      0x33a ./simplicity_sdk_2024.6.2/platform/emlib/src/em_usart.o
 .debug_abbrev  0x000030fa      0x1ba ./simplicity_sdk_2024.6.2/platform/service/clock_manager/src/sl_clock_manager.o
 .debug_abbrev  0x000032b4      0x3ec ./simplicity_sdk_2024.6.2/platform/service/clock_manager/src/sl_clock_manager_hal_s2.o
 .debug_abbrev  0x000036a0       0x89 ./simplicity_sdk_2024.6.2/platform/service/clock_manager/src/sl_clock_manager_init.o
 .debug_abbrev  0x00003729      0x29a ./simplicity_sdk_2024.6.2/platform/service/clock_manager/src/sl_clock_manager_init_hal_s2.o
 .debug_abbrev  0x000039c3      0x14b ./simplicity_sdk_2024.6.2/platform/service/device_init/src/sl_device_init_emu_s2.o
 .debug_abbrev  0x00003b0e       0xc5 ./simplicity_sdk_2024.6.2/platform/service/device_manager/devices/sl_device_peripheral_hal_efr32xg21.o
 .debug_abbrev  0x00003bd3       0x69 ./simplicity_sdk_2024.6.2/platform/service/device_manager/src/sl_device_clock.o
 .debug_abbrev  0x00003c3c      0x355 ./simplicity_sdk_2024.6.2/platform/service/interrupt_manager/src/sl_interrupt_manager_cortexm.o
 .debug_abbrev  0x00003f91      0x2a5 ./simplicity_sdk_2024.6.2/platform/service/iostream/src/sl_iostream.o
 .debug_abbrev  0x00004236      0x1f9 ./simplicity_sdk_2024.6.2/platform/service/iostream/src/sl_iostream_retarget_stdio.o
 .debug_abbrev  0x0000442f      0x188 ./simplicity_sdk_2024.6.2/platform/service/iostream/src/sl_iostream_stdlib_config.o
 .debug_abbrev  0x000045b7      0x11e ./simplicity_sdk_2024.6.2/platform/service/memory_manager/src/sl_memory_manager_region.o
 .debug_abbrev  0x000046d5      0x4bf ./simplicity_sdk_2024.6.2/platform/service/sleeptimer/src/sl_sleeptimer.o
 .debug_abbrev  0x00004b94      0x4bc ./simplicity_sdk_2024.6.2/platform/service/sleeptimer/src/sl_sleeptimer_hal_rtcc.o
 .debug_abbrev  0x00005050       0x5c ./simplicity_sdk_2024.6.2/platform/service/system/src/sl_system_init.o
 .debug_abbrev  0x000050ac       0x5c ./simplicity_sdk_2024.6.2/platform/service/system/src/sl_system_process_action.o

.debug_loc      0x00000000     0xb875
 .debug_loc     0x00000000       0xbd ./BSP/bsp_usart.o
 .debug_loc     0x000000bd       0x20 ./app.o
 .debug_loc     0x000000dd       0x20 ./main.o
 .debug_loc     0x000000fd      0x17e ./autogen/sl_event_handler.o
 .debug_loc     0x0000027b      0x29f ./simplicity_sdk_2024.6.2/app/common/util/app_log/app_log.o
 .debug_loc     0x0000051a      0x24a ./simplicity_sdk_2024.6.2/hardware/board/src/sl_board_control_gpio.o
 .debug_loc     0x00000764       0x2c ./simplicity_sdk_2024.6.2/hardware/board/src/sl_board_init.o
 .debug_loc     0x00000790      0x31e ./simplicity_sdk_2024.6.2/hardware/driver/configuration_over_swo/src/sl_cos.o
 .debug_loc     0x00000aae      0x18c ./simplicity_sdk_2024.6.2/platform/Device/SiliconLabs/EFR32MG21/Source/startup_efr32mg21.o
 .debug_loc     0x00000c3a      0x17b ./simplicity_sdk_2024.6.2/platform/Device/SiliconLabs/EFR32MG21/Source/system_efr32mg21.o
 .debug_loc     0x00000db5       0x2a ./simplicity_sdk_2024.6.2/platform/common/src/sl_assert.o
 .debug_loc     0x00000ddf      0x141 ./simplicity_sdk_2024.6.2/platform/common/src/sl_core_cortexm.o
 .debug_loc     0x00000f20      0x229 ./simplicity_sdk_2024.6.2/platform/driver/debug/src/sl_debug_swo.o
 .debug_loc     0x00001149     0x1105 ./simplicity_sdk_2024.6.2/platform/emdrv/dmadrv/src/dmadrv.o
 .debug_loc     0x0000224e     0x3936 ./simplicity_sdk_2024.6.2/platform/emlib/src/em_cmu.o
 .debug_loc     0x00005b84      0x348 ./simplicity_sdk_2024.6.2/platform/emlib/src/em_emu.o
 .debug_loc     0x00005ecc      0x8b9 ./simplicity_sdk_2024.6.2/platform/emlib/src/em_gpio.o
 .debug_loc     0x00006785      0x13a ./simplicity_sdk_2024.6.2/platform/emlib/src/em_rtcc.o
 .debug_loc     0x000068bf      0x160 ./simplicity_sdk_2024.6.2/platform/emlib/src/em_system.o
 .debug_loc     0x00006a1f      0xa32 ./simplicity_sdk_2024.6.2/platform/emlib/src/em_usart.o
 .debug_loc     0x00007451      0x603 ./simplicity_sdk_2024.6.2/platform/service/clock_manager/src/sl_clock_manager.o
 .debug_loc     0x00007a54     0x10e9 ./simplicity_sdk_2024.6.2/platform/service/clock_manager/src/sl_clock_manager_hal_s2.o
 .debug_loc     0x00008b3d       0xda ./simplicity_sdk_2024.6.2/platform/service/clock_manager/src/sl_clock_manager_init_hal_s2.o
 .debug_loc     0x00008c17       0x2c ./simplicity_sdk_2024.6.2/platform/service/device_init/src/sl_device_init_emu_s2.o
 .debug_loc     0x00008c43      0x476 ./simplicity_sdk_2024.6.2/platform/service/interrupt_manager/src/sl_interrupt_manager_cortexm.o
 .debug_loc     0x000090b9      0x5fe ./simplicity_sdk_2024.6.2/platform/service/iostream/src/sl_iostream.o
 .debug_loc     0x000096b7      0x217 ./simplicity_sdk_2024.6.2/platform/service/iostream/src/sl_iostream_retarget_stdio.o
 .debug_loc     0x000098ce       0xa9 ./simplicity_sdk_2024.6.2/platform/service/memory_manager/src/sl_memory_manager_region.o
 .debug_loc     0x00009977     0x1982 ./simplicity_sdk_2024.6.2/platform/service/sleeptimer/src/sl_sleeptimer.o
 .debug_loc     0x0000b2f9      0x524 ./simplicity_sdk_2024.6.2/platform/service/sleeptimer/src/sl_sleeptimer_hal_rtcc.o
 .debug_loc     0x0000b81d       0x2c ./simplicity_sdk_2024.6.2/platform/service/system/src/sl_system_init.o
 .debug_loc     0x0000b849       0x2c ./simplicity_sdk_2024.6.2/platform/service/system/src/sl_system_process_action.o

.debug_aranges  0x00000000      0xf08
 .debug_aranges
                0x00000000       0x30 ./BSP/bsp_usart.o
 .debug_aranges
                0x00000030       0x28 ./app.o
 .debug_aranges
                0x00000058       0x20 ./main.o
 .debug_aranges
                0x00000078       0x20 ./autogen/sl_board_default_init.o
 .debug_aranges
                0x00000098       0x68 ./autogen/sl_event_handler.o
 .debug_aranges
                0x00000100       0x88 ./simplicity_sdk_2024.6.2/app/common/util/app_log/app_log.o
 .debug_aranges
                0x00000188       0x70 ./simplicity_sdk_2024.6.2/hardware/board/src/sl_board_control_gpio.o
 .debug_aranges
                0x000001f8       0x28 ./simplicity_sdk_2024.6.2/hardware/board/src/sl_board_init.o
 .debug_aranges
                0x00000220       0x38 ./simplicity_sdk_2024.6.2/hardware/driver/configuration_over_swo/src/sl_cos.o
 .debug_aranges
                0x00000258       0x38 ./simplicity_sdk_2024.6.2/platform/Device/SiliconLabs/EFR32MG21/Source/startup_efr32mg21.o
 .debug_aranges
                0x00000290       0x90 ./simplicity_sdk_2024.6.2/platform/Device/SiliconLabs/EFR32MG21/Source/system_efr32mg21.o
 .debug_aranges
                0x00000320       0x20 ./simplicity_sdk_2024.6.2/platform/common/src/sl_assert.o
 .debug_aranges
                0x00000340       0x98 ./simplicity_sdk_2024.6.2/platform/common/src/sl_core_cortexm.o
 .debug_aranges
                0x000003d8       0x48 ./simplicity_sdk_2024.6.2/platform/driver/debug/src/sl_debug_swo.o
 .debug_aranges
                0x00000420       0xa8 ./simplicity_sdk_2024.6.2/platform/emdrv/dmadrv/src/dmadrv.o
 .debug_aranges
                0x000004c8      0x1b8 ./simplicity_sdk_2024.6.2/platform/emlib/src/em_cmu.o
 .debug_aranges
                0x00000680       0xc0 ./simplicity_sdk_2024.6.2/platform/emlib/src/em_emu.o
 .debug_aranges
                0x00000740       0x68 ./simplicity_sdk_2024.6.2/platform/emlib/src/em_gpio.o
 .debug_aranges
                0x000007a8       0x48 ./simplicity_sdk_2024.6.2/platform/emlib/src/em_rtcc.o
 .debug_aranges
                0x000007f0       0x78 ./simplicity_sdk_2024.6.2/platform/emlib/src/em_system.o
 .debug_aranges